------------Usage Stats-------------


NEW DATA 1616397492122
usb_current 129105
usb_voltage 5062500
battery_current 0
battery_voltage 4362537

system status
cpu  1041670 46082 1167613 1319158 20340 30394 21159 0 0 0
cpu0 111205 8402 122491 192302 4505 9921 5950 0 0 0
cpu1 110508 9032 117790 203192 4609 4637 3094 0 0 0
cpu2 107235 9357 116047 207346 4803 4585 2970 0 0 0
cpu3 106992 9001 116784 204183 4984 6434 4243 0 0 0
cpu4 151479 3113 169784 131407 385 1263 1377 0 0 0
cpu5 150773 2919 168665 133942 281 1142 1165 0 0 0
cpu6 152942 2743 173295 125048 427 1222 1206 0 0 0
cpu7 150531 1511 182752 121735 341 1187 1150 0 0 0
intr 41443591 0 0 0 0 3044754 0 226450 0 5247 0 0 0 0 45 35 0 1 0 2 0 2 0 2 0 2 3 0 0 2 1 0 0 37645 31862 0 31556 0 0 0 0 0 0 0 0 0 0 0 0 0 5410050 542515 9 0 0 1635 0 0 0 0 0 533 0 1438 537 11 11 0 5 0 0 0 0 0 0 0 0 0 0 0 0 0 0 0 0 0 0 0 0 0 0 0 0 0 0 0 0 0 0 0 0 0 0 0 0 0 7 222 6 1 14188 359 0 0 0 0 0 0 0 15253 0 0 0 0 0 0 0 0 0 0 0 0 0 0 0 0 0 0 0 0 0 0 0 0 0 0 0 0 0 0 0 0 0 0 0 0 0 0 0 0 0 0 0 0 0 0 0 0 0 0 0 0 0 0 0 0 0 0 0 0 0 0 0 0 0 0 0 0 0 0 0 0 0 0 0 0 0 0 0 0 0 0 0 0 0 0 0 0 0 0 0 0 0 0 0 0 0 0 0 0 0 0 0 0 0 0 0 0 0 0 0 0 1 0 0 0 0 0 0 0 116 0 0 0 0 0 0 0 0 0 0 0 0 0 0 0 0 0 0 0 0 0 0 0 0 0 0 0 0 0 0 0 0 0 0 0 0 0 0 0 0 0 0 0 0 0 0 0 0 0 0 0 0 0 0 0 0 0 0 0 0 0 0 0 0 0 0 0 0 0 0 0 0 0 0 0 0 0 0 0 0 0 0 0 0 0 0 0 0 0 0 0 0 0 0 0 0 0 0 0 0 0 0 0 0 0 0 0 0 0 0 0 0 6 4 10 4 0 0 0 0 0 0 0 0 0 0 0 0 0 0 0 0 0 0 0 0 0 0 0 0 0 0 0 0 0 0 0 0 0 0 0 0 0 0 0 0 0 0 0 0 0 0 0 0 0 0 0 0 0 0 0 0 0 0 0 0 0 0 0 0 0 0 0 0 0 0 0 0 0 0 0 0 0 0 0 0 0 0 0 5453 17 3 0 0 980 10893 0 0 0 42 0 1 0 0 0 0 0 0 6003 0 0 0 0 0 0 0 0 0 0 0 0 13885 1 0 1 0 0 1 0 1 0 1 0 1 0 1 0 1 0 0 1 0 4 2 0 0 0 0 0 0 0 2217 14 0 0 0 0 0 0 0 0 0 0 0 25237 0 1 0 92 98 0 0 0 0 0 0 0 0 0 0 0 0 0 0 0 0 0 0 0 0 0 4 0 0 0 0 0 0 0 0 0 0 0 141589 0 0 0 0 0 0 0 0 0 0 0 0 0 0 4 0 0 26 0 0 0 0 0 2591 0 0 0 10 0 0 0 0 0 0 0 0 27 675 0 2 22 0 0 0 0 0 0 42 2 2 0 2 0 7 177 0 0 0 0 0 0 0 0 0 2 0 0 0 0 0 562 280 0 71 0 0 0 0 259 375 2743 6085 0 0 0 0 0 0 0 0 0 0 0 0 0 0 0 0 0 0 0 0 0 0 0 0 0 0 0 0 0 0 0 0 3740 0 0
ctxt 55591679
btime 1616392896
processes 364734
procs_running 1
procs_blocked 0
softirq 12399926 0 2434247 447 111 5070263 0 572230 2034907 0 2287721
MemTotal:        5647900 kB
MemFree:         2570964 kB
MemAvailable:    4054100 kB
Buffers:            8116 kB
Cached:          1831852 kB
SwapCached:        11748 kB
Active:           456864 kB
Inactive:        1689144 kB
Active(anon):     308036 kB
Inactive(anon):    61820 kB
Active(file):     148828 kB
Inactive(file):  1627324 kB
Unevictable:       62276 kB
Mlocked:           62276 kB
SwapTotal:       2097148 kB
SwapFree:        1684936 kB
Dirty:               168 kB
Writeback:             0 kB
AnonPages:        363988 kB
Mapped:           412404 kB
Shmem:              1992 kB
Slab:             200360 kB
SReclaimable:      53092 kB
SUnreclaim:       147268 kB
KernelStack:       34388 kB
PageTables:        35916 kB
NFS_Unstable:          0 kB
Bounce:                0 kB
WritebackTmp:          0 kB
CommitLimit:     4921096 kB
Committed_AS:   40976424 kB
VmallocTotal:   263061440 kB
VmallocUsed:           0 kB
VmallocChunk:          0 kB
CmaTotal:         303104 kB
CmaFree:          201280 kB

END


NEW DATA 1616397492171
usb_current 128460
usb_voltage 5063274
battery_current 0
battery_voltage 4362537

system status
cpu  1041671 46082 1167617 1319192 20340 30394 21159 0 0 0
cpu0 111205 8402 122491 192307 4505 9921 5950 0 0 0
cpu1 110508 9032 117790 203197 4609 4637 3094 0 0 0
cpu2 107235 9357 116047 207350 4803 4585 2970 0 0 0
cpu3 106992 9001 116784 204188 4984 6434 4243 0 0 0
cpu4 151479 3113 169785 131410 385 1263 1377 0 0 0
cpu5 150773 2919 168667 133945 281 1142 1165 0 0 0
cpu6 152943 2743 173296 125051 427 1222 1206 0 0 0
cpu7 150531 1511 182752 121739 341 1187 1150 0 0 0
intr 41443795 0 0 0 0 3044779 0 226450 0 5247 0 0 0 0 45 35 0 1 0 2 0 2 0 2 0 2 3 0 0 2 1 0 0 37646 31862 0 31556 0 0 0 0 0 0 0 0 0 0 0 0 0 5410051 542525 9 0 0 1635 0 0 0 0 0 533 0 1438 537 11 11 0 5 0 0 0 0 0 0 0 0 0 0 0 0 0 0 0 0 0 0 0 0 0 0 0 0 0 0 0 0 0 0 0 0 0 0 0 0 0 7 222 6 1 14188 359 0 0 0 0 0 0 0 15253 0 0 0 0 0 0 0 0 0 0 0 0 0 0 0 0 0 0 0 0 0 0 0 0 0 0 0 0 0 0 0 0 0 0 0 0 0 0 0 0 0 0 0 0 0 0 0 0 0 0 0 0 0 0 0 0 0 0 0 0 0 0 0 0 0 0 0 0 0 0 0 0 0 0 0 0 0 0 0 0 0 0 0 0 0 0 0 0 0 0 0 0 0 0 0 0 0 0 0 0 0 0 0 0 0 0 0 0 0 0 0 0 1 0 0 0 0 0 0 0 116 0 0 0 0 0 0 0 0 0 0 0 0 0 0 0 0 0 0 0 0 0 0 0 0 0 0 0 0 0 0 0 0 0 0 0 0 0 0 0 0 0 0 0 0 0 0 0 0 0 0 0 0 0 0 0 0 0 0 0 0 0 0 0 0 0 0 0 0 0 0 0 0 0 0 0 0 0 0 0 0 0 0 0 0 0 0 0 0 0 0 0 0 0 0 0 0 0 0 0 0 0 0 0 0 0 0 0 0 0 0 0 0 6 4 10 4 0 0 0 0 0 0 0 0 0 0 0 0 0 0 0 0 0 0 0 0 0 0 0 0 0 0 0 0 0 0 0 0 0 0 0 0 0 0 0 0 0 0 0 0 0 0 0 0 0 0 0 0 0 0 0 0 0 0 0 0 0 0 0 0 0 0 0 0 0 0 0 0 0 0 0 0 0 0 0 0 0 0 0 5453 17 3 0 0 980 10893 0 0 0 42 0 1 0 0 0 0 0 0 6003 0 0 0 0 0 0 0 0 0 0 0 0 13885 1 0 1 0 0 1 0 1 0 1 0 1 0 1 0 1 0 0 1 0 4 2 0 0 0 0 0 0 0 2217 14 0 0 0 0 0 0 0 0 0 0 0 25239 0 1 0 92 98 0 0 0 0 0 0 0 0 0 0 0 0 0 0 0 0 0 0 0 0 0 4 0 0 0 0 0 0 0 0 0 0 0 141589 0 0 0 0 0 0 0 0 0 0 0 0 0 0 4 0 0 26 0 0 0 0 0 2591 0 0 0 10 0 0 0 0 0 0 0 0 27 675 0 2 22 0 0 0 0 0 0 42 2 2 0 2 0 7 177 0 0 0 0 0 0 0 0 0 2 0 0 0 0 0 562 280 0 71 0 0 0 0 259 375 2743 6085 0 0 0 0 0 0 0 0 0 0 0 0 0 0 0 0 0 0 0 0 0 0 0 0 0 0 0 0 0 0 0 0 3740 0 0
ctxt 55591911
btime 1616392896
processes 364743
procs_running 1
procs_blocked 0
softirq 12399977 0 2434260 447 111 5070263 0 572240 2034921 0 2287735
MemTotal:        5647900 kB
MemFree:         2570716 kB
MemAvailable:    4054072 kB
Buffers:            8116 kB
Cached:          1831888 kB
SwapCached:        11748 kB
Active:           456952 kB
Inactive:        1689264 kB
Active(anon):     308024 kB
Inactive(anon):    61820 kB
Active(file):     148928 kB
Inactive(file):  1627444 kB
Unevictable:       62276 kB
Mlocked:           62276 kB
SwapTotal:       2097148 kB
SwapFree:        1684936 kB
Dirty:               172 kB
Writeback:             0 kB
AnonPages:        364204 kB
Mapped:           412404 kB
Shmem:              1992 kB
Slab:             200360 kB
SReclaimable:      53092 kB
SUnreclaim:       147268 kB
KernelStack:       34400 kB
PageTables:        35964 kB
NFS_Unstable:          0 kB
Bounce:                0 kB
WritebackTmp:          0 kB
CommitLimit:     4921096 kB
Committed_AS:   40976424 kB
VmallocTotal:   263061440 kB
VmallocUsed:           0 kB
VmallocChunk:          0 kB
CmaTotal:         303104 kB
CmaFree:          201280 kB

END


NEW DATA 1616397492220
usb_current 372400
usb_voltage 4914960
battery_current 0
battery_voltage 4362537

system status
cpu  1041677 46084 1167619 1319222 20340 30394 21159 0 0 0
cpu0 111205 8403 122491 192311 4505 9921 5950 0 0 0
cpu1 110508 9032 117790 203202 4609 4637 3094 0 0 0
cpu2 107235 9357 116047 207356 4803 4585 2970 0 0 0
cpu3 106992 9001 116784 204193 4984 6434 4243 0 0 0
cpu4 151480 3113 169785 131414 385 1263 1377 0 0 0
cpu5 150776 2919 168668 133947 281 1142 1165 0 0 0
cpu6 152945 2743 173297 125054 427 1222 1206 0 0 0
cpu7 150531 1512 182752 121742 341 1187 1150 0 0 0
intr 41444061 0 0 0 0 3044807 0 226450 0 5247 0 0 0 0 45 35 0 1 0 2 0 2 0 2 0 2 3 0 0 2 1 0 0 37648 31865 0 31556 0 0 0 0 0 0 0 0 0 0 0 0 0 5410051 542545 9 0 0 1635 0 0 0 0 0 533 0 1438 537 11 11 0 5 0 0 0 0 0 0 0 0 0 0 0 0 0 0 0 0 0 0 0 0 0 0 0 0 0 0 0 0 0 0 0 0 0 0 0 0 0 7 222 6 1 14188 359 0 0 0 0 0 0 0 15253 0 0 0 0 0 0 0 0 0 0 0 0 0 0 0 0 0 0 0 0 0 0 0 0 0 0 0 0 0 0 0 0 0 0 0 0 0 0 0 0 0 0 0 0 0 0 0 0 0 0 0 0 0 0 0 0 0 0 0 0 0 0 0 0 0 0 0 0 0 0 0 0 0 0 0 0 0 0 0 0 0 0 0 0 0 0 0 0 0 0 0 0 0 0 0 0 0 0 0 0 0 0 0 0 0 0 0 0 0 0 0 0 1 0 0 0 0 0 0 0 116 0 0 0 0 0 0 0 0 0 0 0 0 0 0 0 0 0 0 0 0 0 0 0 0 0 0 0 0 0 0 0 0 0 0 0 0 0 0 0 0 0 0 0 0 0 0 0 0 0 0 0 0 0 0 0 0 0 0 0 0 0 0 0 0 0 0 0 0 0 0 0 0 0 0 0 0 0 0 0 0 0 0 0 0 0 0 0 0 0 0 0 0 0 0 0 0 0 0 0 0 0 0 0 0 0 0 0 0 0 0 0 0 6 4 10 4 0 0 0 0 0 0 0 0 0 0 0 0 0 0 0 0 0 0 0 0 0 0 0 0 0 0 0 0 0 0 0 0 0 0 0 0 0 0 0 0 0 0 0 0 0 0 0 0 0 0 0 0 0 0 0 0 0 0 0 0 0 0 0 0 0 0 0 0 0 0 0 0 0 0 0 0 0 0 0 0 0 0 0 5453 17 3 0 0 980 10893 0 0 0 42 0 1 0 0 0 0 0 0 6003 0 0 0 0 0 0 0 0 0 0 0 0 13885 1 0 1 0 0 1 0 1 0 1 0 1 0 1 0 1 0 0 1 0 4 2 0 0 0 0 0 0 0 2217 14 0 0 0 0 0 0 0 0 0 0 0 25241 0 1 0 92 98 0 0 0 0 0 0 0 0 0 0 0 0 0 0 0 0 0 0 0 0 0 4 0 0 0 0 0 0 0 0 0 0 0 141589 0 0 0 0 0 0 0 0 0 0 0 0 0 0 4 0 0 26 0 0 0 0 0 2591 0 0 0 10 0 0 0 0 0 0 0 0 27 675 0 2 22 0 0 0 0 0 0 42 2 2 0 2 0 7 177 0 0 0 0 0 0 0 0 0 2 0 0 0 0 0 562 280 0 71 0 0 0 0 259 375 2743 6085 0 0 0 0 0 0 0 0 0 0 0 0 0 0 0 0 0 0 0 0 0 0 0 0 0 0 0 0 0 0 0 0 3740 0 0
ctxt 55592185
btime 1616392896
processes 364752
procs_running 2
procs_blocked 0
softirq 12400047 0 2434277 447 111 5070263 0 572260 2034938 0 2287751
MemTotal:        5647900 kB
MemFree:         2563228 kB
MemAvailable:    4071856 kB
Buffers:            8116 kB
Cached:          1831892 kB
SwapCached:        11748 kB
Active:           456744 kB
Inactive:        1689264 kB
Active(anon):     307816 kB
Inactive(anon):    61816 kB
Active(file):     148928 kB
Inactive(file):  1627448 kB
Unevictable:       62276 kB
Mlocked:           62276 kB
SwapTotal:       2097148 kB
SwapFree:        1684952 kB
Dirty:               176 kB
Writeback:             0 kB
AnonPages:        364008 kB
Mapped:           412600 kB
Shmem:              1992 kB
Slab:             200356 kB
SReclaimable:      53092 kB
SUnreclaim:       147264 kB
KernelStack:       34400 kB
PageTables:        35984 kB
NFS_Unstable:          0 kB
Bounce:                0 kB
WritebackTmp:          0 kB
CommitLimit:     4921096 kB
Committed_AS:   40976424 kB
VmallocTotal:   263061440 kB
VmallocUsed:           0 kB
VmallocChunk:          0 kB
CmaTotal:         303104 kB
CmaFree:          201344 kB

END


NEW DATA 1616397492271
usb_current 135920
usb_voltage 5062884
battery_current 0
battery_voltage 4362537

system status
cpu  1041679 46084 1167622 1319255 20340 30395 21159 0 0 0
cpu0 111205 8403 122491 192316 4505 9921 5950 0 0 0
cpu1 110508 9032 117790 203207 4609 4637 3094 0 0 0
cpu2 107235 9357 116047 207360 4803 4585 2970 0 0 0
cpu3 106992 9001 116784 204198 4984 6434 4243 0 0 0
cpu4 151480 3113 169785 131418 385 1263 1377 0 0 0
cpu5 150777 2919 168670 133951 281 1142 1165 0 0 0
cpu6 152945 2743 173298 125056 427 1222 1206 0 0 0
cpu7 150532 1512 182752 121746 341 1187 1150 0 0 0
intr 41444264 0 0 0 0 3044824 0 226450 0 5247 0 0 0 0 45 35 0 1 0 2 0 2 0 2 0 2 3 0 0 2 1 0 0 37650 31866 0 31556 0 0 0 0 0 0 0 0 0 0 0 0 0 5410051 542560 9 0 0 1635 0 0 0 0 0 533 0 1438 537 11 11 0 5 0 0 0 0 0 0 0 0 0 0 0 0 0 0 0 0 0 0 0 0 0 0 0 0 0 0 0 0 0 0 0 0 0 0 0 0 0 7 222 6 1 14188 359 0 0 0 0 0 0 0 15253 0 0 0 0 0 0 0 0 0 0 0 0 0 0 0 0 0 0 0 0 0 0 0 0 0 0 0 0 0 0 0 0 0 0 0 0 0 0 0 0 0 0 0 0 0 0 0 0 0 0 0 0 0 0 0 0 0 0 0 0 0 0 0 0 0 0 0 0 0 0 0 0 0 0 0 0 0 0 0 0 0 0 0 0 0 0 0 0 0 0 0 0 0 0 0 0 0 0 0 0 0 0 0 0 0 0 0 0 0 0 0 0 1 0 0 0 0 0 0 0 116 0 0 0 0 0 0 0 0 0 0 0 0 0 0 0 0 0 0 0 0 0 0 0 0 0 0 0 0 0 0 0 0 0 0 0 0 0 0 0 0 0 0 0 0 0 0 0 0 0 0 0 0 0 0 0 0 0 0 0 0 0 0 0 0 0 0 0 0 0 0 0 0 0 0 0 0 0 0 0 0 0 0 0 0 0 0 0 0 0 0 0 0 0 0 0 0 0 0 0 0 0 0 0 0 0 0 0 0 0 0 0 0 6 4 10 4 0 0 0 0 0 0 0 0 0 0 0 0 0 0 0 0 0 0 0 0 0 0 0 0 0 0 0 0 0 0 0 0 0 0 0 0 0 0 0 0 0 0 0 0 0 0 0 0 0 0 0 0 0 0 0 0 0 0 0 0 0 0 0 0 0 0 0 0 0 0 0 0 0 0 0 0 0 0 0 0 0 0 0 5453 17 3 0 0 980 10893 0 0 0 42 0 1 0 0 0 0 0 0 6003 0 0 0 0 0 0 0 0 0 0 0 0 13885 1 0 1 0 0 1 0 1 0 1 0 1 0 1 0 1 0 0 1 0 4 2 0 0 0 0 0 0 0 2217 14 0 0 0 0 0 0 0 0 0 0 0 25243 0 1 0 92 98 0 0 0 0 0 0 0 0 0 0 0 0 0 0 0 0 0 0 0 0 0 4 0 0 0 0 0 0 0 0 0 0 0 141589 0 0 0 0 0 0 0 0 0 0 0 0 0 0 4 0 0 26 0 0 0 0 0 2591 0 0 0 10 0 0 0 0 0 0 0 0 27 675 0 2 22 0 0 0 0 0 0 42 2 2 0 2 0 7 177 0 0 0 0 0 0 0 0 0 2 0 0 0 0 0 562 280 0 71 0 0 0 0 259 375 2743 6085 0 0 0 0 0 0 0 0 0 0 0 0 0 0 0 0 0 0 0 0 0 0 0 0 0 0 0 0 0 0 0 0 3740 0 0
ctxt 55592388
btime 1616392896
processes 364761
procs_running 1
procs_blocked 0
softirq 12400095 0 2434288 447 111 5070263 0 572275 2034949 0 2287762
MemTotal:        5647900 kB
MemFree:         2563352 kB
MemAvailable:    4071980 kB
Buffers:            8116 kB
Cached:          1831892 kB
SwapCached:        11748 kB
Active:           456712 kB
Inactive:        1689264 kB
Active(anon):     307784 kB
Inactive(anon):    61816 kB
Active(file):     148928 kB
Inactive(file):  1627448 kB
Unevictable:       62276 kB
Mlocked:           62276 kB
SwapTotal:       2097148 kB
SwapFree:        1684952 kB
Dirty:               176 kB
Writeback:             0 kB
AnonPages:        363924 kB
Mapped:           412404 kB
Shmem:              1992 kB
Slab:             200360 kB
SReclaimable:      53092 kB
SUnreclaim:       147268 kB
KernelStack:       34400 kB
PageTables:        35984 kB
NFS_Unstable:          0 kB
Bounce:                0 kB
WritebackTmp:          0 kB
CommitLimit:     4921096 kB
Committed_AS:   40973668 kB
VmallocTotal:   263061440 kB
VmallocUsed:           0 kB
VmallocChunk:          0 kB
CmaTotal:         303104 kB
CmaFree:          201344 kB

END


NEW DATA 1616397492318
usb_current 130080
usb_voltage 5062500
battery_current 0
battery_voltage 4362537

system status
cpu  1041682 46084 1167624 1319289 20340 30395 21159 0 0 0
cpu0 111205 8403 122491 192321 4505 9921 5950 0 0 0
cpu1 110508 9032 117790 203212 4609 4637 3094 0 0 0
cpu2 107235 9357 116047 207365 4803 4585 2970 0 0 0
cpu3 106992 9001 116784 204202 4984 6434 4243 0 0 0
cpu4 151481 3113 169785 131421 385 1263 1377 0 0 0
cpu5 150777 2919 168670 133955 281 1142 1165 0 0 0
cpu6 152946 2743 173299 125059 427 1222 1206 0 0 0
cpu7 150533 1512 182753 121750 341 1187 1150 0 0 0
intr 41444426 0 0 0 0 3044840 0 226450 0 5247 0 0 0 0 45 35 0 1 0 2 0 2 0 2 0 2 3 0 0 2 1 0 0 37650 31866 0 31556 0 0 0 0 0 0 0 0 0 0 0 0 0 5410051 542570 9 0 0 1635 0 0 0 0 0 533 0 1438 537 11 11 0 5 0 0 0 0 0 0 0 0 0 0 0 0 0 0 0 0 0 0 0 0 0 0 0 0 0 0 0 0 0 0 0 0 0 0 0 0 0 7 222 6 1 14188 359 0 0 0 0 0 0 0 15253 0 0 0 0 0 0 0 0 0 0 0 0 0 0 0 0 0 0 0 0 0 0 0 0 0 0 0 0 0 0 0 0 0 0 0 0 0 0 0 0 0 0 0 0 0 0 0 0 0 0 0 0 0 0 0 0 0 0 0 0 0 0 0 0 0 0 0 0 0 0 0 0 0 0 0 0 0 0 0 0 0 0 0 0 0 0 0 0 0 0 0 0 0 0 0 0 0 0 0 0 0 0 0 0 0 0 0 0 0 0 0 0 1 0 0 0 0 0 0 0 116 0 0 0 0 0 0 0 0 0 0 0 0 0 0 0 0 0 0 0 0 0 0 0 0 0 0 0 0 0 0 0 0 0 0 0 0 0 0 0 0 0 0 0 0 0 0 0 0 0 0 0 0 0 0 0 0 0 0 0 0 0 0 0 0 0 0 0 0 0 0 0 0 0 0 0 0 0 0 0 0 0 0 0 0 0 0 0 0 0 0 0 0 0 0 0 0 0 0 0 0 0 0 0 0 0 0 0 0 0 0 0 0 6 4 10 4 0 0 0 0 0 0 0 0 0 0 0 0 0 0 0 0 0 0 0 0 0 0 0 0 0 0 0 0 0 0 0 0 0 0 0 0 0 0 0 0 0 0 0 0 0 0 0 0 0 0 0 0 0 0 0 0 0 0 0 0 0 0 0 0 0 0 0 0 0 0 0 0 0 0 0 0 0 0 0 0 0 0 0 5453 17 3 0 0 980 10893 0 0 0 42 0 1 0 0 0 0 0 0 6003 0 0 0 0 0 0 0 0 0 0 0 0 13885 1 0 1 0 0 1 0 1 0 1 0 1 0 1 0 1 0 0 1 0 4 2 0 0 0 0 0 0 0 2217 14 0 0 0 0 0 0 0 0 0 0 0 25245 0 1 0 92 98 0 0 0 0 0 0 0 0 0 0 0 0 0 0 0 0 0 0 0 0 0 4 0 0 0 0 0 0 0 0 0 0 0 141589 0 0 0 0 0 0 0 0 0 0 0 0 0 0 4 0 0 26 0 0 0 0 0 2591 0 0 0 10 0 0 0 0 0 0 0 0 27 675 0 2 22 0 0 0 0 0 0 42 2 2 0 2 0 7 177 0 0 0 0 0 0 0 0 0 2 0 0 0 0 0 562 280 0 71 0 0 0 0 259 375 2743 6085 0 0 0 0 0 0 0 0 0 0 0 0 0 0 0 0 0 0 0 0 0 0 0 0 0 0 0 0 0 0 0 0 3740 0 0
ctxt 55592528
btime 1616392896
processes 364770
procs_running 1
procs_blocked 0
softirq 12400144 0 2434301 447 111 5070263 0 572285 2034962 0 2287775
MemTotal:        5647900 kB
MemFree:         2563228 kB
MemAvailable:    4071860 kB
Buffers:            8116 kB
Cached:          1831896 kB
SwapCached:        11748 kB
Active:           456700 kB
Inactive:        1689268 kB
Active(anon):     307772 kB
Inactive(anon):    61816 kB
Active(file):     148928 kB
Inactive(file):  1627452 kB
Unevictable:       62276 kB
Mlocked:           62276 kB
SwapTotal:       2097148 kB
SwapFree:        1684952 kB
Dirty:               180 kB
Writeback:             0 kB
AnonPages:        363932 kB
Mapped:           412404 kB
Shmem:              1992 kB
Slab:             200360 kB
SReclaimable:      53092 kB
SUnreclaim:       147268 kB
KernelStack:       34400 kB
PageTables:        35984 kB
NFS_Unstable:          0 kB
Bounce:                0 kB
WritebackTmp:          0 kB
CommitLimit:     4921096 kB
Committed_AS:   40976420 kB
VmallocTotal:   263061440 kB
VmallocUsed:           0 kB
VmallocChunk:          0 kB
CmaTotal:         303104 kB
CmaFree:          201344 kB

END


NEW DATA 1616397492365
usb_current 130405
usb_voltage 5062110
battery_current 0
battery_voltage 4362537

system status
cpu  1041684 46084 1167626 1319322 20340 30395 21159 0 0 0
cpu0 111205 8403 122491 192325 4505 9922 5950 0 0 0
cpu1 110508 9032 117790 203216 4609 4637 3094 0 0 0
cpu2 107235 9357 116047 207370 4803 4585 2970 0 0 0
cpu3 106992 9001 116784 204207 4984 6434 4243 0 0 0
cpu4 151481 3113 169786 131425 385 1263 1377 0 0 0
cpu5 150777 2919 168671 133960 281 1142 1165 0 0 0
cpu6 152948 2743 173299 125062 427 1222 1206 0 0 0
cpu7 150533 1512 182753 121753 341 1187 1150 0 0 0
intr 41444551 0 0 0 0 3044850 0 226450 0 5247 0 0 0 0 45 35 0 1 0 2 0 2 0 2 0 2 3 0 0 2 1 0 0 37650 31866 0 31556 0 0 0 0 0 0 0 0 0 0 0 0 0 5410051 542577 9 0 0 1635 0 0 0 0 0 533 0 1438 537 11 11 0 5 0 0 0 0 0 0 0 0 0 0 0 0 0 0 0 0 0 0 0 0 0 0 0 0 0 0 0 0 0 0 0 0 0 0 0 0 0 7 222 6 1 14188 359 0 0 0 0 0 0 0 15253 0 0 0 0 0 0 0 0 0 0 0 0 0 0 0 0 0 0 0 0 0 0 0 0 0 0 0 0 0 0 0 0 0 0 0 0 0 0 0 0 0 0 0 0 0 0 0 0 0 0 0 0 0 0 0 0 0 0 0 0 0 0 0 0 0 0 0 0 0 0 0 0 0 0 0 0 0 0 0 0 0 0 0 0 0 0 0 0 0 0 0 0 0 0 0 0 0 0 0 0 0 0 0 0 0 0 0 0 0 0 0 0 1 0 0 0 0 0 0 0 116 0 0 0 0 0 0 0 0 0 0 0 0 0 0 0 0 0 0 0 0 0 0 0 0 0 0 0 0 0 0 0 0 0 0 0 0 0 0 0 0 0 0 0 0 0 0 0 0 0 0 0 0 0 0 0 0 0 0 0 0 0 0 0 0 0 0 0 0 0 0 0 0 0 0 0 0 0 0 0 0 0 0 0 0 0 0 0 0 0 0 0 0 0 0 0 0 0 0 0 0 0 0 0 0 0 0 0 0 0 0 0 0 6 4 10 4 0 0 0 0 0 0 0 0 0 0 0 0 0 0 0 0 0 0 0 0 0 0 0 0 0 0 0 0 0 0 0 0 0 0 0 0 0 0 0 0 0 0 0 0 0 0 0 0 0 0 0 0 0 0 0 0 0 0 0 0 0 0 0 0 0 0 0 0 0 0 0 0 0 0 0 0 0 0 0 0 0 0 0 5453 17 3 0 0 980 10893 0 0 0 42 0 1 0 0 0 0 0 0 6003 0 0 0 0 0 0 0 0 0 0 0 0 13885 1 0 1 0 0 1 0 1 0 1 0 1 0 1 0 1 0 0 1 0 4 2 0 0 0 0 0 0 0 2217 14 0 0 0 0 0 0 0 0 0 0 0 25247 0 1 0 92 98 0 0 0 0 0 0 0 0 0 0 0 0 0 0 0 0 0 0 0 0 0 4 0 0 0 0 0 0 0 0 0 0 0 141589 0 0 0 0 0 0 0 0 0 0 0 0 0 0 4 0 0 26 0 0 0 0 0 2591 0 0 0 10 0 0 0 0 0 0 0 0 27 675 0 2 22 0 0 0 0 0 0 42 2 2 0 2 0 7 177 0 0 0 0 0 0 0 0 0 2 0 0 0 0 0 562 280 0 71 0 0 0 0 259 375 2743 6085 0 0 0 0 0 0 0 0 0 0 0 0 0 0 0 0 0 0 0 0 0 0 0 0 0 0 0 0 0 0 0 0 3740 0 0
ctxt 55592647
btime 1616392896
processes 364779
procs_running 1
procs_blocked 0
softirq 12400174 0 2434309 447 111 5070263 0 572292 2034970 0 2287782
MemTotal:        5647900 kB
MemFree:         2563352 kB
MemAvailable:    4071988 kB
Buffers:            8116 kB
Cached:          1831900 kB
SwapCached:        11748 kB
Active:           456712 kB
Inactive:        1689272 kB
Active(anon):     307784 kB
Inactive(anon):    61816 kB
Active(file):     148928 kB
Inactive(file):  1627456 kB
Unevictable:       62276 kB
Mlocked:           62276 kB
SwapTotal:       2097148 kB
SwapFree:        1684952 kB
Dirty:               184 kB
Writeback:             0 kB
AnonPages:        364020 kB
Mapped:           412404 kB
Shmem:              1992 kB
Slab:             200352 kB
SReclaimable:      53092 kB
SUnreclaim:       147260 kB
KernelStack:       34400 kB
PageTables:        35984 kB
NFS_Unstable:          0 kB
Bounce:                0 kB
WritebackTmp:          0 kB
CommitLimit:     4921096 kB
Committed_AS:   40976420 kB
VmallocTotal:   263061440 kB
VmallocUsed:           0 kB
VmallocChunk:          0 kB
CmaTotal:         303104 kB
CmaFree:          201344 kB

END


NEW DATA 1616397492413
usb_current 331205
usb_voltage 5062500
battery_current 0
battery_voltage 4362537

system status
cpu  1041687 46084 1167627 1319355 20340 30395 21159 0 0 0
cpu0 111205 8403 122491 192330 4505 9922 5950 0 0 0
cpu1 110508 9032 117790 203221 4609 4637 3094 0 0 0
cpu2 107235 9357 116047 207375 4803 4585 2970 0 0 0
cpu3 106992 9001 116784 204212 4984 6434 4243 0 0 0
cpu4 151482 3113 169786 131428 385 1263 1377 0 0 0
cpu5 150778 2919 168671 133963 281 1142 1165 0 0 0
cpu6 152949 2743 173300 125065 427 1222 1206 0 0 0
cpu7 150533 1512 182753 121757 341 1187 1150 0 0 0
intr 41444701 0 0 0 0 3044864 0 226450 0 5247 0 0 0 0 45 35 0 1 0 2 0 2 0 2 0 2 3 0 0 2 1 0 0 37650 31866 0 31556 0 0 0 0 0 0 0 0 0 0 0 0 0 5410051 542587 9 0 0 1635 0 0 0 0 0 533 0 1438 537 11 11 0 5 0 0 0 0 0 0 0 0 0 0 0 0 0 0 0 0 0 0 0 0 0 0 0 0 0 0 0 0 0 0 0 0 0 0 0 0 0 7 222 6 1 14188 359 0 0 0 0 0 0 0 15253 0 0 0 0 0 0 0 0 0 0 0 0 0 0 0 0 0 0 0 0 0 0 0 0 0 0 0 0 0 0 0 0 0 0 0 0 0 0 0 0 0 0 0 0 0 0 0 0 0 0 0 0 0 0 0 0 0 0 0 0 0 0 0 0 0 0 0 0 0 0 0 0 0 0 0 0 0 0 0 0 0 0 0 0 0 0 0 0 0 0 0 0 0 0 0 0 0 0 0 0 0 0 0 0 0 0 0 0 0 0 0 0 1 0 0 0 0 0 0 0 116 0 0 0 0 0 0 0 0 0 0 0 0 0 0 0 0 0 0 0 0 0 0 0 0 0 0 0 0 0 0 0 0 0 0 0 0 0 0 0 0 0 0 0 0 0 0 0 0 0 0 0 0 0 0 0 0 0 0 0 0 0 0 0 0 0 0 0 0 0 0 0 0 0 0 0 0 0 0 0 0 0 0 0 0 0 0 0 0 0 0 0 0 0 0 0 0 0 0 0 0 0 0 0 0 0 0 0 0 0 0 0 0 6 4 10 4 0 0 0 0 0 0 0 0 0 0 0 0 0 0 0 0 0 0 0 0 0 0 0 0 0 0 0 0 0 0 0 0 0 0 0 0 0 0 0 0 0 0 0 0 0 0 0 0 0 0 0 0 0 0 0 0 0 0 0 0 0 0 0 0 0 0 0 0 0 0 0 0 0 0 0 0 0 0 0 0 0 0 0 5453 17 3 0 0 980 10893 0 0 0 42 0 1 0 0 0 0 0 0 6003 0 0 0 0 0 0 0 0 0 0 0 0 13885 1 0 1 0 0 1 0 1 0 1 0 1 0 1 0 1 0 0 1 0 4 2 0 0 0 0 0 0 0 2217 14 0 0 0 0 0 0 0 0 0 0 0 25249 0 1 0 92 98 0 0 0 0 0 0 0 0 0 0 0 0 0 0 0 0 0 0 0 0 0 4 0 0 0 0 0 0 0 0 0 0 0 141589 0 0 0 0 0 0 0 0 0 0 0 0 0 0 4 0 0 26 0 0 0 0 0 2591 0 0 0 10 0 0 0 0 0 0 0 0 27 675 0 2 22 0 0 0 0 0 0 42 2 2 0 2 0 7 177 0 0 0 0 0 0 0 0 0 2 0 0 0 0 0 562 280 0 71 0 0 0 0 259 375 2743 6085 0 0 0 0 0 0 0 0 0 0 0 0 0 0 0 0 0 0 0 0 0 0 0 0 0 0 0 0 0 0 0 0 3740 0 0
ctxt 55592780
btime 1616392896
processes 364788
procs_running 1
procs_blocked 0
softirq 12400215 0 2434319 447 111 5070263 0 572302 2034981 0 2287792
MemTotal:        5647900 kB
MemFree:         2563856 kB
MemAvailable:    4072496 kB
Buffers:            8116 kB
Cached:          1831904 kB
SwapCached:        11748 kB
Active:           456712 kB
Inactive:        1689276 kB
Active(anon):     307784 kB
Inactive(anon):    61816 kB
Active(file):     148928 kB
Inactive(file):  1627460 kB
Unevictable:       62276 kB
Mlocked:           62276 kB
SwapTotal:       2097148 kB
SwapFree:        1684952 kB
Dirty:               188 kB
Writeback:             0 kB
AnonPages:        364020 kB
Mapped:           412404 kB
Shmem:              1992 kB
Slab:             200344 kB
SReclaimable:      53092 kB
SUnreclaim:       147252 kB
KernelStack:       34400 kB
PageTables:        35984 kB
NFS_Unstable:          0 kB
Bounce:                0 kB
WritebackTmp:          0 kB
CommitLimit:     4921096 kB
Committed_AS:   40979240 kB
VmallocTotal:   263061440 kB
VmallocUsed:           0 kB
VmallocChunk:          0 kB
CmaTotal:         303104 kB
CmaFree:          201344 kB

END


NEW DATA 1616397492460
usb_current 129430
usb_voltage 5062884
battery_current 0
battery_voltage 4362537

system status
cpu  1041689 46084 1167630 1319388 20340 30395 21160 0 0 0
cpu0 111205 8403 122491 192335 4505 9922 5950 0 0 0
cpu1 110508 9032 117790 203226 4609 4637 3094 0 0 0
cpu2 107235 9357 116047 207379 4803 4585 2970 0 0 0
cpu3 106992 9001 116784 204217 4984 6434 4243 0 0 0
cpu4 151483 3113 169786 131432 385 1263 1377 0 0 0
cpu5 150778 2919 168672 133968 281 1142 1165 0 0 0
cpu6 152949 2743 173301 125068 427 1222 1206 0 0 0
cpu7 150534 1512 182754 121761 341 1187 1150 0 0 0
intr 41444863 0 0 0 0 3044880 0 226450 0 5247 0 0 0 0 45 35 0 1 0 2 0 2 0 2 0 2 3 0 0 2 1 0 0 37650 31867 0 31559 0 0 0 0 0 0 0 0 0 0 0 0 0 5410051 542602 9 0 0 1635 0 0 0 0 0 533 0 1438 537 11 11 0 5 0 0 0 0 0 0 0 0 0 0 0 0 0 0 0 0 0 0 0 0 0 0 0 0 0 0 0 0 0 0 0 0 0 0 0 0 0 7 222 6 1 14188 359 0 0 0 0 0 0 0 15253 0 0 0 0 0 0 0 0 0 0 0 0 0 0 0 0 0 0 0 0 0 0 0 0 0 0 0 0 0 0 0 0 0 0 0 0 0 0 0 0 0 0 0 0 0 0 0 0 0 0 0 0 0 0 0 0 0 0 0 0 0 0 0 0 0 0 0 0 0 0 0 0 0 0 0 0 0 0 0 0 0 0 0 0 0 0 0 0 0 0 0 0 0 0 0 0 0 0 0 0 0 0 0 0 0 0 0 0 0 0 0 0 1 0 0 0 0 0 0 0 116 0 0 0 0 0 0 0 0 0 0 0 0 0 0 0 0 0 0 0 0 0 0 0 0 0 0 0 0 0 0 0 0 0 0 0 0 0 0 0 0 0 0 0 0 0 0 0 0 0 0 0 0 0 0 0 0 0 0 0 0 0 0 0 0 0 0 0 0 0 0 0 0 0 0 0 0 0 0 0 0 0 0 0 0 0 0 0 0 0 0 0 0 0 0 0 0 0 0 0 0 0 0 0 0 0 0 0 0 0 0 0 0 6 4 10 4 0 0 0 0 0 0 0 0 0 0 0 0 0 0 0 0 0 0 0 0 0 0 0 0 0 0 0 0 0 0 0 0 0 0 0 0 0 0 0 0 0 0 0 0 0 0 0 0 0 0 0 0 0 0 0 0 0 0 0 0 0 0 0 0 0 0 0 0 0 0 0 0 0 0 0 0 0 0 0 0 0 0 0 5453 17 3 0 0 980 10893 0 0 0 42 0 1 0 0 0 0 0 0 6003 0 0 0 0 0 0 0 0 0 0 0 0 13885 1 0 1 0 0 1 0 1 0 1 0 1 0 1 0 1 0 0 1 0 4 2 0 0 0 0 0 0 0 2217 14 0 0 0 0 0 0 0 0 0 0 0 25251 0 1 0 92 98 0 0 0 0 0 0 0 0 0 0 0 0 0 0 0 0 0 0 0 0 0 4 0 0 0 0 0 0 0 0 0 0 0 141589 0 0 0 0 0 0 0 0 0 0 0 0 0 0 4 0 0 26 0 0 0 0 0 2591 0 0 0 10 0 0 0 0 0 0 0 0 27 675 0 2 22 0 0 0 0 0 0 42 2 2 0 2 0 7 177 0 0 0 0 0 0 0 0 0 2 0 0 0 0 0 562 280 0 71 0 0 0 0 259 375 2743 6085 0 0 0 0 0 0 0 0 0 0 0 0 0 0 0 0 0 0 0 0 0 0 0 0 0 0 0 0 0 0 0 0 3740 0 0
ctxt 55592931
btime 1616392896
processes 364797
procs_running 1
procs_blocked 0
softirq 12400265 0 2434331 447 111 5070263 0 572317 2034993 0 2287803
MemTotal:        5647900 kB
MemFree:         2563112 kB
MemAvailable:    4071756 kB
Buffers:            8116 kB
Cached:          1831908 kB
SwapCached:        11748 kB
Active:           456712 kB
Inactive:        1689280 kB
Active(anon):     307784 kB
Inactive(anon):    61816 kB
Active(file):     148928 kB
Inactive(file):  1627464 kB
Unevictable:       62276 kB
Mlocked:           62276 kB
SwapTotal:       2097148 kB
SwapFree:        1684952 kB
Dirty:               192 kB
Writeback:             0 kB
AnonPages:        364020 kB
Mapped:           412404 kB
Shmem:              1992 kB
Slab:             200320 kB
SReclaimable:      53092 kB
SUnreclaim:       147228 kB
KernelStack:       34400 kB
PageTables:        35984 kB
NFS_Unstable:          0 kB
Bounce:                0 kB
WritebackTmp:          0 kB
CommitLimit:     4921096 kB
Committed_AS:   40976420 kB
VmallocTotal:   263061440 kB
VmallocUsed:           0 kB
VmallocChunk:          0 kB
CmaTotal:         303104 kB
CmaFree:          201344 kB

END


NEW DATA 1616397492508
usb_current 135270
usb_voltage 5051208
battery_current 0
battery_voltage 4362537

system status
cpu  1041692 46084 1167632 1319422 20340 30395 21160 0 0 0
cpu0 111205 8403 122491 192340 4505 9922 5950 0 0 0
cpu1 110508 9032 117790 203231 4609 4637 3094 0 0 0
cpu2 107235 9357 116047 207384 4803 4585 2970 0 0 0
cpu3 106992 9001 116784 204221 4984 6434 4243 0 0 0
cpu4 151483 3113 169786 131436 385 1263 1377 0 0 0
cpu5 150779 2919 168674 133970 281 1142 1165 0 0 0
cpu6 152951 2743 173301 125071 427 1222 1206 0 0 0
cpu7 150534 1512 182754 121766 341 1187 1150 0 0 0
intr 41445007 0 0 0 0 3044896 0 226450 0 5247 0 0 0 0 45 35 0 1 0 2 0 2 0 2 0 2 3 0 0 2 1 0 0 37650 31867 0 31559 0 0 0 0 0 0 0 0 0 0 0 0 0 5410051 542613 9 0 0 1635 0 0 0 0 0 533 0 1438 537 11 11 0 5 0 0 0 0 0 0 0 0 0 0 0 0 0 0 0 0 0 0 0 0 0 0 0 0 0 0 0 0 0 0 0 0 0 0 0 0 0 7 222 6 1 14188 359 0 0 0 0 0 0 0 15253 0 0 0 0 0 0 0 0 0 0 0 0 0 0 0 0 0 0 0 0 0 0 0 0 0 0 0 0 0 0 0 0 0 0 0 0 0 0 0 0 0 0 0 0 0 0 0 0 0 0 0 0 0 0 0 0 0 0 0 0 0 0 0 0 0 0 0 0 0 0 0 0 0 0 0 0 0 0 0 0 0 0 0 0 0 0 0 0 0 0 0 0 0 0 0 0 0 0 0 0 0 0 0 0 0 0 0 0 0 0 0 0 1 0 0 0 0 0 0 0 116 0 0 0 0 0 0 0 0 0 0 0 0 0 0 0 0 0 0 0 0 0 0 0 0 0 0 0 0 0 0 0 0 0 0 0 0 0 0 0 0 0 0 0 0 0 0 0 0 0 0 0 0 0 0 0 0 0 0 0 0 0 0 0 0 0 0 0 0 0 0 0 0 0 0 0 0 0 0 0 0 0 0 0 0 0 0 0 0 0 0 0 0 0 0 0 0 0 0 0 0 0 0 0 0 0 0 0 0 0 0 0 0 6 4 10 4 0 0 0 0 0 0 0 0 0 0 0 0 0 0 0 0 0 0 0 0 0 0 0 0 0 0 0 0 0 0 0 0 0 0 0 0 0 0 0 0 0 0 0 0 0 0 0 0 0 0 0 0 0 0 0 0 0 0 0 0 0 0 0 0 0 0 0 0 0 0 0 0 0 0 0 0 0 0 0 0 0 0 0 5453 17 3 0 0 980 10893 0 0 0 42 0 1 0 0 0 0 0 0 6003 0 0 0 0 0 0 0 0 0 0 0 0 13885 1 0 1 0 0 1 0 1 0 1 0 1 0 1 0 1 0 0 1 0 4 2 0 0 0 0 0 0 0 2217 14 0 0 0 0 0 0 0 0 0 0 0 25253 0 1 0 92 98 0 0 0 0 0 0 0 0 0 0 0 0 0 0 0 0 0 0 0 0 0 4 0 0 0 0 0 0 0 0 0 0 0 141589 0 0 0 0 0 0 0 0 0 0 0 0 0 0 4 0 0 26 0 0 0 0 0 2591 0 0 0 10 0 0 0 0 0 0 0 0 27 675 0 2 22 0 0 0 0 0 0 42 2 2 0 2 0 7 177 0 0 0 0 0 0 0 0 0 2 0 0 0 0 0 562 280 0 71 0 0 0 0 259 375 2743 6085 0 0 0 0 0 0 0 0 0 0 0 0 0 0 0 0 0 0 0 0 0 0 0 0 0 0 0 0 0 0 0 0 3740 0 0
ctxt 55593065
btime 1616392896
processes 364806
procs_running 1
procs_blocked 0
softirq 12400312 0 2434343 447 111 5070263 0 572328 2035005 0 2287815
MemTotal:        5647900 kB
MemFree:         2562848 kB
MemAvailable:    4071500 kB
Buffers:            8116 kB
Cached:          1831908 kB
SwapCached:        11748 kB
Active:           456700 kB
Inactive:        1689280 kB
Active(anon):     307772 kB
Inactive(anon):    61816 kB
Active(file):     148928 kB
Inactive(file):  1627464 kB
Unevictable:       62276 kB
Mlocked:           62276 kB
SwapTotal:       2097148 kB
SwapFree:        1684952 kB
Dirty:               192 kB
Writeback:             0 kB
AnonPages:        363932 kB
Mapped:           412404 kB
Shmem:              1992 kB
Slab:             200336 kB
SReclaimable:      53108 kB
SUnreclaim:       147228 kB
KernelStack:       34400 kB
PageTables:        35984 kB
NFS_Unstable:          0 kB
Bounce:                0 kB
WritebackTmp:          0 kB
CommitLimit:     4921096 kB
Committed_AS:   40976420 kB
VmallocTotal:   263061440 kB
VmallocUsed:           0 kB
VmallocChunk:          0 kB
CmaTotal:         303104 kB
CmaFree:          201344 kB

END


NEW DATA 1616397492557
usb_current 131055
usb_voltage 5063664
battery_current 0
battery_voltage 4362537

system status
cpu  1041695 46084 1167634 1319455 20340 30395 21160 0 0 0
cpu0 111205 8403 122491 192344 4505 9922 5950 0 0 0
cpu1 110508 9032 117790 203236 4609 4637 3094 0 0 0
cpu2 107235 9357 116047 207389 4803 4585 2970 0 0 0
cpu3 106992 9001 116784 204226 4984 6434 4243 0 0 0
cpu4 151484 3113 169786 131440 385 1263 1377 0 0 0
cpu5 150780 2919 168674 133973 281 1142 1165 0 0 0
cpu6 152952 2743 173302 125074 427 1222 1206 0 0 0
cpu7 150534 1512 182755 121770 341 1187 1150 0 0 0
intr 41445166 0 0 0 0 3044910 0 226450 0 5247 0 0 0 0 45 35 0 1 0 2 0 2 0 2 0 2 3 0 0 2 1 0 0 37650 31867 0 31559 0 0 0 0 0 0 0 0 0 0 0 0 0 5410051 542626 9 0 0 1635 0 0 0 0 0 533 0 1438 537 11 11 0 5 0 0 0 0 0 0 0 0 0 0 0 0 0 0 0 0 0 0 0 0 0 0 0 0 0 0 0 0 0 0 0 0 0 0 0 0 0 7 222 6 1 14188 359 0 0 0 0 0 0 0 15253 0 0 0 0 0 0 0 0 0 0 0 0 0 0 0 0 0 0 0 0 0 0 0 0 0 0 0 0 0 0 0 0 0 0 0 0 0 0 0 0 0 0 0 0 0 0 0 0 0 0 0 0 0 0 0 0 0 0 0 0 0 0 0 0 0 0 0 0 0 0 0 0 0 0 0 0 0 0 0 0 0 0 0 0 0 0 0 0 0 0 0 0 0 0 0 0 0 0 0 0 0 0 0 0 0 0 0 0 0 0 0 0 1 0 0 0 0 0 0 0 116 0 0 0 0 0 0 0 0 0 0 0 0 0 0 0 0 0 0 0 0 0 0 0 0 0 0 0 0 0 0 0 0 0 0 0 0 0 0 0 0 0 0 0 0 0 0 0 0 0 0 0 0 0 0 0 0 0 0 0 0 0 0 0 0 0 0 0 0 0 0 0 0 0 0 0 0 0 0 0 0 0 0 0 0 0 0 0 0 0 0 0 0 0 0 0 0 0 0 0 0 0 0 0 0 0 0 0 0 0 0 0 0 6 4 10 4 0 0 0 0 0 0 0 0 0 0 0 0 0 0 0 0 0 0 0 0 0 0 0 0 0 0 0 0 0 0 0 0 0 0 0 0 0 0 0 0 0 0 0 0 0 0 0 0 0 0 0 0 0 0 0 0 0 0 0 0 0 0 0 0 0 0 0 0 0 0 0 0 0 0 0 0 0 0 0 0 0 0 0 5453 17 3 0 0 980 10893 0 0 0 42 0 1 0 0 0 0 0 0 6003 0 0 0 0 0 0 0 0 0 0 0 0 13885 1 0 1 0 0 1 0 1 0 1 0 1 0 1 0 1 0 0 1 0 4 2 0 0 0 0 0 0 0 2217 14 0 0 0 0 0 0 0 0 0 0 0 25255 0 1 0 92 98 0 0 0 0 0 0 0 0 0 0 0 0 0 0 0 0 0 0 0 0 0 4 0 0 0 0 0 0 0 0 0 0 0 141589 0 0 0 0 0 0 0 0 0 0 0 0 0 0 4 0 0 26 0 0 0 0 0 2591 0 0 0 10 0 0 0 0 0 0 0 0 27 675 0 2 22 0 0 0 0 0 0 42 2 2 0 2 0 7 177 0 0 0 0 0 0 0 0 0 2 0 0 0 0 0 562 280 0 71 0 0 0 0 259 375 2743 6085 0 0 0 0 0 0 0 0 0 0 0 0 0 0 0 0 0 0 0 0 0 0 0 0 0 0 0 0 0 0 0 0 3740 0 0
ctxt 55593211
btime 1616392896
processes 364815
procs_running 1
procs_blocked 0
softirq 12400355 0 2434353 447 111 5070263 0 572341 2035015 0 2287825
MemTotal:        5647900 kB
MemFree:         2563328 kB
MemAvailable:    4071992 kB
Buffers:            8116 kB
Cached:          1831912 kB
SwapCached:        11748 kB
Active:           456700 kB
Inactive:        1689284 kB
Active(anon):     307772 kB
Inactive(anon):    61816 kB
Active(file):     148928 kB
Inactive(file):  1627468 kB
Unevictable:       62276 kB
Mlocked:           62276 kB
SwapTotal:       2097148 kB
SwapFree:        1684952 kB
Dirty:               196 kB
Writeback:             0 kB
AnonPages:        363976 kB
Mapped:           412404 kB
Shmem:              1992 kB
Slab:             200348 kB
SReclaimable:      53124 kB
SUnreclaim:       147224 kB
KernelStack:       34400 kB
PageTables:        35984 kB
NFS_Unstable:          0 kB
Bounce:                0 kB
WritebackTmp:          0 kB
CommitLimit:     4921096 kB
Committed_AS:   40976420 kB
VmallocTotal:   263061440 kB
VmallocUsed:           0 kB
VmallocChunk:          0 kB
CmaTotal:         303104 kB
CmaFree:          201344 kB

END


NEW DATA 1616397492605
usb_current 131055
usb_voltage 5062884
battery_current 0
battery_voltage 4362537

system status
cpu  1041697 46084 1167636 1319488 20340 30395 21160 0 0 0
cpu0 111205 8403 122491 192349 4505 9922 5950 0 0 0
cpu1 110508 9032 117790 203240 4609 4637 3094 0 0 0
cpu2 107235 9357 116047 207394 4803 4585 2970 0 0 0
cpu3 106992 9001 116784 204231 4984 6434 4243 0 0 0
cpu4 151484 3113 169788 131442 385 1263 1377 0 0 0
cpu5 150780 2919 168674 133978 281 1142 1165 0 0 0
cpu6 152952 2743 173302 125078 427 1222 1206 0 0 0
cpu7 150536 1512 182755 121773 341 1187 1150 0 0 0
intr 41445309 0 0 0 0 3044927 0 226450 0 5247 0 0 0 0 45 35 0 1 0 2 0 2 0 2 0 2 3 0 0 2 1 0 0 37650 31867 0 31559 0 0 0 0 0 0 0 0 0 0 0 0 0 5410051 542641 9 0 0 1635 0 0 0 0 0 533 0 1438 537 11 11 0 5 0 0 0 0 0 0 0 0 0 0 0 0 0 0 0 0 0 0 0 0 0 0 0 0 0 0 0 0 0 0 0 0 0 0 0 0 0 7 222 6 1 14188 359 0 0 0 0 0 0 0 15253 0 0 0 0 0 0 0 0 0 0 0 0 0 0 0 0 0 0 0 0 0 0 0 0 0 0 0 0 0 0 0 0 0 0 0 0 0 0 0 0 0 0 0 0 0 0 0 0 0 0 0 0 0 0 0 0 0 0 0 0 0 0 0 0 0 0 0 0 0 0 0 0 0 0 0 0 0 0 0 0 0 0 0 0 0 0 0 0 0 0 0 0 0 0 0 0 0 0 0 0 0 0 0 0 0 0 0 0 0 0 0 0 1 0 0 0 0 0 0 0 116 0 0 0 0 0 0 0 0 0 0 0 0 0 0 0 0 0 0 0 0 0 0 0 0 0 0 0 0 0 0 0 0 0 0 0 0 0 0 0 0 0 0 0 0 0 0 0 0 0 0 0 0 0 0 0 0 0 0 0 0 0 0 0 0 0 0 0 0 0 0 0 0 0 0 0 0 0 0 0 0 0 0 0 0 0 0 0 0 0 0 0 0 0 0 0 0 0 0 0 0 0 0 0 0 0 0 0 0 0 0 0 0 6 4 10 4 0 0 0 0 0 0 0 0 0 0 0 0 0 0 0 0 0 0 0 0 0 0 0 0 0 0 0 0 0 0 0 0 0 0 0 0 0 0 0 0 0 0 0 0 0 0 0 0 0 0 0 0 0 0 0 0 0 0 0 0 0 0 0 0 0 0 0 0 0 0 0 0 0 0 0 0 0 0 0 0 0 0 0 5453 17 3 0 0 980 10893 0 0 0 42 0 1 0 0 0 0 0 0 6003 0 0 0 0 0 0 0 0 0 0 0 0 13885 1 0 1 0 0 1 0 1 0 1 0 1 0 1 0 1 0 0 1 0 4 2 0 0 0 0 0 0 0 2217 14 0 0 0 0 0 0 0 0 0 0 0 25257 0 1 0 92 98 0 0 0 0 0 0 0 0 0 0 0 0 0 0 0 0 0 0 0 0 0 4 0 0 0 0 0 0 0 0 0 0 0 141589 0 0 0 0 0 0 0 0 0 0 0 0 0 0 4 0 0 26 0 0 0 0 0 2591 0 0 0 10 0 0 0 0 0 0 0 0 27 675 0 2 22 0 0 0 0 0 0 42 2 2 0 2 0 7 177 0 0 0 0 0 0 0 0 0 2 0 0 0 0 0 562 280 0 71 0 0 0 0 259 375 2743 6085 0 0 0 0 0 0 0 0 0 0 0 0 0 0 0 0 0 0 0 0 0 0 0 0 0 0 0 0 0 0 0 0 3740 0 0
ctxt 55593343
btime 1616392896
processes 364824
procs_running 1
procs_blocked 0
softirq 12400399 0 2434362 447 111 5070263 0 572356 2035026 0 2287834
MemTotal:        5647900 kB
MemFree:         2563080 kB
MemAvailable:    4071748 kB
Buffers:            8116 kB
Cached:          1831916 kB
SwapCached:        11748 kB
Active:           456704 kB
Inactive:        1689288 kB
Active(anon):     307776 kB
Inactive(anon):    61816 kB
Active(file):     148928 kB
Inactive(file):  1627472 kB
Unevictable:       62276 kB
Mlocked:           62276 kB
SwapTotal:       2097148 kB
SwapFree:        1684952 kB
Dirty:               200 kB
Writeback:             0 kB
AnonPages:        363980 kB
Mapped:           412404 kB
Shmem:              1992 kB
Slab:             200352 kB
SReclaimable:      53124 kB
SUnreclaim:       147228 kB
KernelStack:       34400 kB
PageTables:        35984 kB
NFS_Unstable:          0 kB
Bounce:                0 kB
WritebackTmp:          0 kB
CommitLimit:     4921096 kB
Committed_AS:   40975972 kB
VmallocTotal:   263061440 kB
VmallocUsed:           0 kB
VmallocChunk:          0 kB
CmaTotal:         303104 kB
CmaFree:          201344 kB

END


NEW DATA 1616397492650
usb_current 134295
usb_voltage 5061330
battery_current 0
battery_voltage 4362537

system status
cpu  1041699 46084 1167639 1319522 20340 30395 21160 0 0 0
cpu0 111205 8403 122491 192354 4505 9922 5950 0 0 0
cpu1 110508 9032 117790 203245 4609 4637 3094 0 0 0
cpu2 107235 9357 116047 207399 4803 4585 2970 0 0 0
cpu3 106992 9001 116784 204236 4984 6434 4243 0 0 0
cpu4 151484 3113 169788 131446 385 1263 1377 0 0 0
cpu5 150780 2919 168674 133982 281 1142 1165 0 0 0
cpu6 152953 2743 173302 125082 427 1222 1206 0 0 0
cpu7 150537 1512 182758 121775 341 1187 1150 0 0 0
intr 41445494 0 0 0 0 3044946 0 226450 0 5247 0 0 0 0 45 35 0 1 0 2 0 2 0 2 0 2 3 0 0 2 1 0 0 37650 31867 0 31559 0 0 0 0 0 0 0 0 0 0 0 0 0 5410051 542657 9 0 0 1635 0 0 0 0 0 533 0 1438 537 11 11 0 5 0 0 0 0 0 0 0 0 0 0 0 0 0 0 0 0 0 0 0 0 0 0 0 0 0 0 0 0 0 0 0 0 0 0 0 0 0 7 222 6 1 14188 359 0 0 0 0 0 0 0 15253 0 0 0 0 0 0 0 0 0 0 0 0 0 0 0 0 0 0 0 0 0 0 0 0 0 0 0 0 0 0 0 0 0 0 0 0 0 0 0 0 0 0 0 0 0 0 0 0 0 0 0 0 0 0 0 0 0 0 0 0 0 0 0 0 0 0 0 0 0 0 0 0 0 0 0 0 0 0 0 0 0 0 0 0 0 0 0 0 0 0 0 0 0 0 0 0 0 0 0 0 0 0 0 0 0 0 0 0 0 0 0 0 1 0 0 0 0 0 0 0 116 0 0 0 0 0 0 0 0 0 0 0 0 0 0 0 0 0 0 0 0 0 0 0 0 0 0 0 0 0 0 0 0 0 0 0 0 0 0 0 0 0 0 0 0 0 0 0 0 0 0 0 0 0 0 0 0 0 0 0 0 0 0 0 0 0 0 0 0 0 0 0 0 0 0 0 0 0 0 0 0 0 0 0 0 0 0 0 0 0 0 0 0 0 0 0 0 0 0 0 0 0 0 0 0 0 0 0 0 0 0 0 0 6 4 10 4 0 0 0 0 0 0 0 0 0 0 0 0 0 0 0 0 0 0 0 0 0 0 0 0 0 0 0 0 0 0 0 0 0 0 0 0 0 0 0 0 0 0 0 0 0 0 0 0 0 0 0 0 0 0 0 0 0 0 0 0 0 0 0 0 0 0 0 0 0 0 0 0 0 0 0 0 0 0 0 0 0 0 0 5453 17 3 0 0 980 10893 0 0 0 42 0 1 0 0 0 0 0 0 6003 0 0 0 0 0 0 0 0 0 0 0 0 13885 1 0 1 0 0 1 0 1 0 1 0 1 0 1 0 1 0 0 1 0 4 2 0 0 0 0 0 0 0 2217 14 0 0 0 0 0 0 0 0 0 0 0 25259 0 1 0 92 98 0 0 0 0 0 0 0 0 0 0 0 0 0 0 0 0 0 0 0 0 0 4 0 0 0 0 0 0 0 0 0 0 0 141589 0 0 0 0 0 0 0 0 0 0 0 0 0 0 4 0 0 26 0 0 0 0 0 2591 0 0 0 10 0 0 0 0 0 0 0 0 27 675 0 2 22 0 0 0 0 0 0 42 2 2 0 2 0 7 177 0 0 0 0 0 0 0 0 0 2 0 0 0 0 0 562 280 0 71 0 0 0 0 259 375 2743 6085 0 0 0 0 0 0 0 0 0 0 0 0 0 0 0 0 0 0 0 0 0 0 0 0 0 0 0 0 0 0 0 0 3740 0 0
ctxt 55593534
btime 1616392896
processes 364833
procs_running 1
procs_blocked 0
softirq 12400454 0 2434375 447 111 5070263 0 572372 2035039 0 2287847
MemTotal:        5647900 kB
MemFree:         2563096 kB
MemAvailable:    4071760 kB
Buffers:            8116 kB
Cached:          1831920 kB
SwapCached:        11748 kB
Active:           456712 kB
Inactive:        1689292 kB
Active(anon):     307784 kB
Inactive(anon):    61816 kB
Active(file):     148928 kB
Inactive(file):  1627476 kB
Unevictable:       62276 kB
Mlocked:           62276 kB
SwapTotal:       2097148 kB
SwapFree:        1684956 kB
Dirty:               204 kB
Writeback:             0 kB
AnonPages:        363944 kB
Mapped:           412600 kB
Shmem:              1992 kB
Slab:             200336 kB
SReclaimable:      53108 kB
SUnreclaim:       147228 kB
KernelStack:       34400 kB
PageTables:        35984 kB
NFS_Unstable:          0 kB
Bounce:                0 kB
WritebackTmp:          0 kB
CommitLimit:     4921096 kB
Committed_AS:   40978788 kB
VmallocTotal:   263061440 kB
VmallocUsed:           0 kB
VmallocChunk:          0 kB
CmaTotal:         303104 kB
CmaFree:          201344 kB

END


NEW DATA 1616397492700
usb_current 130730
usb_voltage 5062500
battery_current -1464
battery_voltage 4362781

system status
cpu  1041701 46084 1167642 1319555 20340 30395 21160 0 0 0
cpu0 111205 8403 122491 192359 4505 9922 5950 0 0 0
cpu1 110508 9032 117790 203250 4609 4637 3094 0 0 0
cpu2 107235 9357 116047 207403 4803 4585 2970 0 0 0
cpu3 106992 9001 116784 204240 4984 6434 4243 0 0 0
cpu4 151485 3113 169788 131450 385 1263 1377 0 0 0
cpu5 150780 2919 168675 133986 281 1142 1165 0 0 0
cpu6 152954 2743 173303 125084 427 1222 1206 0 0 0
cpu7 150537 1512 182759 121780 341 1187 1150 0 0 0
intr 41445658 0 0 0 0 3044964 0 226450 0 5247 0 0 0 0 45 35 0 1 0 2 0 2 0 2 0 2 3 0 0 2 1 0 0 37650 31868 0 31559 0 0 0 0 0 0 0 0 0 0 0 0 0 5410051 542670 9 0 0 1635 0 0 0 0 0 533 0 1438 537 11 11 0 5 0 0 0 0 0 0 0 0 0 0 0 0 0 0 0 0 0 0 0 0 0 0 0 0 0 0 0 0 0 0 0 0 0 0 0 0 0 7 222 6 1 14188 359 0 0 0 0 0 0 0 15253 0 0 0 0 0 0 0 0 0 0 0 0 0 0 0 0 0 0 0 0 0 0 0 0 0 0 0 0 0 0 0 0 0 0 0 0 0 0 0 0 0 0 0 0 0 0 0 0 0 0 0 0 0 0 0 0 0 0 0 0 0 0 0 0 0 0 0 0 0 0 0 0 0 0 0 0 0 0 0 0 0 0 0 0 0 0 0 0 0 0 0 0 0 0 0 0 0 0 0 0 0 0 0 0 0 0 0 0 0 0 0 0 1 0 0 0 0 0 0 0 116 0 0 0 0 0 0 0 0 0 0 0 0 0 0 0 0 0 0 0 0 0 0 0 0 0 0 0 0 0 0 0 0 0 0 0 0 0 0 0 0 0 0 0 0 0 0 0 0 0 0 0 0 0 0 0 0 0 0 0 0 0 0 0 0 0 0 0 0 0 0 0 0 0 0 0 0 0 0 0 0 0 0 0 0 0 0 0 0 0 0 0 0 0 0 0 0 0 0 0 0 0 0 0 0 0 0 0 0 0 0 0 0 6 4 10 4 0 0 0 0 0 0 0 0 0 0 0 0 0 0 0 0 0 0 0 0 0 0 0 0 0 0 0 0 0 0 0 0 0 0 0 0 0 0 0 0 0 0 0 0 0 0 0 0 0 0 0 0 0 0 0 0 0 0 0 0 0 0 0 0 0 0 0 0 0 0 0 0 0 0 0 0 0 0 0 0 0 0 0 5453 17 3 0 0 980 10893 0 0 0 42 0 1 0 0 0 0 0 0 6003 0 0 0 0 0 0 0 0 0 0 0 0 13885 1 0 1 0 0 1 0 1 0 1 0 1 0 1 0 1 0 0 1 0 4 2 0 0 0 0 0 0 0 2217 14 0 0 0 0 0 0 0 0 0 0 0 25261 0 1 0 92 98 0 0 0 0 0 0 0 0 0 0 0 0 0 0 0 0 0 0 0 0 0 4 0 0 0 0 0 0 0 0 0 0 0 141589 0 0 0 0 0 0 0 0 0 0 0 0 0 0 4 0 0 26 0 0 0 0 0 2591 0 0 0 10 0 0 0 0 0 0 0 0 27 675 0 2 22 0 0 0 0 0 0 42 2 2 0 2 0 7 177 0 0 0 0 0 0 0 0 0 2 0 0 0 0 0 562 280 0 71 0 0 0 0 259 375 2743 6085 0 0 0 0 0 0 0 0 0 0 0 0 0 0 0 0 0 0 0 0 0 0 0 0 0 0 0 0 0 0 0 0 3740 0 0
ctxt 55593687
btime 1616392896
processes 364842
procs_running 1
procs_blocked 0
softirq 12400503 0 2434387 447 111 5070263 0 572385 2035051 0 2287859
MemTotal:        5647900 kB
MemFree:         2562972 kB
MemAvailable:    4071640 kB
Buffers:            8116 kB
Cached:          1831924 kB
SwapCached:        11748 kB
Active:           456720 kB
Inactive:        1689296 kB
Active(anon):     307792 kB
Inactive(anon):    61816 kB
Active(file):     148928 kB
Inactive(file):  1627480 kB
Unevictable:       62276 kB
Mlocked:           62276 kB
SwapTotal:       2097148 kB
SwapFree:        1684956 kB
Dirty:               208 kB
Writeback:             0 kB
AnonPages:        364032 kB
Mapped:           412404 kB
Shmem:              1992 kB
Slab:             200340 kB
SReclaimable:      53108 kB
SUnreclaim:       147232 kB
KernelStack:       34400 kB
PageTables:        35984 kB
NFS_Unstable:          0 kB
Bounce:                0 kB
WritebackTmp:          0 kB
CommitLimit:     4921096 kB
Committed_AS:   40975972 kB
VmallocTotal:   263061440 kB
VmallocUsed:           0 kB
VmallocChunk:          0 kB
CmaTotal:         303104 kB
CmaFree:          201344 kB

END


NEW DATA 1616397492748
usb_current 130730
usb_voltage 5063274
battery_current -1464
battery_voltage 4362781

system status
cpu  1041704 46084 1167644 1319588 20340 30395 21160 0 0 0
cpu0 111205 8403 122491 192363 4505 9922 5950 0 0 0
cpu1 110508 9032 117790 203255 4609 4637 3094 0 0 0
cpu2 107235 9357 116047 207408 4803 4585 2970 0 0 0
cpu3 106992 9001 116784 204245 4984 6434 4243 0 0 0
cpu4 151485 3113 169789 131453 385 1263 1377 0 0 0
cpu5 150781 2919 168675 133989 281 1142 1165 0 0 0
cpu6 152955 2743 173303 125088 427 1222 1206 0 0 0
cpu7 150538 1512 182760 121783 341 1187 1150 0 0 0
intr 41445823 0 0 0 0 3044978 0 226450 0 5247 0 0 0 0 45 35 0 1 0 2 0 2 0 2 0 2 3 0 0 2 1 0 0 37650 31869 0 31561 0 0 0 0 0 0 0 0 0 0 0 0 0 5410051 542682 9 0 0 1635 0 0 0 0 0 533 0 1438 537 11 11 0 5 0 0 0 0 0 0 0 0 0 0 0 0 0 0 0 0 0 0 0 0 0 0 0 0 0 0 0 0 0 0 0 0 0 0 0 0 0 7 222 6 1 14188 359 0 0 0 0 0 0 0 15253 0 0 0 0 0 0 0 0 0 0 0 0 0 0 0 0 0 0 0 0 0 0 0 0 0 0 0 0 0 0 0 0 0 0 0 0 0 0 0 0 0 0 0 0 0 0 0 0 0 0 0 0 0 0 0 0 0 0 0 0 0 0 0 0 0 0 0 0 0 0 0 0 0 0 0 0 0 0 0 0 0 0 0 0 0 0 0 0 0 0 0 0 0 0 0 0 0 0 0 0 0 0 0 0 0 0 0 0 0 0 0 0 1 0 0 0 0 0 0 0 116 0 0 0 0 0 0 0 0 0 0 0 0 0 0 0 0 0 0 0 0 0 0 0 0 0 0 0 0 0 0 0 0 0 0 0 0 0 0 0 0 0 0 0 0 0 0 0 0 0 0 0 0 0 0 0 0 0 0 0 0 0 0 0 0 0 0 0 0 0 0 0 0 0 0 0 0 0 0 0 0 0 0 0 0 0 0 0 0 0 0 0 0 0 0 0 0 0 0 0 0 0 0 0 0 0 0 0 0 0 0 0 0 6 4 10 4 0 0 0 0 0 0 0 0 0 0 0 0 0 0 0 0 0 0 0 0 0 0 0 0 0 0 0 0 0 0 0 0 0 0 0 0 0 0 0 0 0 0 0 0 0 0 0 0 0 0 0 0 0 0 0 0 0 0 0 0 0 0 0 0 0 0 0 0 0 0 0 0 0 0 0 0 0 0 0 0 0 0 0 5453 17 3 0 0 980 10893 0 0 0 42 0 1 0 0 0 0 0 0 6003 0 0 0 0 0 0 0 0 0 0 0 0 13885 1 0 1 0 0 1 0 1 0 1 0 1 0 1 0 1 0 0 1 0 4 2 0 0 0 0 0 0 0 2217 14 0 0 0 0 0 0 0 0 0 0 0 25263 0 1 0 92 98 0 0 0 0 0 0 0 0 0 0 0 0 0 0 0 0 0 0 0 0 0 4 0 0 0 0 0 0 0 0 0 0 0 141589 0 0 0 0 0 0 0 0 0 0 0 0 0 0 4 0 0 26 0 0 0 0 0 2591 0 0 0 10 0 0 0 0 0 0 0 0 27 675 0 2 22 0 0 0 0 0 0 42 2 2 0 2 0 7 177 0 0 0 0 0 0 0 0 0 2 0 0 0 0 0 562 280 0 71 0 0 0 0 259 375 2743 6085 0 0 0 0 0 0 0 0 0 0 0 0 0 0 0 0 0 0 0 0 0 0 0 0 0 0 0 0 0 0 0 0 3740 0 0
ctxt 55593831
btime 1616392896
processes 364851
procs_running 1
procs_blocked 0
softirq 12400548 0 2434398 447 111 5070263 0 572397 2035062 0 2287870
MemTotal:        5647900 kB
MemFree:         2563468 kB
MemAvailable:    4072136 kB
Buffers:            8116 kB
Cached:          1831924 kB
SwapCached:        11748 kB
Active:           456712 kB
Inactive:        1689296 kB
Active(anon):     307784 kB
Inactive(anon):    61816 kB
Active(file):     148928 kB
Inactive(file):  1627480 kB
Unevictable:       62276 kB
Mlocked:           62276 kB
SwapTotal:       2097148 kB
SwapFree:        1684956 kB
Dirty:               208 kB
Writeback:             0 kB
AnonPages:        363944 kB
Mapped:           412404 kB
Shmem:              1992 kB
Slab:             200352 kB
SReclaimable:      53108 kB
SUnreclaim:       147244 kB
KernelStack:       34400 kB
PageTables:        35984 kB
NFS_Unstable:          0 kB
Bounce:                0 kB
WritebackTmp:          0 kB
CommitLimit:     4921096 kB
Committed_AS:   40978792 kB
VmallocTotal:   263061440 kB
VmallocUsed:           0 kB
VmallocChunk:          0 kB
CmaTotal:         303104 kB
CmaFree:          201344 kB

END


NEW DATA 1616397492796
usb_current 131375
usb_voltage 5057826
battery_current -1464
battery_voltage 4362781

system status
cpu  1041705 46084 1167647 1319621 20340 30395 21160 0 0 0
cpu0 111205 8403 122491 192368 4505 9922 5950 0 0 0
cpu1 110508 9032 117790 203259 4609 4637 3094 0 0 0
cpu2 107235 9357 116047 207413 4803 4585 2970 0 0 0
cpu3 106992 9001 116784 204250 4984 6434 4243 0 0 0
cpu4 151485 3113 169789 131458 385 1263 1377 0 0 0
cpu5 150781 2919 168677 133992 281 1142 1165 0 0 0
cpu6 152955 2743 173303 125092 427 1222 1206 0 0 0
cpu7 150539 1512 182761 121787 341 1187 1150 0 0 0
intr 41445972 0 0 0 0 3044992 0 226450 0 5247 0 0 0 0 45 35 0 1 0 2 0 2 0 2 0 2 3 0 0 2 1 0 0 37650 31870 0 31561 0 0 0 0 0 0 0 0 0 0 0 0 0 5410051 542693 9 0 0 1635 0 0 0 0 0 533 0 1438 537 11 11 0 5 0 0 0 0 0 0 0 0 0 0 0 0 0 0 0 0 0 0 0 0 0 0 0 0 0 0 0 0 0 0 0 0 0 0 0 0 0 7 222 6 1 14188 359 0 0 0 0 0 0 0 15253 0 0 0 0 0 0 0 0 0 0 0 0 0 0 0 0 0 0 0 0 0 0 0 0 0 0 0 0 0 0 0 0 0 0 0 0 0 0 0 0 0 0 0 0 0 0 0 0 0 0 0 0 0 0 0 0 0 0 0 0 0 0 0 0 0 0 0 0 0 0 0 0 0 0 0 0 0 0 0 0 0 0 0 0 0 0 0 0 0 0 0 0 0 0 0 0 0 0 0 0 0 0 0 0 0 0 0 0 0 0 0 0 1 0 0 0 0 0 0 0 116 0 0 0 0 0 0 0 0 0 0 0 0 0 0 0 0 0 0 0 0 0 0 0 0 0 0 0 0 0 0 0 0 0 0 0 0 0 0 0 0 0 0 0 0 0 0 0 0 0 0 0 0 0 0 0 0 0 0 0 0 0 0 0 0 0 0 0 0 0 0 0 0 0 0 0 0 0 0 0 0 0 0 0 0 0 0 0 0 0 0 0 0 0 0 0 0 0 0 0 0 0 0 0 0 0 0 0 0 0 0 0 0 6 4 10 4 0 0 0 0 0 0 0 0 0 0 0 0 0 0 0 0 0 0 0 0 0 0 0 0 0 0 0 0 0 0 0 0 0 0 0 0 0 0 0 0 0 0 0 0 0 0 0 0 0 0 0 0 0 0 0 0 0 0 0 0 0 0 0 0 0 0 0 0 0 0 0 0 0 0 0 0 0 0 0 0 0 0 0 5453 17 3 0 0 980 10893 0 0 0 42 0 1 0 0 0 0 0 0 6003 0 0 0 0 0 0 0 0 0 0 0 0 13885 1 0 1 0 0 1 0 1 0 1 0 1 0 1 0 1 0 0 1 0 4 2 0 0 0 0 0 0 0 2217 14 0 0 0 0 0 0 0 0 0 0 0 25265 0 1 0 92 98 0 0 0 0 0 0 0 0 0 0 0 0 0 0 0 0 0 0 0 0 0 4 0 0 0 0 0 0 0 0 0 0 0 141589 0 0 0 0 0 0 0 0 0 0 0 0 0 0 4 0 0 26 0 0 0 0 0 2591 0 0 0 10 0 0 0 0 0 0 0 0 27 675 0 2 22 0 0 0 0 0 0 42 2 2 0 2 0 7 177 0 0 0 0 0 0 0 0 0 2 0 0 0 0 0 562 280 0 71 0 0 0 0 259 375 2743 6085 0 0 0 0 0 0 0 0 0 0 0 0 0 0 0 0 0 0 0 0 0 0 0 0 0 0 0 0 0 0 0 0 3740 0 0
ctxt 55593964
btime 1616392896
processes 364860
procs_running 1
procs_blocked 0
softirq 12400587 0 2434407 447 111 5070263 0 572408 2035072 0 2287879
MemTotal:        5647900 kB
MemFree:         2563096 kB
MemAvailable:    4071768 kB
Buffers:            8116 kB
Cached:          1831928 kB
SwapCached:        11748 kB
Active:           456712 kB
Inactive:        1689300 kB
Active(anon):     307784 kB
Inactive(anon):    61816 kB
Active(file):     148928 kB
Inactive(file):  1627484 kB
Unevictable:       62276 kB
Mlocked:           62276 kB
SwapTotal:       2097148 kB
SwapFree:        1684956 kB
Dirty:               212 kB
Writeback:             0 kB
AnonPages:        363988 kB
Mapped:           412404 kB
Shmem:              1992 kB
Slab:             200360 kB
SReclaimable:      53108 kB
SUnreclaim:       147252 kB
KernelStack:       34400 kB
PageTables:        35984 kB
NFS_Unstable:          0 kB
Bounce:                0 kB
WritebackTmp:          0 kB
CommitLimit:     4921096 kB
Committed_AS:   40975972 kB
VmallocTotal:   263061440 kB
VmallocUsed:           0 kB
VmallocChunk:          0 kB
CmaTotal:         303104 kB
CmaFree:          201344 kB

END


NEW DATA 1616397492840
usb_current 131375
usb_voltage 5062500
battery_current -1464
battery_voltage 4362781

system status
cpu  1041707 46084 1167650 1319653 20340 30395 21160 0 0 0
cpu0 111205 8403 122491 192373 4505 9922 5950 0 0 0
cpu1 110508 9032 117790 203264 4609 4637 3094 0 0 0
cpu2 107235 9357 116047 207417 4803 4585 2970 0 0 0
cpu3 106992 9001 116784 204254 4984 6434 4243 0 0 0
cpu4 151485 3113 169790 131462 385 1263 1377 0 0 0
cpu5 150781 2919 168677 133995 281 1142 1165 0 0 0
cpu6 152956 2743 173304 125095 427 1222 1206 0 0 0
cpu7 150540 1512 182762 121789 341 1187 1150 0 0 0
intr 41446134 0 0 0 0 3045008 0 226450 0 5247 0 0 0 0 45 35 0 1 0 2 0 2 0 2 0 2 3 0 0 2 1 0 0 37650 31871 0 31561 0 0 0 0 0 0 0 0 0 0 0 0 0 5410051 542706 9 0 0 1635 0 0 0 0 0 533 0 1438 537 11 11 0 5 0 0 0 0 0 0 0 0 0 0 0 0 0 0 0 0 0 0 0 0 0 0 0 0 0 0 0 0 0 0 0 0 0 0 0 0 0 7 222 6 1 14188 359 0 0 0 0 0 0 0 15253 0 0 0 0 0 0 0 0 0 0 0 0 0 0 0 0 0 0 0 0 0 0 0 0 0 0 0 0 0 0 0 0 0 0 0 0 0 0 0 0 0 0 0 0 0 0 0 0 0 0 0 0 0 0 0 0 0 0 0 0 0 0 0 0 0 0 0 0 0 0 0 0 0 0 0 0 0 0 0 0 0 0 0 0 0 0 0 0 0 0 0 0 0 0 0 0 0 0 0 0 0 0 0 0 0 0 0 0 0 0 0 0 1 0 0 0 0 0 0 0 116 0 0 0 0 0 0 0 0 0 0 0 0 0 0 0 0 0 0 0 0 0 0 0 0 0 0 0 0 0 0 0 0 0 0 0 0 0 0 0 0 0 0 0 0 0 0 0 0 0 0 0 0 0 0 0 0 0 0 0 0 0 0 0 0 0 0 0 0 0 0 0 0 0 0 0 0 0 0 0 0 0 0 0 0 0 0 0 0 0 0 0 0 0 0 0 0 0 0 0 0 0 0 0 0 0 0 0 0 0 0 0 0 6 4 10 4 0 0 0 0 0 0 0 0 0 0 0 0 0 0 0 0 0 0 0 0 0 0 0 0 0 0 0 0 0 0 0 0 0 0 0 0 0 0 0 0 0 0 0 0 0 0 0 0 0 0 0 0 0 0 0 0 0 0 0 0 0 0 0 0 0 0 0 0 0 0 0 0 0 0 0 0 0 0 0 0 0 0 0 5453 17 3 0 0 980 10893 0 0 0 42 0 1 0 0 0 0 0 0 6003 0 0 0 0 0 0 0 0 0 0 0 0 13885 1 0 1 0 0 1 0 1 0 1 0 1 0 1 0 1 0 0 1 0 4 2 0 0 0 0 0 0 0 2217 14 0 0 0 0 0 0 0 0 0 0 0 25267 0 1 0 92 98 0 0 0 0 0 0 0 0 0 0 0 0 0 0 0 0 0 0 0 0 0 4 0 0 0 0 0 0 0 0 0 0 0 141589 0 0 0 0 0 0 0 0 0 0 0 0 0 0 4 0 0 26 0 0 0 0 0 2591 0 0 0 10 0 0 0 0 0 0 0 0 27 675 0 2 22 0 0 0 0 0 0 42 2 2 0 2 0 7 177 0 0 0 0 0 0 0 0 0 2 0 0 0 0 0 562 280 0 71 0 0 0 0 259 375 2743 6085 0 0 0 0 0 0 0 0 0 0 0 0 0 0 0 0 0 0 0 0 0 0 0 0 0 0 0 0 0 0 0 0 3740 0 0
ctxt 55594110
btime 1616392896
processes 364869
procs_running 1
procs_blocked 0
softirq 12400639 0 2434420 447 111 5070263 0 572421 2035085 0 2287892
MemTotal:        5647900 kB
MemFree:         2563344 kB
MemAvailable:    4072020 kB
Buffers:            8116 kB
Cached:          1831932 kB
SwapCached:        11748 kB
Active:           456720 kB
Inactive:        1689304 kB
Active(anon):     307792 kB
Inactive(anon):    61816 kB
Active(file):     148928 kB
Inactive(file):  1627488 kB
Unevictable:       62276 kB
Mlocked:           62276 kB
SwapTotal:       2097148 kB
SwapFree:        1684956 kB
Dirty:               216 kB
Writeback:             0 kB
AnonPages:        364032 kB
Mapped:           412404 kB
Shmem:              1992 kB
Slab:             200360 kB
SReclaimable:      53108 kB
SUnreclaim:       147252 kB
KernelStack:       34400 kB
PageTables:        35984 kB
NFS_Unstable:          0 kB
Bounce:                0 kB
WritebackTmp:          0 kB
CommitLimit:     4921096 kB
Committed_AS:   40975972 kB
VmallocTotal:   263061440 kB
VmallocUsed:           0 kB
VmallocChunk:          0 kB
CmaTotal:         303104 kB
CmaFree:          201344 kB

END


NEW DATA 1616397492889
usb_current 131375
usb_voltage 5036418
battery_current -1464
battery_voltage 4362781

system status
cpu  1041709 46084 1167653 1319686 20340 30395 21160 0 0 0
cpu0 111205 8403 122491 192377 4505 9922 5950 0 0 0
cpu1 110508 9032 117790 203269 4609 4637 3094 0 0 0
cpu2 107235 9357 116047 207422 4803 4585 2970 0 0 0
cpu3 106992 9001 116784 204259 4984 6434 4243 0 0 0
cpu4 151485 3113 169791 131466 385 1263 1377 0 0 0
cpu5 150783 2919 168678 133998 281 1142 1165 0 0 0
cpu6 152956 2743 173305 125098 427 1222 1206 0 0 0
cpu7 150540 1512 182762 121793 341 1187 1150 0 0 0
intr 41446306 0 0 0 0 3045021 0 226450 0 5247 0 0 0 0 45 35 0 1 0 2 0 2 0 2 0 2 3 0 0 2 1 0 0 37650 31872 0 31561 0 0 0 0 0 0 0 0 0 0 0 0 0 5410051 542720 9 0 0 1635 0 0 0 0 0 533 0 1438 537 11 11 0 5 0 0 0 0 0 0 0 0 0 0 0 0 0 0 0 0 0 0 0 0 0 0 0 0 0 0 0 0 0 0 0 0 0 0 0 0 0 7 222 6 1 14188 359 0 0 0 0 0 0 0 15253 0 0 0 0 0 0 0 0 0 0 0 0 0 0 0 0 0 0 0 0 0 0 0 0 0 0 0 0 0 0 0 0 0 0 0 0 0 0 0 0 0 0 0 0 0 0 0 0 0 0 0 0 0 0 0 0 0 0 0 0 0 0 0 0 0 0 0 0 0 0 0 0 0 0 0 0 0 0 0 0 0 0 0 0 0 0 0 0 0 0 0 0 0 0 0 0 0 0 0 0 0 0 0 0 0 0 0 0 0 0 0 0 1 0 0 0 0 0 0 0 116 0 0 0 0 0 0 0 0 0 0 0 0 0 0 0 0 0 0 0 0 0 0 0 0 0 0 0 0 0 0 0 0 0 0 0 0 0 0 0 0 0 0 0 0 0 0 0 0 0 0 0 0 0 0 0 0 0 0 0 0 0 0 0 0 0 0 0 0 0 0 0 0 0 0 0 0 0 0 0 0 0 0 0 0 0 0 0 0 0 0 0 0 0 0 0 0 0 0 0 0 0 0 0 0 0 0 0 0 0 0 0 0 6 4 10 4 0 0 0 0 0 0 0 0 0 0 0 0 0 0 0 0 0 0 0 0 0 0 0 0 0 0 0 0 0 0 0 0 0 0 0 0 0 0 0 0 0 0 0 0 0 0 0 0 0 0 0 0 0 0 0 0 0 0 0 0 0 0 0 0 0 0 0 0 0 0 0 0 0 0 0 0 0 0 0 0 0 0 0 5453 17 3 0 0 980 10893 0 0 0 42 0 1 0 0 0 0 0 0 6003 0 0 0 0 0 0 0 0 0 0 0 0 13885 1 0 1 0 0 1 0 1 0 1 0 1 0 1 0 1 0 0 1 0 4 2 0 0 0 0 0 0 0 2217 14 0 0 0 0 0 0 0 0 0 0 0 25269 0 1 0 92 98 0 0 0 0 0 0 0 0 0 0 0 0 0 0 0 0 0 0 0 0 0 4 0 0 0 0 0 0 0 0 0 0 0 141589 0 0 0 0 0 0 0 0 0 0 0 0 0 0 4 0 0 26 0 0 0 0 0 2591 0 0 0 10 0 0 0 0 0 0 0 0 27 675 0 2 22 0 0 0 0 0 0 42 2 2 0 2 0 7 177 0 0 0 0 0 0 0 0 0 2 0 0 0 0 0 562 280 0 71 0 0 0 0 259 375 2743 6085 0 0 0 0 0 0 0 0 0 0 0 0 0 0 0 0 0 0 0 0 0 0 0 0 0 0 0 0 0 0 0 0 3740 0 0
ctxt 55594258
btime 1616392896
processes 364878
procs_running 1
procs_blocked 0
softirq 12400683 0 2434430 447 111 5070263 0 572435 2035095 0 2287902
MemTotal:        5647900 kB
MemFree:         2563064 kB
MemAvailable:    4071760 kB
Buffers:            8116 kB
Cached:          1831936 kB
SwapCached:        11748 kB
Active:           456712 kB
Inactive:        1689308 kB
Active(anon):     307784 kB
Inactive(anon):    61816 kB
Active(file):     148928 kB
Inactive(file):  1627492 kB
Unevictable:       62276 kB
Mlocked:           62276 kB
SwapTotal:       2097148 kB
SwapFree:        1684956 kB
Dirty:               220 kB
Writeback:             0 kB
AnonPages:        363944 kB
Mapped:           412404 kB
Shmem:              1992 kB
Slab:             200392 kB
SReclaimable:      53140 kB
SUnreclaim:       147252 kB
KernelStack:       34400 kB
PageTables:        35984 kB
NFS_Unstable:          0 kB
Bounce:                0 kB
WritebackTmp:          0 kB
CommitLimit:     4921096 kB
Committed_AS:   40975972 kB
VmallocTotal:   263061440 kB
VmallocUsed:           0 kB
VmallocChunk:          0 kB
CmaTotal:         303104 kB
CmaFree:          201344 kB

END


NEW DATA 1616397492936
usb_current 130730
usb_voltage 5062884
battery_current -1464
battery_voltage 4362781

system status
cpu  1041711 46084 1167654 1319719 20340 30395 21160 0 0 0
cpu0 111205 8403 122491 192382 4505 9922 5950 0 0 0
cpu1 110508 9032 117790 203273 4609 4637 3094 0 0 0
cpu2 107235 9357 116047 207427 4803 4585 2970 0 0 0
cpu3 106992 9001 116784 204264 4984 6434 4243 0 0 0
cpu4 151486 3113 169792 131469 385 1263 1377 0 0 0
cpu5 150783 2919 168678 134002 281 1142 1165 0 0 0
cpu6 152957 2743 173305 125101 427 1222 1206 0 0 0
cpu7 150540 1512 182762 121797 341 1187 1150 0 0 0
intr 41446460 0 0 0 0 3045032 0 226450 0 5247 0 0 0 0 45 35 0 1 0 2 0 2 0 2 0 2 3 0 0 2 1 0 0 37650 31872 0 31561 0 0 0 0 0 0 0 0 0 0 0 0 0 5410051 542728 9 0 0 1635 0 0 0 0 0 533 0 1438 537 11 11 0 5 0 0 0 0 0 0 0 0 0 0 0 0 0 0 0 0 0 0 0 0 0 0 0 0 0 0 0 0 0 0 0 0 0 0 0 0 0 7 222 6 1 14188 359 0 0 0 0 0 0 0 15253 0 0 0 0 0 0 0 0 0 0 0 0 0 0 0 0 0 0 0 0 0 0 0 0 0 0 0 0 0 0 0 0 0 0 0 0 0 0 0 0 0 0 0 0 0 0 0 0 0 0 0 0 0 0 0 0 0 0 0 0 0 0 0 0 0 0 0 0 0 0 0 0 0 0 0 0 0 0 0 0 0 0 0 0 0 0 0 0 0 0 0 0 0 0 0 0 0 0 0 0 0 0 0 0 0 0 0 0 0 0 0 0 1 0 0 0 0 0 0 0 116 0 0 0 0 0 0 0 0 0 0 0 0 0 0 0 0 0 0 0 0 0 0 0 0 0 0 0 0 0 0 0 0 0 0 0 0 0 0 0 0 0 0 0 0 0 0 0 0 0 0 0 0 0 0 0 0 0 0 0 0 0 0 0 0 0 0 0 0 0 0 0 0 0 0 0 0 0 0 0 0 0 0 0 0 0 0 0 0 0 0 0 0 0 0 0 0 0 0 0 0 0 0 0 0 0 0 0 0 0 0 0 0 6 4 10 4 0 0 0 0 0 0 0 0 0 0 0 0 0 0 0 0 0 0 0 0 0 0 0 0 0 0 0 0 0 0 0 0 0 0 0 0 0 0 0 0 0 0 0 0 0 0 0 0 0 0 0 0 0 0 0 0 0 0 0 0 0 0 0 0 0 0 0 0 0 0 0 0 0 0 0 0 0 0 0 0 0 0 0 5453 17 3 0 0 980 10893 0 0 0 42 0 1 0 0 0 0 0 0 6003 0 0 0 0 0 0 0 0 0 0 0 0 13885 1 0 1 0 0 1 0 1 0 1 0 1 0 1 0 1 0 0 1 0 4 2 0 0 0 0 0 0 0 2217 14 0 0 0 0 0 0 0 0 0 0 0 25271 0 1 0 92 98 0 0 0 0 0 0 0 0 0 0 0 0 0 0 0 0 0 0 0 0 0 4 0 0 0 0 0 0 0 0 0 0 0 141589 0 0 0 0 0 0 0 0 0 0 0 0 0 0 4 0 0 26 0 0 0 0 0 2591 0 0 0 10 0 0 0 0 0 0 0 0 27 675 0 2 22 0 0 0 0 0 0 42 2 2 0 2 0 7 177 0 0 0 0 0 0 0 0 0 2 0 0 0 0 0 562 280 0 71 0 0 0 0 259 375 2743 6085 0 0 0 0 0 0 0 0 0 0 0 0 0 0 0 0 0 0 0 0 0 0 0 0 0 0 0 0 0 0 0 0 3740 0 0
ctxt 55594377
btime 1616392896
processes 364887
procs_running 1
procs_blocked 0
softirq 12400718 0 2434439 447 111 5070263 0 572443 2035104 0 2287911
MemTotal:        5647900 kB
MemFree:         2562940 kB
MemAvailable:    4071640 kB
Buffers:            8116 kB
Cached:          1831940 kB
SwapCached:        11748 kB
Active:           456724 kB
Inactive:        1689312 kB
Active(anon):     307796 kB
Inactive(anon):    61816 kB
Active(file):     148928 kB
Inactive(file):  1627496 kB
Unevictable:       62276 kB
Mlocked:           62276 kB
SwapTotal:       2097148 kB
SwapFree:        1684956 kB
Dirty:               224 kB
Writeback:             0 kB
AnonPages:        364032 kB
Mapped:           412404 kB
Shmem:              1992 kB
Slab:             200396 kB
SReclaimable:      53140 kB
SUnreclaim:       147256 kB
KernelStack:       34400 kB
PageTables:        35984 kB
NFS_Unstable:          0 kB
Bounce:                0 kB
WritebackTmp:          0 kB
CommitLimit:     4921096 kB
Committed_AS:   40975972 kB
VmallocTotal:   263061440 kB
VmallocUsed:           0 kB
VmallocChunk:          0 kB
CmaTotal:         303104 kB
CmaFree:          201344 kB

END


NEW DATA 1616397492983
usb_current 305575
usb_voltage 5064834
battery_current -1464
battery_voltage 4362781

system status
cpu  1041713 46084 1167656 1319752 20340 30395 21160 0 0 0
cpu0 111205 8403 122491 192387 4505 9922 5950 0 0 0
cpu1 110508 9032 117790 203278 4609 4637 3094 0 0 0
cpu2 107235 9357 116047 207432 4803 4585 2970 0 0 0
cpu3 106992 9001 116784 204268 4984 6434 4243 0 0 0
cpu4 151488 3113 169793 131471 385 1263 1377 0 0 0
cpu5 150783 2919 168678 134007 281 1142 1165 0 0 0
cpu6 152957 2743 173306 125104 427 1222 1206 0 0 0
cpu7 150540 1512 182762 121801 341 1187 1150 0 0 0
intr 41446627 0 0 0 0 3045047 0 226450 0 5247 0 0 0 0 45 35 0 1 0 2 0 2 0 2 0 2 3 0 0 2 1 0 0 37650 31872 0 31561 0 0 0 0 0 0 0 0 0 0 0 0 0 5410051 542738 9 0 0 1635 0 0 0 0 0 533 0 1438 537 11 11 0 5 0 0 0 0 0 0 0 0 0 0 0 0 0 0 0 0 0 0 0 0 0 0 0 0 0 0 0 0 0 0 0 0 0 0 0 0 0 7 222 6 1 14188 359 0 0 0 0 0 0 0 15253 0 0 0 0 0 0 0 0 0 0 0 0 0 0 0 0 0 0 0 0 0 0 0 0 0 0 0 0 0 0 0 0 0 0 0 0 0 0 0 0 0 0 0 0 0 0 0 0 0 0 0 0 0 0 0 0 0 0 0 0 0 0 0 0 0 0 0 0 0 0 0 0 0 0 0 0 0 0 0 0 0 0 0 0 0 0 0 0 0 0 0 0 0 0 0 0 0 0 0 0 0 0 0 0 0 0 0 0 0 0 0 0 1 0 0 0 0 0 0 0 116 0 0 0 0 0 0 0 0 0 0 0 0 0 0 0 0 0 0 0 0 0 0 0 0 0 0 0 0 0 0 0 0 0 0 0 0 0 0 0 0 0 0 0 0 0 0 0 0 0 0 0 0 0 0 0 0 0 0 0 0 0 0 0 0 0 0 0 0 0 0 0 0 0 0 0 0 0 0 0 0 0 0 0 0 0 0 0 0 0 0 0 0 0 0 0 0 0 0 0 0 0 0 0 0 0 0 0 0 0 0 0 0 6 4 10 4 0 0 0 0 0 0 0 0 0 0 0 0 0 0 0 0 0 0 0 0 0 0 0 0 0 0 0 0 0 0 0 0 0 0 0 0 0 0 0 0 0 0 0 0 0 0 0 0 0 0 0 0 0 0 0 0 0 0 0 0 0 0 0 0 0 0 0 0 0 0 0 0 0 0 0 0 0 0 0 0 0 0 0 5453 17 3 0 0 980 10893 0 0 0 42 0 1 0 0 0 0 0 0 6003 0 0 0 0 0 0 0 0 0 0 0 0 13885 1 0 1 0 0 1 0 1 0 1 0 1 0 1 0 1 0 0 1 0 4 2 0 0 0 0 0 0 0 2218 14 0 0 0 0 0 0 0 0 0 0 0 25274 0 1 0 92 98 0 0 0 0 0 0 0 0 0 0 0 0 0 0 0 0 0 0 0 0 0 4 0 0 0 0 0 0 0 0 0 0 0 141589 0 0 0 0 0 0 0 0 0 0 0 0 0 0 4 0 0 26 0 0 0 0 0 2592 0 0 0 10 0 0 0 0 0 0 0 0 27 675 0 2 22 0 0 0 0 0 0 42 2 2 0 2 0 7 177 0 0 0 0 0 0 0 0 0 2 0 0 0 0 0 563 280 0 71 0 0 0 0 259 375 2743 6085 0 0 0 0 0 0 0 0 0 0 0 0 0 0 0 0 0 0 0 0 0 0 0 0 0 0 0 0 0 0 0 0 3740 0 0
ctxt 55594518
btime 1616392896
processes 364896
procs_running 1
procs_blocked 0
softirq 12400763 0 2434450 447 111 5070263 0 572453 2035116 0 2287923
MemTotal:        5647900 kB
MemFree:         2562940 kB
MemAvailable:    4071640 kB
Buffers:            8116 kB
Cached:          1831940 kB
SwapCached:        11748 kB
Active:           456752 kB
Inactive:        1689312 kB
Active(anon):     307824 kB
Inactive(anon):    61816 kB
Active(file):     148928 kB
Inactive(file):  1627496 kB
Unevictable:       62276 kB
Mlocked:           62276 kB
SwapTotal:       2097148 kB
SwapFree:        1684956 kB
Dirty:               224 kB
Writeback:             0 kB
AnonPages:        364032 kB
Mapped:           412404 kB
Shmem:              1992 kB
Slab:             200404 kB
SReclaimable:      53140 kB
SUnreclaim:       147264 kB
KernelStack:       34400 kB
PageTables:        35984 kB
NFS_Unstable:          0 kB
Bounce:                0 kB
WritebackTmp:          0 kB
CommitLimit:     4921096 kB
Committed_AS:   40978792 kB
VmallocTotal:   263061440 kB
VmallocUsed:           0 kB
VmallocChunk:          0 kB
CmaTotal:         303104 kB
CmaFree:          201344 kB

END


NEW DATA 1616397493032
usb_current 131375
usb_voltage 5064834
battery_current -1464
battery_voltage 4362781

system status
cpu  1041716 46084 1167658 1319786 20340 30396 21160 0 0 0
cpu0 111205 8403 122491 192392 4505 9922 5950 0 0 0
cpu1 110508 9032 117790 203283 4609 4637 3094 0 0 0
cpu2 107235 9357 116047 207436 4803 4585 2970 0 0 0
cpu3 106992 9001 116784 204273 4984 6434 4243 0 0 0
cpu4 151488 3113 169793 131476 385 1263 1377 0 0 0
cpu5 150784 2919 168679 134009 281 1142 1165 0 0 0
cpu6 152959 2743 173307 125108 427 1222 1206 0 0 0
cpu7 150540 1512 182762 121806 341 1187 1150 0 0 0
intr 41446803 0 0 0 0 3045061 0 226450 0 5247 0 0 0 0 45 35 0 1 0 2 0 2 0 2 0 2 3 0 0 2 1 0 0 37650 31873 0 31562 0 0 0 0 0 0 0 0 0 0 0 0 0 5410051 542755 9 0 0 1635 0 0 0 0 0 533 0 1438 537 11 11 0 5 0 0 0 0 0 0 0 0 0 0 0 0 0 0 0 0 0 0 0 0 0 0 0 0 0 0 0 0 0 0 0 0 0 0 0 0 0 7 222 6 1 14188 359 0 0 0 0 0 0 0 15253 0 0 0 0 0 0 0 0 0 0 0 0 0 0 0 0 0 0 0 0 0 0 0 0 0 0 0 0 0 0 0 0 0 0 0 0 0 0 0 0 0 0 0 0 0 0 0 0 0 0 0 0 0 0 0 0 0 0 0 0 0 0 0 0 0 0 0 0 0 0 0 0 0 0 0 0 0 0 0 0 0 0 0 0 0 0 0 0 0 0 0 0 0 0 0 0 0 0 0 0 0 0 0 0 0 0 0 0 0 0 0 0 1 0 0 0 0 0 0 0 116 0 0 0 0 0 0 0 0 0 0 0 0 0 0 0 0 0 0 0 0 0 0 0 0 0 0 0 0 0 0 0 0 0 0 0 0 0 0 0 0 0 0 0 0 0 0 0 0 0 0 0 0 0 0 0 0 0 0 0 0 0 0 0 0 0 0 0 0 0 0 0 0 0 0 0 0 0 0 0 0 0 0 0 0 0 0 0 0 0 0 0 0 0 0 0 0 0 0 0 0 0 0 0 0 0 0 0 0 0 0 0 0 6 4 10 4 0 0 0 0 0 0 0 0 0 0 0 0 0 0 0 0 0 0 0 0 0 0 0 0 0 0 0 0 0 0 0 0 0 0 0 0 0 0 0 0 0 0 0 0 0 0 0 0 0 0 0 0 0 0 0 0 0 0 0 0 0 0 0 0 0 0 0 0 0 0 0 0 0 0 0 0 0 0 0 0 0 0 0 5453 17 3 0 0 980 10893 0 0 0 42 0 1 0 0 0 0 0 0 6003 0 0 0 0 0 0 0 0 0 0 0 0 13885 1 0 1 0 0 1 0 1 0 1 0 1 0 1 0 1 0 0 1 0 4 2 0 0 0 0 0 0 0 2218 14 0 0 0 0 0 0 0 0 0 0 0 25276 0 1 0 92 98 0 0 0 0 0 0 0 0 0 0 0 0 0 0 0 0 0 0 0 0 0 4 0 0 0 0 0 0 0 0 0 0 0 141589 0 0 0 0 0 0 0 0 0 0 0 0 0 0 4 0 0 26 0 0 0 0 0 2592 0 0 0 10 0 0 0 0 0 0 0 0 27 675 0 2 22 0 0 0 0 0 0 42 2 2 0 2 0 7 177 0 0 0 0 0 0 0 0 0 2 0 0 0 0 0 563 280 0 71 0 0 0 0 259 375 2743 6085 0 0 0 0 0 0 0 0 0 0 0 0 0 0 0 0 0 0 0 0 0 0 0 0 0 0 0 0 0 0 0 0 3740 0 0
ctxt 55594668
btime 1616392896
processes 364905
procs_running 1
procs_blocked 0
softirq 12400810 0 2434460 447 111 5070263 0 572470 2035127 0 2287932
MemTotal:        5647900 kB
MemFree:         2562940 kB
MemAvailable:    4071644 kB
Buffers:            8116 kB
Cached:          1831944 kB
SwapCached:        11748 kB
Active:           456712 kB
Inactive:        1689316 kB
Active(anon):     307784 kB
Inactive(anon):    61816 kB
Active(file):     148928 kB
Inactive(file):  1627500 kB
Unevictable:       62276 kB
Mlocked:           62276 kB
SwapTotal:       2097148 kB
SwapFree:        1684956 kB
Dirty:               228 kB
Writeback:             0 kB
AnonPages:        363988 kB
Mapped:           412404 kB
Shmem:              1992 kB
Slab:             200408 kB
SReclaimable:      53140 kB
SUnreclaim:       147268 kB
KernelStack:       34400 kB
PageTables:        35984 kB
NFS_Unstable:          0 kB
Bounce:                0 kB
WritebackTmp:          0 kB
CommitLimit:     4921096 kB
Committed_AS:   40975972 kB
VmallocTotal:   263061440 kB
VmallocUsed:           0 kB
VmallocChunk:          0 kB
CmaTotal:         303104 kB
CmaFree:          201344 kB

END


NEW DATA 1616397493080
usb_current 130730
usb_voltage 5062884
battery_current -1464
battery_voltage 4362781

system status
cpu  1041719 46084 1167660 1319819 20340 30396 21160 0 0 0
cpu0 111205 8403 122491 192397 4505 9922 5950 0 0 0
cpu1 110508 9032 117790 203288 4609 4637 3094 0 0 0
cpu2 107235 9357 116047 207441 4803 4585 2970 0 0 0
cpu3 106992 9001 116784 204278 4984 6434 4243 0 0 0
cpu4 151489 3113 169794 131478 385 1263 1377 0 0 0
cpu5 150784 2919 168680 134014 281 1142 1165 0 0 0
cpu6 152959 2743 173307 125112 427 1222 1206 0 0 0
cpu7 150542 1512 182762 121809 341 1187 1150 0 0 0
intr 41446959 0 0 0 0 3045076 0 226450 0 5247 0 0 0 0 45 35 0 1 0 2 0 2 0 2 0 2 3 0 0 2 1 0 0 37650 31874 0 31562 0 0 0 0 0 0 0 0 0 0 0 0 0 5410051 542766 9 0 0 1635 0 0 0 0 0 533 0 1438 537 11 11 0 5 0 0 0 0 0 0 0 0 0 0 0 0 0 0 0 0 0 0 0 0 0 0 0 0 0 0 0 0 0 0 0 0 0 0 0 0 0 7 222 6 1 14188 359 0 0 0 0 0 0 0 15253 0 0 0 0 0 0 0 0 0 0 0 0 0 0 0 0 0 0 0 0 0 0 0 0 0 0 0 0 0 0 0 0 0 0 0 0 0 0 0 0 0 0 0 0 0 0 0 0 0 0 0 0 0 0 0 0 0 0 0 0 0 0 0 0 0 0 0 0 0 0 0 0 0 0 0 0 0 0 0 0 0 0 0 0 0 0 0 0 0 0 0 0 0 0 0 0 0 0 0 0 0 0 0 0 0 0 0 0 0 0 0 0 1 0 0 0 0 0 0 0 116 0 0 0 0 0 0 0 0 0 0 0 0 0 0 0 0 0 0 0 0 0 0 0 0 0 0 0 0 0 0 0 0 0 0 0 0 0 0 0 0 0 0 0 0 0 0 0 0 0 0 0 0 0 0 0 0 0 0 0 0 0 0 0 0 0 0 0 0 0 0 0 0 0 0 0 0 0 0 0 0 0 0 0 0 0 0 0 0 0 0 0 0 0 0 0 0 0 0 0 0 0 0 0 0 0 0 0 0 0 0 0 0 6 4 10 4 0 0 0 0 0 0 0 0 0 0 0 0 0 0 0 0 0 0 0 0 0 0 0 0 0 0 0 0 0 0 0 0 0 0 0 0 0 0 0 0 0 0 0 0 0 0 0 0 0 0 0 0 0 0 0 0 0 0 0 0 0 0 0 0 0 0 0 0 0 0 0 0 0 0 0 0 0 0 0 0 0 0 0 5453 17 3 0 0 980 10893 0 0 0 42 0 1 0 0 0 0 0 0 6003 0 0 0 0 0 0 0 0 0 0 0 0 13885 1 0 1 0 0 1 0 1 0 1 0 1 0 1 0 1 0 0 1 0 4 2 0 0 0 0 0 0 0 2218 14 0 0 0 0 0 0 0 0 0 0 0 25278 0 1 0 92 98 0 0 0 0 0 0 0 0 0 0 0 0 0 0 0 0 0 0 0 0 0 4 0 0 0 0 0 0 0 0 0 0 0 141589 0 0 0 0 0 0 0 0 0 0 0 0 0 0 4 0 0 26 0 0 0 0 0 2592 0 0 0 10 0 0 0 0 0 0 0 0 27 675 0 2 22 0 0 0 0 0 0 42 2 2 0 2 0 7 177 0 0 0 0 0 0 0 0 0 2 0 0 0 0 0 563 280 0 71 0 0 0 0 259 375 2743 6085 0 0 0 0 0 0 0 0 0 0 0 0 0 0 0 0 0 0 0 0 0 0 0 0 0 0 0 0 0 0 0 0 3740 0 0
ctxt 55594800
btime 1616392896
processes 364914
procs_running 1
procs_blocked 0
softirq 12400853 0 2434471 447 111 5070263 0 572481 2035138 0 2287942
MemTotal:        5647900 kB
MemFree:         2562940 kB
MemAvailable:    4071648 kB
Buffers:            8116 kB
Cached:          1831948 kB
SwapCached:        11748 kB
Active:           456716 kB
Inactive:        1689320 kB
Active(anon):     307788 kB
Inactive(anon):    61816 kB
Active(file):     148928 kB
Inactive(file):  1627504 kB
Unevictable:       62276 kB
Mlocked:           62276 kB
SwapTotal:       2097148 kB
SwapFree:        1684956 kB
Dirty:               232 kB
Writeback:             0 kB
AnonPages:        363988 kB
Mapped:           412404 kB
Shmem:              1992 kB
Slab:             200412 kB
SReclaimable:      53140 kB
SUnreclaim:       147272 kB
KernelStack:       34400 kB
PageTables:        35984 kB
NFS_Unstable:          0 kB
Bounce:                0 kB
WritebackTmp:          0 kB
CommitLimit:     4921096 kB
Committed_AS:   40975972 kB
VmallocTotal:   263061440 kB
VmallocUsed:           0 kB
VmallocChunk:          0 kB
CmaTotal:         303104 kB
CmaFree:          201344 kB

END


NEW DATA 1616397493128
usb_current 133000
usb_voltage 5064444
battery_current -1464
battery_voltage 4362781

system status
cpu  1041721 46084 1167664 1319852 20340 30396 21160 0 0 0
cpu0 111205 8403 122491 192401 4505 9922 5950 0 0 0
cpu1 110508 9032 117790 203292 4609 4637 3094 0 0 0
cpu2 107235 9357 116047 207446 4803 4585 2970 0 0 0
cpu3 106992 9001 116784 204283 4984 6434 4243 0 0 0
cpu4 151490 3113 169795 131480 385 1263 1377 0 0 0
cpu5 150784 2919 168682 134016 281 1142 1165 0 0 0
cpu6 152960 2743 173307 125115 427 1222 1206 0 0 0
cpu7 150542 1512 182763 121814 341 1187 1150 0 0 0
intr 41447177 0 0 0 0 3045098 0 226450 0 5247 0 0 0 0 45 35 0 1 0 2 0 2 0 2 0 2 3 0 0 2 1 0 0 37654 31877 0 31562 0 0 0 0 0 0 0 0 0 0 0 0 0 5410051 542779 9 0 0 1635 0 0 0 0 0 533 0 1438 537 11 11 0 5 0 0 0 0 0 0 0 0 0 0 0 0 0 0 0 0 0 0 0 0 0 0 0 0 0 0 0 0 0 0 0 0 0 0 0 0 0 7 222 6 1 14188 359 0 0 0 0 0 0 0 15253 0 0 0 0 0 0 0 0 0 0 0 0 0 0 0 0 0 0 0 0 0 0 0 0 0 0 0 0 0 0 0 0 0 0 0 0 0 0 0 0 0 0 0 0 0 0 0 0 0 0 0 0 0 0 0 0 0 0 0 0 0 0 0 0 0 0 0 0 0 0 0 0 0 0 0 0 0 0 0 0 0 0 0 0 0 0 0 0 0 0 0 0 0 0 0 0 0 0 0 0 0 0 0 0 0 0 0 0 0 0 0 0 1 0 0 0 0 0 0 0 116 0 0 0 0 0 0 0 0 0 0 0 0 0 0 0 0 0 0 0 0 0 0 0 0 0 0 0 0 0 0 0 0 0 0 0 0 0 0 0 0 0 0 0 0 0 0 0 0 0 0 0 0 0 0 0 0 0 0 0 0 0 0 0 0 0 0 0 0 0 0 0 0 0 0 0 0 0 0 0 0 0 0 0 0 0 0 0 0 0 0 0 0 0 0 0 0 0 0 0 0 0 0 0 0 0 0 0 0 0 0 0 0 6 4 10 4 0 0 0 0 0 0 0 0 0 0 0 0 0 0 0 0 0 0 0 0 0 0 0 0 0 0 0 0 0 0 0 0 0 0 0 0 0 0 0 0 0 0 0 0 0 0 0 0 0 0 0 0 0 0 0 0 0 0 0 0 0 0 0 0 0 0 0 0 0 0 0 0 0 0 0 0 0 0 0 0 0 0 0 5453 17 3 0 0 980 10893 0 0 0 42 0 1 0 0 0 0 0 0 6003 0 0 0 0 0 0 0 0 0 0 0 0 13885 1 0 1 0 0 1 0 1 0 1 0 1 0 1 0 1 0 0 1 0 4 2 0 0 0 0 0 0 0 2218 14 0 0 0 0 0 0 0 0 0 0 0 25280 0 1 0 92 98 0 0 0 0 0 0 0 0 0 0 0 0 0 0 0 0 0 0 0 0 0 4 0 0 0 0 0 0 0 0 0 0 0 141589 0 0 0 0 0 0 0 0 0 0 0 0 0 0 4 0 0 26 0 0 0 0 0 2592 0 0 0 10 0 0 0 0 0 0 0 0 27 675 0 2 22 0 0 0 0 0 0 42 2 2 0 2 0 7 177 0 0 0 0 0 0 0 0 0 2 0 0 0 0 0 563 280 0 71 0 0 0 0 259 375 2743 6085 0 0 0 0 0 0 0 0 0 0 0 0 0 0 0 0 0 0 0 0 0 0 0 0 0 0 0 0 0 0 0 0 3740 0 0
ctxt 55595094
btime 1616392896
processes 364924
procs_running 1
procs_blocked 0
softirq 12400908 0 2434485 447 111 5070263 0 572494 2035152 0 2287956
MemTotal:        5647900 kB
MemFree:         2562908 kB
MemAvailable:    4071616 kB
Buffers:            8116 kB
Cached:          1831948 kB
SwapCached:        11748 kB
Active:           457048 kB
Inactive:        1689316 kB
Active(anon):     308120 kB
Inactive(anon):    61812 kB
Active(file):     148928 kB
Inactive(file):  1627504 kB
Unevictable:       62276 kB
Mlocked:           62276 kB
SwapTotal:       2097148 kB
SwapFree:        1684960 kB
Dirty:               256 kB
Writeback:             0 kB
AnonPages:        364192 kB
Mapped:           412404 kB
Shmem:              1992 kB
Slab:             200428 kB
SReclaimable:      53140 kB
SUnreclaim:       147288 kB
KernelStack:       34400 kB
PageTables:        36048 kB
NFS_Unstable:          0 kB
Bounce:                0 kB
WritebackTmp:          0 kB
CommitLimit:     4921096 kB
Committed_AS:   40975972 kB
VmallocTotal:   263061440 kB
VmallocUsed:           0 kB
VmallocChunk:          0 kB
CmaTotal:         303104 kB
CmaFree:          201344 kB

END


NEW DATA 1616397493176
usb_current 133325
usb_voltage 5063274
battery_current -1464
battery_voltage 4362781

system status
cpu  1041723 46084 1167666 1319885 20340 30396 21160 0 0 0
cpu0 111205 8403 122491 192406 4505 9922 5950 0 0 0
cpu1 110508 9032 117790 203297 4609 4637 3094 0 0 0
cpu2 107235 9357 116047 207451 4803 4585 2970 0 0 0
cpu3 106992 9001 116784 204288 4984 6434 4243 0 0 0
cpu4 151491 3113 169795 131482 385 1263 1377 0 0 0
cpu5 150784 2919 168683 134021 281 1142 1166 0 0 0
cpu6 152960 2743 173307 125119 427 1222 1206 0 0 0
cpu7 150543 1512 182764 121818 341 1187 1150 0 0 0
intr 41447333 0 0 0 0 3045113 0 226450 0 5247 0 0 0 0 45 35 0 1 0 2 0 2 0 2 0 2 3 0 0 2 1 0 0 37654 31877 0 31562 0 0 0 0 0 0 0 0 0 0 0 0 0 5410051 542791 9 0 0 1635 0 0 0 0 0 533 0 1438 537 11 11 0 5 0 0 0 0 0 0 0 0 0 0 0 0 0 0 0 0 0 0 0 0 0 0 0 0 0 0 0 0 0 0 0 0 0 0 0 0 0 7 222 6 1 14188 359 0 0 0 0 0 0 0 15253 0 0 0 0 0 0 0 0 0 0 0 0 0 0 0 0 0 0 0 0 0 0 0 0 0 0 0 0 0 0 0 0 0 0 0 0 0 0 0 0 0 0 0 0 0 0 0 0 0 0 0 0 0 0 0 0 0 0 0 0 0 0 0 0 0 0 0 0 0 0 0 0 0 0 0 0 0 0 0 0 0 0 0 0 0 0 0 0 0 0 0 0 0 0 0 0 0 0 0 0 0 0 0 0 0 0 0 0 0 0 0 0 1 0 0 0 0 0 0 0 116 0 0 0 0 0 0 0 0 0 0 0 0 0 0 0 0 0 0 0 0 0 0 0 0 0 0 0 0 0 0 0 0 0 0 0 0 0 0 0 0 0 0 0 0 0 0 0 0 0 0 0 0 0 0 0 0 0 0 0 0 0 0 0 0 0 0 0 0 0 0 0 0 0 0 0 0 0 0 0 0 0 0 0 0 0 0 0 0 0 0 0 0 0 0 0 0 0 0 0 0 0 0 0 0 0 0 0 0 0 0 0 0 6 4 10 4 0 0 0 0 0 0 0 0 0 0 0 0 0 0 0 0 0 0 0 0 0 0 0 0 0 0 0 0 0 0 0 0 0 0 0 0 0 0 0 0 0 0 0 0 0 0 0 0 0 0 0 0 0 0 0 0 0 0 0 0 0 0 0 0 0 0 0 0 0 0 0 0 0 0 0 0 0 0 0 0 0 0 0 5453 17 3 0 0 980 10893 0 0 0 42 0 1 0 0 0 0 0 0 6003 0 0 0 0 0 0 0 0 0 0 0 0 13885 1 0 1 0 0 1 0 1 0 1 0 1 0 1 0 1 0 0 1 0 4 2 0 0 0 0 0 0 0 2218 14 0 0 0 0 0 0 0 0 0 0 0 25282 0 1 0 92 98 0 0 0 0 0 0 0 0 0 0 0 0 0 0 0 0 0 0 0 0 0 4 0 0 0 0 0 0 0 0 0 0 0 141589 0 0 0 0 0 0 0 0 0 0 0 0 0 0 4 0 0 26 0 0 0 0 0 2592 0 0 0 10 0 0 0 0 0 0 0 0 27 675 0 2 22 0 0 0 0 0 0 42 2 2 0 2 0 7 177 0 0 0 0 0 0 0 0 0 2 0 0 0 0 0 563 280 0 71 0 0 0 0 259 375 2743 6085 0 0 0 0 0 0 0 0 0 0 0 0 0 0 0 0 0 0 0 0 0 0 0 0 0 0 0 0 0 0 0 0 3740 0 0
ctxt 55595229
btime 1616392896
processes 364933
procs_running 1
procs_blocked 0
softirq 12400949 0 2434494 447 111 5070263 0 572506 2035162 0 2287966
MemTotal:        5647900 kB
MemFree:         2562608 kB
MemAvailable:    4071316 kB
Buffers:            8116 kB
Cached:          1831948 kB
SwapCached:        11748 kB
Active:           456868 kB
Inactive:        1689316 kB
Active(anon):     307940 kB
Inactive(anon):    61812 kB
Active(file):     148928 kB
Inactive(file):  1627504 kB
Unevictable:       62276 kB
Mlocked:           62276 kB
SwapTotal:       2097148 kB
SwapFree:        1684960 kB
Dirty:               256 kB
Writeback:             0 kB
AnonPages:        364248 kB
Mapped:           412404 kB
Shmem:              1992 kB
Slab:             200428 kB
SReclaimable:      53140 kB
SUnreclaim:       147288 kB
KernelStack:       34416 kB
PageTables:        36080 kB
NFS_Unstable:          0 kB
Bounce:                0 kB
WritebackTmp:          0 kB
CommitLimit:     4921096 kB
Committed_AS:   40975884 kB
VmallocTotal:   263061440 kB
VmallocUsed:           0 kB
VmallocChunk:          0 kB
CmaTotal:         303104 kB
CmaFree:          201344 kB

END


NEW DATA 1616397493222
usb_current 323420
usb_voltage 5016564
battery_current -1464
battery_voltage 4362781

system status
cpu  1041725 46084 1167670 1319916 20341 30396 21160 0 0 0
cpu0 111205 8403 122491 192411 4505 9922 5950 0 0 0
cpu1 110508 9032 117790 203302 4609 4637 3094 0 0 0
cpu2 107235 9357 116047 207456 4803 4585 2970 0 0 0
cpu3 106992 9001 116784 204292 4984 6434 4243 0 0 0
cpu4 151491 3113 169795 131486 385 1263 1377 0 0 0
cpu5 150785 2919 168684 134024 281 1142 1166 0 0 0
cpu6 152960 2743 173308 125122 428 1222 1206 0 0 0
cpu7 150544 1512 182766 121820 341 1187 1150 0 0 0
intr 41447594 0 0 0 0 3045139 0 226450 0 5247 0 0 0 0 45 35 0 1 0 2 0 2 0 2 0 2 3 0 0 2 1 0 0 37654 31879 0 31562 0 0 0 0 0 0 0 0 0 0 0 0 0 5410088 542808 9 0 0 1635 0 0 0 0 0 533 0 1438 537 11 11 0 5 0 0 0 0 0 0 0 0 0 0 0 0 0 0 0 0 0 0 0 0 0 0 0 0 0 0 0 0 0 0 0 0 0 0 0 0 0 7 222 6 1 14188 359 0 0 0 0 0 0 0 15253 0 0 0 0 0 0 0 0 0 0 0 0 0 0 0 0 0 0 0 0 0 0 0 0 0 0 0 0 0 0 0 0 0 0 0 0 0 0 0 0 0 0 0 0 0 0 0 0 0 0 0 0 0 0 0 0 0 0 0 0 0 0 0 0 0 0 0 0 0 0 0 0 0 0 0 0 0 0 0 0 0 0 0 0 0 0 0 0 0 0 0 0 0 0 0 0 0 0 0 0 0 0 0 0 0 0 0 0 0 0 0 0 1 0 0 0 0 0 0 0 116 0 0 0 0 0 0 0 0 0 0 0 0 0 0 0 0 0 0 0 0 0 0 0 0 0 0 0 0 0 0 0 0 0 0 0 0 0 0 0 0 0 0 0 0 0 0 0 0 0 0 0 0 0 0 0 0 0 0 0 0 0 0 0 0 0 0 0 0 0 0 0 0 0 0 0 0 0 0 0 0 0 0 0 0 0 0 0 0 0 0 0 0 0 0 0 0 0 0 0 0 0 0 0 0 0 0 0 0 0 0 0 0 6 4 10 4 0 0 0 0 0 0 0 0 0 0 0 0 0 0 0 0 0 0 0 0 0 0 0 0 0 0 0 0 0 0 0 0 0 0 0 0 0 0 0 0 0 0 0 0 0 0 0 0 0 0 0 0 0 0 0 0 0 0 0 0 0 0 0 0 0 0 0 0 0 0 0 0 0 0 0 0 0 0 0 0 0 0 0 5453 17 3 0 0 980 10893 0 0 0 42 0 1 0 0 0 0 0 0 6003 0 0 0 0 0 0 0 0 0 0 0 0 13885 1 0 1 0 0 1 0 1 0 1 0 1 0 1 0 1 0 0 1 0 4 2 0 0 0 0 0 0 0 2218 14 0 0 0 0 0 0 0 0 0 0 0 25284 0 1 0 92 98 0 0 0 0 0 0 0 0 0 0 0 0 0 0 0 0 0 0 0 0 0 4 0 0 0 0 0 0 0 0 0 0 0 141589 0 0 0 0 0 0 0 0 0 0 0 0 0 0 4 0 0 26 0 0 0 0 0 2592 0 0 0 10 0 0 0 0 0 0 0 0 27 675 0 2 22 0 0 0 0 0 0 42 2 2 0 2 0 7 177 0 0 0 0 0 0 0 0 0 2 0 0 0 0 0 563 280 0 71 0 0 0 0 259 375 2743 6085 0 0 0 0 0 0 0 0 0 0 0 0 0 0 0 0 0 0 0 0 0 0 0 0 0 0 0 0 0 0 0 0 3740 0 0
ctxt 55595433
btime 1616392896
processes 364942
procs_running 1
procs_blocked 0
softirq 12401050 0 2434510 447 111 5070299 0 572523 2035178 0 2287982
MemTotal:        5647900 kB
MemFree:         2563020 kB
MemAvailable:    4071728 kB
Buffers:            8128 kB
Cached:          1831936 kB
SwapCached:        11748 kB
Active:           456980 kB
Inactive:        1689316 kB
Active(anon):     308052 kB
Inactive(anon):    61812 kB
Active(file):     148928 kB
Inactive(file):  1627504 kB
Unevictable:       62276 kB
Mlocked:           62276 kB
SwapTotal:       2097148 kB
SwapFree:        1684960 kB
Dirty:               256 kB
Writeback:             0 kB
AnonPages:        363804 kB
Mapped:           412404 kB
Shmem:              1992 kB
Slab:             200432 kB
SReclaimable:      53140 kB
SUnreclaim:       147292 kB
KernelStack:       34396 kB
PageTables:        36144 kB
NFS_Unstable:          0 kB
Bounce:                0 kB
WritebackTmp:          0 kB
CommitLimit:     4921096 kB
Committed_AS:   40973064 kB
VmallocTotal:   263061440 kB
VmallocUsed:           0 kB
VmallocChunk:          0 kB
CmaTotal:         303104 kB
CmaFree:          201344 kB

END


NEW DATA 1616397493271
usb_current 134295
usb_voltage 5060940
battery_current -1464
battery_voltage 4362781

system status
cpu  1041727 46084 1167673 1319949 20341 30396 21160 0 0 0
cpu0 111205 8403 122491 192415 4505 9922 5950 0 0 0
cpu1 110508 9032 117790 203307 4609 4637 3094 0 0 0
cpu2 107235 9357 116047 207460 4803 4585 2970 0 0 0
cpu3 106992 9001 116784 204297 4984 6434 4243 0 0 0
cpu4 151491 3113 169796 131489 385 1263 1377 0 0 0
cpu5 150786 2919 168684 134028 281 1142 1166 0 0 0
cpu6 152961 2743 173310 125125 428 1222 1206 0 0 0
cpu7 150544 1512 182766 121824 341 1187 1150 0 0 0
intr 41447771 0 0 0 0 3045153 0 226450 0 5247 0 0 0 0 45 35 0 1 0 2 0 2 0 2 0 2 3 0 0 2 1 0 0 37654 31879 0 31562 0 0 0 0 0 0 0 0 0 0 0 0 0 5410089 542820 9 0 0 1635 0 0 0 0 0 533 0 1438 537 11 11 0 5 0 0 0 0 0 0 0 0 0 0 0 0 0 0 0 0 0 0 0 0 0 0 0 0 0 0 0 0 0 0 0 0 0 0 0 0 0 7 222 6 1 14188 359 0 0 0 0 0 0 0 15253 0 0 0 0 0 0 0 0 0 0 0 0 0 0 0 0 0 0 0 0 0 0 0 0 0 0 0 0 0 0 0 0 0 0 0 0 0 0 0 0 0 0 0 0 0 0 0 0 0 0 0 0 0 0 0 0 0 0 0 0 0 0 0 0 0 0 0 0 0 0 0 0 0 0 0 0 0 0 0 0 0 0 0 0 0 0 0 0 0 0 0 0 0 0 0 0 0 0 0 0 0 0 0 0 0 0 0 0 0 0 0 0 1 0 0 0 0 0 0 0 116 0 0 0 0 0 0 0 0 0 0 0 0 0 0 0 0 0 0 0 0 0 0 0 0 0 0 0 0 0 0 0 0 0 0 0 0 0 0 0 0 0 0 0 0 0 0 0 0 0 0 0 0 0 0 0 0 0 0 0 0 0 0 0 0 0 0 0 0 0 0 0 0 0 0 0 0 0 0 0 0 0 0 0 0 0 0 0 0 0 0 0 0 0 0 0 0 0 0 0 0 0 0 0 0 0 0 0 0 0 0 0 0 6 4 10 4 0 0 0 0 0 0 0 0 0 0 0 0 0 0 0 0 0 0 0 0 0 0 0 0 0 0 0 0 0 0 0 0 0 0 0 0 0 0 0 0 0 0 0 0 0 0 0 0 0 0 0 0 0 0 0 0 0 0 0 0 0 0 0 0 0 0 0 0 0 0 0 0 0 0 0 0 0 0 0 0 0 0 0 5453 17 3 0 0 980 10893 0 0 0 42 0 1 0 0 0 0 0 0 6003 0 0 0 0 0 0 0 0 0 0 0 0 13885 1 0 1 0 0 1 0 1 0 1 0 1 0 1 0 1 0 0 1 0 4 2 0 0 0 0 0 0 0 2218 14 0 0 0 0 0 0 0 0 0 0 0 25286 0 1 0 92 98 0 0 0 0 0 0 0 0 0 0 0 0 0 0 0 0 0 0 0 0 0 4 0 0 0 0 0 0 0 0 0 0 0 141589 0 0 0 0 0 0 0 0 0 0 0 0 0 0 4 0 0 26 0 0 0 0 0 2592 0 0 0 10 0 0 0 0 0 0 0 0 27 675 0 2 22 0 0 0 0 0 0 42 2 2 0 2 0 7 177 0 0 0 0 0 0 0 0 0 2 0 0 0 0 0 563 280 0 71 0 0 0 0 259 375 2743 6085 0 0 0 0 0 0 0 0 0 0 0 0 0 0 0 0 0 0 0 0 0 0 0 0 0 0 0 0 0 0 0 0 3740 0 0
ctxt 55595580
btime 1616392896
processes 364951
procs_running 1
procs_blocked 0
softirq 12401095 0 2434521 447 111 5070299 0 572535 2035189 0 2287993
MemTotal:        5647900 kB
MemFree:         2562720 kB
MemAvailable:    4071428 kB
Buffers:            8128 kB
Cached:          1831936 kB
SwapCached:        11748 kB
Active:           456980 kB
Inactive:        1689316 kB
Active(anon):     308052 kB
Inactive(anon):    61812 kB
Active(file):     148928 kB
Inactive(file):  1627504 kB
Unevictable:       62276 kB
Mlocked:           62276 kB
SwapTotal:       2097148 kB
SwapFree:        1684960 kB
Dirty:               256 kB
Writeback:             0 kB
AnonPages:        364132 kB
Mapped:           412404 kB
Shmem:              1992 kB
Slab:             200432 kB
SReclaimable:      53140 kB
SUnreclaim:       147292 kB
KernelStack:       34396 kB
PageTables:        36144 kB
NFS_Unstable:          0 kB
Bounce:                0 kB
WritebackTmp:          0 kB
CommitLimit:     4921096 kB
Committed_AS:   40975824 kB
VmallocTotal:   263061440 kB
VmallocUsed:           0 kB
VmallocChunk:          0 kB
CmaTotal:         303104 kB
CmaFree:          201344 kB

END


NEW DATA 1616397493317
usb_current 133000
usb_voltage 5062110
battery_current -1464
battery_voltage 4362781

system status
cpu  1041729 46084 1167676 1319982 20341 30396 21160 0 0 0
cpu0 111205 8403 122491 192420 4505 9922 5950 0 0 0
cpu1 110508 9032 117790 203311 4609 4637 3094 0 0 0
cpu2 107235 9357 116047 207465 4803 4585 2970 0 0 0
cpu3 106992 9001 116784 204301 4984 6434 4243 0 0 0
cpu4 151492 3113 169796 131493 385 1263 1377 0 0 0
cpu5 150787 2919 168684 134031 281 1142 1166 0 0 0
cpu6 152961 2743 173310 125129 428 1222 1206 0 0 0
cpu7 150544 1512 182769 121827 341 1187 1150 0 0 0
intr 41447942 0 0 0 0 3045166 0 226450 0 5247 0 0 0 0 45 35 0 1 0 2 0 2 0 2 0 2 3 0 0 2 1 0 0 37654 31880 0 31562 0 0 0 0 0 0 0 0 0 0 0 0 0 5410089 542833 9 0 0 1635 0 0 0 0 0 533 0 1438 537 11 11 0 5 0 0 0 0 0 0 0 0 0 0 0 0 0 0 0 0 0 0 0 0 0 0 0 0 0 0 0 0 0 0 0 0 0 0 0 0 0 7 222 6 1 14188 359 0 0 0 0 0 0 0 15253 0 0 0 0 0 0 0 0 0 0 0 0 0 0 0 0 0 0 0 0 0 0 0 0 0 0 0 0 0 0 0 0 0 0 0 0 0 0 0 0 0 0 0 0 0 0 0 0 0 0 0 0 0 0 0 0 0 0 0 0 0 0 0 0 0 0 0 0 0 0 0 0 0 0 0 0 0 0 0 0 0 0 0 0 0 0 0 0 0 0 0 0 0 0 0 0 0 0 0 0 0 0 0 0 0 0 0 0 0 0 0 0 1 0 0 0 0 0 0 0 116 0 0 0 0 0 0 0 0 0 0 0 0 0 0 0 0 0 0 0 0 0 0 0 0 0 0 0 0 0 0 0 0 0 0 0 0 0 0 0 0 0 0 0 0 0 0 0 0 0 0 0 0 0 0 0 0 0 0 0 0 0 0 0 0 0 0 0 0 0 0 0 0 0 0 0 0 0 0 0 0 0 0 0 0 0 0 0 0 0 0 0 0 0 0 0 0 0 0 0 0 0 0 0 0 0 0 0 0 0 0 0 0 6 4 10 4 0 0 0 0 0 0 0 0 0 0 0 0 0 0 0 0 0 0 0 0 0 0 0 0 0 0 0 0 0 0 0 0 0 0 0 0 0 0 0 0 0 0 0 0 0 0 0 0 0 0 0 0 0 0 0 0 0 0 0 0 0 0 0 0 0 0 0 0 0 0 0 0 0 0 0 0 0 0 0 0 0 0 0 5453 17 3 0 0 980 10893 0 0 0 42 0 1 0 0 0 0 0 0 6003 0 0 0 0 0 0 0 0 0 0 0 0 13885 1 0 1 0 0 1 0 1 0 1 0 1 0 1 0 1 0 0 1 0 4 2 0 0 0 0 0 0 0 2218 14 0 0 0 0 0 0 0 0 0 0 0 25288 0 1 0 92 98 0 0 0 0 0 0 0 0 0 0 0 0 0 0 0 0 0 0 0 0 0 4 0 0 0 0 0 0 0 0 0 0 0 141589 0 0 0 0 0 0 0 0 0 0 0 0 0 0 4 0 0 26 0 0 0 0 0 2592 0 0 0 10 0 0 0 0 0 0 0 0 27 675 0 2 22 0 0 0 0 0 0 42 2 2 0 2 0 7 177 0 0 0 0 0 0 0 0 0 2 0 0 0 0 0 563 280 0 71 0 0 0 0 259 375 2743 6085 0 0 0 0 0 0 0 0 0 0 0 0 0 0 0 0 0 0 0 0 0 0 0 0 0 0 0 0 0 0 0 0 3740 0 0
ctxt 55595724
btime 1616392896
processes 364960
procs_running 1
procs_blocked 0
softirq 12401144 0 2434533 447 111 5070299 0 572548 2035201 0 2288005
MemTotal:        5647900 kB
MemFree:         2562916 kB
MemAvailable:    4071624 kB
Buffers:            8128 kB
Cached:          1831936 kB
SwapCached:        11748 kB
Active:           456980 kB
Inactive:        1689316 kB
Active(anon):     308052 kB
Inactive(anon):    61812 kB
Active(file):     148928 kB
Inactive(file):  1627504 kB
Unevictable:       62276 kB
Mlocked:           62276 kB
SwapTotal:       2097148 kB
SwapFree:        1684960 kB
Dirty:               256 kB
Writeback:             0 kB
AnonPages:        363872 kB
Mapped:           412404 kB
Shmem:              1992 kB
Slab:             200432 kB
SReclaimable:      53140 kB
SUnreclaim:       147292 kB
KernelStack:       34396 kB
PageTables:        36144 kB
NFS_Unstable:          0 kB
Bounce:                0 kB
WritebackTmp:          0 kB
CommitLimit:     4921096 kB
Committed_AS:   40975824 kB
VmallocTotal:   263061440 kB
VmallocUsed:           0 kB
VmallocChunk:          0 kB
CmaTotal:         303104 kB
CmaFree:          201344 kB

END


NEW DATA 1616397493362
usb_current 138190
usb_voltage 5061720
battery_current -1464
battery_voltage 4362781

system status
cpu  1041731 46084 1167678 1320013 20341 30396 21160 0 0 0
cpu0 111205 8403 122491 192425 4505 9922 5950 0 0 0
cpu1 110508 9032 117790 203316 4609 4637 3094 0 0 0
cpu2 107235 9357 116047 207469 4803 4585 2970 0 0 0
cpu3 106992 9001 116784 204306 4984 6434 4243 0 0 0
cpu4 151493 3113 169796 131496 385 1263 1377 0 0 0
cpu5 150787 2919 168684 134035 281 1142 1166 0 0 0
cpu6 152961 2743 173310 125134 428 1222 1206 0 0 0
cpu7 150545 1512 182771 121829 341 1187 1150 0 0 0
intr 41448092 0 0 0 0 3045181 0 226450 0 5247 0 0 0 0 45 35 0 1 0 2 0 2 0 2 0 2 3 0 0 2 1 0 0 37654 31880 0 31562 0 0 0 0 0 0 0 0 0 0 0 0 0 5410089 542843 9 0 0 1635 0 0 0 0 0 533 0 1438 537 11 11 0 5 0 0 0 0 0 0 0 0 0 0 0 0 0 0 0 0 0 0 0 0 0 0 0 0 0 0 0 0 0 0 0 0 0 0 0 0 0 7 222 6 1 14188 359 0 0 0 0 0 0 0 15253 0 0 0 0 0 0 0 0 0 0 0 0 0 0 0 0 0 0 0 0 0 0 0 0 0 0 0 0 0 0 0 0 0 0 0 0 0 0 0 0 0 0 0 0 0 0 0 0 0 0 0 0 0 0 0 0 0 0 0 0 0 0 0 0 0 0 0 0 0 0 0 0 0 0 0 0 0 0 0 0 0 0 0 0 0 0 0 0 0 0 0 0 0 0 0 0 0 0 0 0 0 0 0 0 0 0 0 0 0 0 0 0 1 0 0 0 0 0 0 0 116 0 0 0 0 0 0 0 0 0 0 0 0 0 0 0 0 0 0 0 0 0 0 0 0 0 0 0 0 0 0 0 0 0 0 0 0 0 0 0 0 0 0 0 0 0 0 0 0 0 0 0 0 0 0 0 0 0 0 0 0 0 0 0 0 0 0 0 0 0 0 0 0 0 0 0 0 0 0 0 0 0 0 0 0 0 0 0 0 0 0 0 0 0 0 0 0 0 0 0 0 0 0 0 0 0 0 0 0 0 0 0 0 6 4 10 4 0 0 0 0 0 0 0 0 0 0 0 0 0 0 0 0 0 0 0 0 0 0 0 0 0 0 0 0 0 0 0 0 0 0 0 0 0 0 0 0 0 0 0 0 0 0 0 0 0 0 0 0 0 0 0 0 0 0 0 0 0 0 0 0 0 0 0 0 0 0 0 0 0 0 0 0 0 0 0 0 0 0 0 5453 17 3 0 0 980 10893 0 0 0 42 0 1 0 0 0 0 0 0 6003 0 0 0 0 0 0 0 0 0 0 0 0 13885 1 0 1 0 0 1 0 1 0 1 0 1 0 1 0 1 0 0 1 0 4 2 0 0 0 0 0 0 0 2218 14 0 0 0 0 0 0 0 0 0 0 0 25290 0 1 0 92 98 0 0 0 0 0 0 0 0 0 0 0 0 0 0 0 0 0 0 0 0 0 4 0 0 0 0 0 0 0 0 0 0 0 141589 0 0 0 0 0 0 0 0 0 0 0 0 0 0 4 0 0 26 0 0 0 0 0 2592 0 0 0 10 0 0 0 0 0 0 0 0 27 675 0 2 22 0 0 0 0 0 0 42 2 2 0 2 0 7 177 0 0 0 0 0 0 0 0 0 2 0 0 0 0 0 563 280 0 71 0 0 0 0 259 375 2743 6085 0 0 0 0 0 0 0 0 0 0 0 0 0 0 0 0 0 0 0 0 0 0 0 0 0 0 0 0 0 0 0 0 3740 0 0
ctxt 55595848
btime 1616392896
processes 364969
procs_running 1
procs_blocked 0
softirq 12401185 0 2434542 447 111 5070299 0 572558 2035212 0 2288016
MemTotal:        5647900 kB
MemFree:         2562408 kB
MemAvailable:    4071116 kB
Buffers:            8128 kB
Cached:          1831936 kB
SwapCached:        11748 kB
Active:           456980 kB
Inactive:        1689316 kB
Active(anon):     308052 kB
Inactive(anon):    61812 kB
Active(file):     148928 kB
Inactive(file):  1627504 kB
Unevictable:       62276 kB
Mlocked:           62276 kB
SwapTotal:       2097148 kB
SwapFree:        1684960 kB
Dirty:               256 kB
Writeback:             0 kB
AnonPages:        364004 kB
Mapped:           412600 kB
Shmem:              1992 kB
Slab:             200432 kB
SReclaimable:      53140 kB
SUnreclaim:       147292 kB
KernelStack:       34344 kB
PageTables:        36144 kB
NFS_Unstable:          0 kB
Bounce:                0 kB
WritebackTmp:          0 kB
CommitLimit:     4921096 kB
Committed_AS:   40972852 kB
VmallocTotal:   263061440 kB
VmallocUsed:           0 kB
VmallocChunk:          0 kB
CmaTotal:         303104 kB
CmaFree:          201344 kB

END


NEW DATA 1616397493406
usb_current 133000
usb_voltage 5060940
battery_current -1464
battery_voltage 4362781

system status
cpu  1041732 46084 1167681 1320044 20341 30396 21160 0 0 0
cpu0 111205 8403 122491 192429 4505 9922 5950 0 0 0
cpu1 110508 9032 117790 203320 4609 4637 3094 0 0 0
cpu2 107235 9357 116047 207474 4803 4585 2970 0 0 0
cpu3 106992 9001 116784 204310 4984 6434 4243 0 0 0
cpu4 151493 3113 169796 131501 385 1263 1377 0 0 0
cpu5 150787 2919 168685 134038 281 1142 1166 0 0 0
cpu6 152961 2743 173311 125138 428 1222 1206 0 0 0
cpu7 150546 1512 182772 121831 341 1187 1150 0 0 0
intr 41448224 0 0 0 0 3045192 0 226450 0 5247 0 0 0 0 45 35 0 1 0 2 0 2 0 2 0 2 3 0 0 2 1 0 0 37654 31880 0 31562 0 0 0 0 0 0 0 0 0 0 0 0 0 5410089 542853 9 0 0 1635 0 0 0 0 0 533 0 1438 537 11 11 0 5 0 0 0 0 0 0 0 0 0 0 0 0 0 0 0 0 0 0 0 0 0 0 0 0 0 0 0 0 0 0 0 0 0 0 0 0 0 7 222 6 1 14188 359 0 0 0 0 0 0 0 15253 0 0 0 0 0 0 0 0 0 0 0 0 0 0 0 0 0 0 0 0 0 0 0 0 0 0 0 0 0 0 0 0 0 0 0 0 0 0 0 0 0 0 0 0 0 0 0 0 0 0 0 0 0 0 0 0 0 0 0 0 0 0 0 0 0 0 0 0 0 0 0 0 0 0 0 0 0 0 0 0 0 0 0 0 0 0 0 0 0 0 0 0 0 0 0 0 0 0 0 0 0 0 0 0 0 0 0 0 0 0 0 0 1 0 0 0 0 0 0 0 116 0 0 0 0 0 0 0 0 0 0 0 0 0 0 0 0 0 0 0 0 0 0 0 0 0 0 0 0 0 0 0 0 0 0 0 0 0 0 0 0 0 0 0 0 0 0 0 0 0 0 0 0 0 0 0 0 0 0 0 0 0 0 0 0 0 0 0 0 0 0 0 0 0 0 0 0 0 0 0 0 0 0 0 0 0 0 0 0 0 0 0 0 0 0 0 0 0 0 0 0 0 0 0 0 0 0 0 0 0 0 0 0 6 4 10 4 0 0 0 0 0 0 0 0 0 0 0 0 0 0 0 0 0 0 0 0 0 0 0 0 0 0 0 0 0 0 0 0 0 0 0 0 0 0 0 0 0 0 0 0 0 0 0 0 0 0 0 0 0 0 0 0 0 0 0 0 0 0 0 0 0 0 0 0 0 0 0 0 0 0 0 0 0 0 0 0 0 0 0 5453 17 3 0 0 980 10893 0 0 0 42 0 1 0 0 0 0 0 0 6003 0 0 0 0 0 0 0 0 0 0 0 0 13885 1 0 1 0 0 1 0 1 0 1 0 1 0 1 0 1 0 0 1 0 4 2 0 0 0 0 0 0 0 2218 14 0 0 0 0 0 0 0 0 0 0 0 25292 0 1 0 92 98 0 0 0 0 0 0 0 0 0 0 0 0 0 0 0 0 0 0 0 0 0 4 0 0 0 0 0 0 0 0 0 0 0 141589 0 0 0 0 0 0 0 0 0 0 0 0 0 0 4 0 0 26 0 0 0 0 0 2592 0 0 0 10 0 0 0 0 0 0 0 0 27 675 0 2 22 0 0 0 0 0 0 42 2 2 0 2 0 7 177 0 0 0 0 0 0 0 0 0 2 0 0 0 0 0 563 280 0 71 0 0 0 0 259 375 2743 6085 0 0 0 0 0 0 0 0 0 0 0 0 0 0 0 0 0 0 0 0 0 0 0 0 0 0 0 0 0 0 0 0 3740 0 0
ctxt 55595970
btime 1616392896
processes 364978
procs_running 1
procs_blocked 0
softirq 12401222 0 2434551 447 111 5070299 0 572568 2035221 0 2288025
MemTotal:        5647900 kB
MemFree:         2562748 kB
MemAvailable:    4071456 kB
Buffers:            8128 kB
Cached:          1831936 kB
SwapCached:        11748 kB
Active:           456784 kB
Inactive:        1689316 kB
Active(anon):     307856 kB
Inactive(anon):    61812 kB
Active(file):     148928 kB
Inactive(file):  1627504 kB
Unevictable:       62276 kB
Mlocked:           62276 kB
SwapTotal:       2097148 kB
SwapFree:        1684960 kB
Dirty:               256 kB
Writeback:             0 kB
AnonPages:        364040 kB
Mapped:           412404 kB
Shmem:              1992 kB
Slab:             200432 kB
SReclaimable:      53140 kB
SUnreclaim:       147292 kB
KernelStack:       34292 kB
PageTables:        36144 kB
NFS_Unstable:          0 kB
Bounce:                0 kB
WritebackTmp:          0 kB
CommitLimit:     4921096 kB
Committed_AS:   40972852 kB
VmallocTotal:   263061440 kB
VmallocUsed:           0 kB
VmallocChunk:          0 kB
CmaTotal:         303104 kB
CmaFree:          201344 kB

END


NEW DATA 1616397493454
usb_current 134945
usb_voltage 5062110
battery_current -1464
battery_voltage 4362781

system status
cpu  1041733 46084 1167685 1320077 20341 30396 21160 0 0 0
cpu0 111205 8403 122491 192434 4505 9922 5950 0 0 0
cpu1 110508 9032 117790 203325 4609 4637 3094 0 0 0
cpu2 107235 9357 116047 207479 4803 4585 2970 0 0 0
cpu3 106992 9001 116784 204315 4984 6434 4243 0 0 0
cpu4 151493 3113 169796 131505 385 1263 1377 0 0 0
cpu5 150787 2919 168686 134041 281 1142 1166 0 0 0
cpu6 152961 2743 173313 125140 428 1222 1206 0 0 0
cpu7 150547 1512 182773 121835 341 1187 1150 0 0 0
intr 41448395 0 0 0 0 3045210 0 226450 0 5247 0 0 0 0 45 35 0 1 0 2 0 2 0 2 0 2 3 0 0 2 1 0 0 37654 31880 0 31562 0 0 0 0 0 0 0 0 0 0 0 0 0 5410089 542866 9 0 0 1635 0 0 0 0 0 533 0 1438 537 11 11 0 5 0 0 0 0 0 0 0 0 0 0 0 0 0 0 0 0 0 0 0 0 0 0 0 0 0 0 0 0 0 0 0 0 0 0 0 0 0 7 222 6 1 14188 359 0 0 0 0 0 0 0 15253 0 0 0 0 0 0 0 0 0 0 0 0 0 0 0 0 0 0 0 0 0 0 0 0 0 0 0 0 0 0 0 0 0 0 0 0 0 0 0 0 0 0 0 0 0 0 0 0 0 0 0 0 0 0 0 0 0 0 0 0 0 0 0 0 0 0 0 0 0 0 0 0 0 0 0 0 0 0 0 0 0 0 0 0 0 0 0 0 0 0 0 0 0 0 0 0 0 0 0 0 0 0 0 0 0 0 0 0 0 0 0 0 1 0 0 0 0 0 0 0 116 0 0 0 0 0 0 0 0 0 0 0 0 0 0 0 0 0 0 0 0 0 0 0 0 0 0 0 0 0 0 0 0 0 0 0 0 0 0 0 0 0 0 0 0 0 0 0 0 0 0 0 0 0 0 0 0 0 0 0 0 0 0 0 0 0 0 0 0 0 0 0 0 0 0 0 0 0 0 0 0 0 0 0 0 0 0 0 0 0 0 0 0 0 0 0 0 0 0 0 0 0 0 0 0 0 0 0 0 0 0 0 0 6 4 10 4 0 0 0 0 0 0 0 0 0 0 0 0 0 0 0 0 0 0 0 0 0 0 0 0 0 0 0 0 0 0 0 0 0 0 0 0 0 0 0 0 0 0 0 0 0 0 0 0 0 0 0 0 0 0 0 0 0 0 0 0 0 0 0 0 0 0 0 0 0 0 0 0 0 0 0 0 0 0 0 0 0 0 0 5453 17 3 0 0 980 10893 0 0 0 42 0 1 0 0 0 0 0 0 6003 0 0 0 0 0 0 0 0 0 0 0 0 13885 1 0 1 0 0 1 0 1 0 1 0 1 0 1 0 1 0 0 1 0 4 2 0 0 0 0 0 0 0 2218 14 0 0 0 0 0 0 0 0 0 0 0 25294 0 1 0 92 98 0 0 0 0 0 0 0 0 0 0 0 0 0 0 0 0 0 0 0 0 0 4 0 0 0 0 0 0 0 0 0 0 0 141589 0 0 0 0 0 0 0 0 0 0 0 0 0 0 4 0 0 26 0 0 0 0 0 2592 0 0 0 10 0 0 0 0 0 0 0 0 27 675 0 2 22 0 0 0 0 0 0 42 2 2 0 2 0 7 177 0 0 0 0 0 0 0 0 0 2 0 0 0 0 0 563 280 0 71 0 0 0 0 259 375 2743 6085 0 0 0 0 0 0 0 0 0 0 0 0 0 0 0 0 0 0 0 0 0 0 0 0 0 0 0 0 0 0 0 0 3740 0 0
ctxt 55596118
btime 1616392896
processes 364987
procs_running 1
procs_blocked 0
softirq 12401272 0 2434563 447 111 5070299 0 572581 2035234 0 2288037
MemTotal:        5647900 kB
MemFree:         2562840 kB
MemAvailable:    4071548 kB
Buffers:            8128 kB
Cached:          1831936 kB
SwapCached:        11748 kB
Active:           456980 kB
Inactive:        1689316 kB
Active(anon):     308052 kB
Inactive(anon):    61812 kB
Active(file):     148928 kB
Inactive(file):  1627504 kB
Unevictable:       62276 kB
Mlocked:           62276 kB
SwapTotal:       2097148 kB
SwapFree:        1684960 kB
Dirty:               256 kB
Writeback:             0 kB
AnonPages:        364076 kB
Mapped:           412404 kB
Shmem:              1992 kB
Slab:             200432 kB
SReclaimable:      53140 kB
SUnreclaim:       147292 kB
KernelStack:       34292 kB
PageTables:        36144 kB
NFS_Unstable:          0 kB
Bounce:                0 kB
WritebackTmp:          0 kB
CommitLimit:     4921096 kB
Committed_AS:   40972852 kB
VmallocTotal:   263061440 kB
VmallocUsed:           0 kB
VmallocChunk:          0 kB
CmaTotal:         303104 kB
CmaFree:          201344 kB

END


NEW DATA 1616397493501
usb_current 344180
usb_voltage 5060160
battery_current -1464
battery_voltage 4362781

system status
cpu  1041734 46084 1167688 1320112 20341 30396 21160 0 0 0
cpu0 111205 8403 122491 192439 4505 9922 5950 0 0 0
cpu1 110508 9032 117790 203330 4609 4637 3094 0 0 0
cpu2 107235 9357 116047 207484 4803 4585 2970 0 0 0
cpu3 106992 9001 116784 204320 4984 6434 4243 0 0 0
cpu4 151493 3113 169796 131510 385 1263 1377 0 0 0
cpu5 150787 2919 168686 134046 281 1142 1166 0 0 0
cpu6 152962 2743 173316 125142 428 1222 1206 0 0 0
cpu7 150547 1512 182773 121839 341 1187 1150 0 0 0
intr 41448544 0 0 0 0 3045226 0 226450 0 5247 0 0 0 0 45 35 0 1 0 2 0 2 0 2 0 2 3 0 0 2 1 0 0 37654 31880 0 31562 0 0 0 0 0 0 0 0 0 0 0 0 0 5410089 542877 9 0 0 1635 0 0 0 0 0 533 0 1438 537 11 11 0 5 0 0 0 0 0 0 0 0 0 0 0 0 0 0 0 0 0 0 0 0 0 0 0 0 0 0 0 0 0 0 0 0 0 0 0 0 0 7 222 6 1 14188 359 0 0 0 0 0 0 0 15253 0 0 0 0 0 0 0 0 0 0 0 0 0 0 0 0 0 0 0 0 0 0 0 0 0 0 0 0 0 0 0 0 0 0 0 0 0 0 0 0 0 0 0 0 0 0 0 0 0 0 0 0 0 0 0 0 0 0 0 0 0 0 0 0 0 0 0 0 0 0 0 0 0 0 0 0 0 0 0 0 0 0 0 0 0 0 0 0 0 0 0 0 0 0 0 0 0 0 0 0 0 0 0 0 0 0 0 0 0 0 0 0 1 0 0 0 0 0 0 0 116 0 0 0 0 0 0 0 0 0 0 0 0 0 0 0 0 0 0 0 0 0 0 0 0 0 0 0 0 0 0 0 0 0 0 0 0 0 0 0 0 0 0 0 0 0 0 0 0 0 0 0 0 0 0 0 0 0 0 0 0 0 0 0 0 0 0 0 0 0 0 0 0 0 0 0 0 0 0 0 0 0 0 0 0 0 0 0 0 0 0 0 0 0 0 0 0 0 0 0 0 0 0 0 0 0 0 0 0 0 0 0 0 6 4 10 4 0 0 0 0 0 0 0 0 0 0 0 0 0 0 0 0 0 0 0 0 0 0 0 0 0 0 0 0 0 0 0 0 0 0 0 0 0 0 0 0 0 0 0 0 0 0 0 0 0 0 0 0 0 0 0 0 0 0 0 0 0 0 0 0 0 0 0 0 0 0 0 0 0 0 0 0 0 0 0 0 0 0 0 5453 17 3 0 0 980 10893 0 0 0 42 0 1 0 0 0 0 0 0 6003 0 0 0 0 0 0 0 0 0 0 0 0 13885 1 0 1 0 0 1 0 1 0 1 0 1 0 1 0 1 0 0 1 0 4 2 0 0 0 0 0 0 0 2218 14 0 0 0 0 0 0 0 0 0 0 0 25296 0 1 0 92 98 0 0 0 0 0 0 0 0 0 0 0 0 0 0 0 0 0 0 0 0 0 4 0 0 0 0 0 0 0 0 0 0 0 141589 0 0 0 0 0 0 0 0 0 0 0 0 0 0 4 0 0 26 0 0 0 0 0 2592 0 0 0 10 0 0 0 0 0 0 0 0 27 675 0 2 22 0 0 0 0 0 0 42 2 2 0 2 0 7 177 0 0 0 0 0 0 0 0 0 2 0 0 0 0 0 563 280 0 71 0 0 0 0 259 375 2743 6085 0 0 0 0 0 0 0 0 0 0 0 0 0 0 0 0 0 0 0 0 0 0 0 0 0 0 0 0 0 0 0 0 3740 0 0
ctxt 55596253
btime 1616392896
processes 364996
procs_running 1
procs_blocked 0
softirq 12401321 0 2434576 447 111 5070299 0 572592 2035247 0 2288049
MemTotal:        5647900 kB
MemFree:         2562948 kB
MemAvailable:    4071656 kB
Buffers:            8128 kB
Cached:          1831936 kB
SwapCached:        11748 kB
Active:           456784 kB
Inactive:        1689316 kB
Active(anon):     307856 kB
Inactive(anon):    61812 kB
Active(file):     148928 kB
Inactive(file):  1627504 kB
Unevictable:       62276 kB
Mlocked:           62276 kB
SwapTotal:       2097148 kB
SwapFree:        1684960 kB
Dirty:               256 kB
Writeback:             0 kB
AnonPages:        363816 kB
Mapped:           412404 kB
Shmem:              1992 kB
Slab:             200432 kB
SReclaimable:      53140 kB
SUnreclaim:       147292 kB
KernelStack:       34292 kB
PageTables:        35852 kB
NFS_Unstable:          0 kB
Bounce:                0 kB
WritebackTmp:          0 kB
CommitLimit:     4921096 kB
Committed_AS:   40975604 kB
VmallocTotal:   263061440 kB
VmallocUsed:           0 kB
VmallocChunk:          0 kB
CmaTotal:         303104 kB
CmaFree:          201344 kB

END


NEW DATA 1616397493550
usb_current 136570
usb_voltage 5060160
battery_current -1464
battery_voltage 4362781

system status
cpu  1041739 46084 1167688 1320146 20341 30396 21160 0 0 0
cpu0 111205 8403 122491 192444 4505 9922 5950 0 0 0
cpu1 110508 9032 117790 203335 4609 4637 3094 0 0 0
cpu2 107235 9357 116047 207488 4803 4585 2970 0 0 0
cpu3 106992 9001 116784 204325 4984 6434 4243 0 0 0
cpu4 151493 3113 169796 131515 385 1263 1377 0 0 0
cpu5 150788 2919 168686 134049 281 1142 1166 0 0 0
cpu6 152962 2743 173316 125146 428 1222 1206 0 0 0
cpu7 150551 1512 182773 121842 341 1187 1150 0 0 0
intr 41448724 0 0 0 0 3045243 0 226450 0 5247 0 0 0 0 45 35 0 1 0 2 0 2 0 2 0 2 3 0 0 2 1 0 0 37654 31881 0 31562 0 0 0 0 0 0 0 0 0 0 0 0 0 5410089 542895 9 0 0 1635 0 0 0 0 0 533 0 1438 537 11 11 0 5 0 0 0 0 0 0 0 0 0 0 0 0 0 0 0 0 0 0 0 0 0 0 0 0 0 0 0 0 0 0 0 0 0 0 0 0 0 7 222 6 1 14188 359 0 0 0 0 0 0 0 15253 0 0 0 0 0 0 0 0 0 0 0 0 0 0 0 0 0 0 0 0 0 0 0 0 0 0 0 0 0 0 0 0 0 0 0 0 0 0 0 0 0 0 0 0 0 0 0 0 0 0 0 0 0 0 0 0 0 0 0 0 0 0 0 0 0 0 0 0 0 0 0 0 0 0 0 0 0 0 0 0 0 0 0 0 0 0 0 0 0 0 0 0 0 0 0 0 0 0 0 0 0 0 0 0 0 0 0 0 0 0 0 0 1 0 0 0 0 0 0 0 116 0 0 0 0 0 0 0 0 0 0 0 0 0 0 0 0 0 0 0 0 0 0 0 0 0 0 0 0 0 0 0 0 0 0 0 0 0 0 0 0 0 0 0 0 0 0 0 0 0 0 0 0 0 0 0 0 0 0 0 0 0 0 0 0 0 0 0 0 0 0 0 0 0 0 0 0 0 0 0 0 0 0 0 0 0 0 0 0 0 0 0 0 0 0 0 0 0 0 0 0 0 0 0 0 0 0 0 0 0 0 0 0 6 4 10 4 0 0 0 0 0 0 0 0 0 0 0 0 0 0 0 0 0 0 0 0 0 0 0 0 0 0 0 0 0 0 0 0 0 0 0 0 0 0 0 0 0 0 0 0 0 0 0 0 0 0 0 0 0 0 0 0 0 0 0 0 0 0 0 0 0 0 0 0 0 0 0 0 0 0 0 0 0 0 0 0 0 0 0 5453 17 3 0 0 980 10893 0 0 0 42 0 1 0 0 0 0 0 0 6003 0 0 0 0 0 0 0 0 0 0 0 0 13885 1 0 1 0 0 1 0 1 0 1 0 1 0 1 0 1 0 0 1 0 4 2 0 0 0 0 0 0 0 2218 14 0 0 0 0 0 0 0 0 0 0 0 25298 0 1 0 92 98 0 0 0 0 0 0 0 0 0 0 0 0 0 0 0 0 0 0 0 0 0 4 0 0 0 0 0 0 0 0 0 0 0 141589 0 0 0 0 0 0 0 0 0 0 0 0 0 0 4 0 0 26 0 0 0 0 0 2592 0 0 0 10 0 0 0 0 0 0 0 0 27 675 0 2 22 0 0 0 0 0 0 42 2 2 0 2 0 7 177 0 0 0 0 0 0 0 0 0 2 0 0 0 0 0 563 280 0 71 0 0 0 0 259 375 2743 6085 0 0 0 0 0 0 0 0 0 0 0 0 0 0 0 0 0 0 0 0 0 0 0 0 0 0 0 0 0 0 0 0 3740 0 0
ctxt 55596413
btime 1616392896
processes 365005
procs_running 1
procs_blocked 0
softirq 12401375 0 2434588 447 111 5070299 0 572610 2035259 0 2288061
MemTotal:        5647900 kB
MemFree:         2563092 kB
MemAvailable:    4071800 kB
Buffers:            8128 kB
Cached:          1831936 kB
SwapCached:        11748 kB
Active:           456980 kB
Inactive:        1689316 kB
Active(anon):     308052 kB
Inactive(anon):    61812 kB
Active(file):     148928 kB
Inactive(file):  1627504 kB
Unevictable:       62276 kB
Mlocked:           62276 kB
SwapTotal:       2097148 kB
