------------Usage Stats-------------


NEW DATA 1616396843264
usb_current 523895
usb_voltage 5066388
battery_current -488
battery_voltage 4363270

system status
cpu  889650 33855 984003 1163037 17003 26159 18292 0 0 0
cpu0 96492 6551 105200 166893 3647 7423 4378 0 0 0
cpu1 94476 7065 101661 174783 3910 4304 2881 0 0 0
cpu2 92545 7288 99665 178063 4020 4250 2780 0 0 0
cpu3 91815 7024 101026 174968 4186 6056 3947 0 0 0
cpu4 128784 1886 139885 120793 327 1083 1225 0 0 0
cpu5 128567 1723 140290 121224 239 979 1028 0 0 0
cpu6 130172 1576 143551 114496 382 1050 1071 0 0 0
cpu7 126796 740 152721 111814 287 1010 980 0 0 0
intr 35316485 0 0 0 0 2573748 0 189478 0 5247 0 0 0 0 45 35 0 1 0 2 0 2 0 2 0 2 3 0 0 2 1 0 0 32041 26547 0 26317 0 0 0 0 0 0 0 0 0 0 0 0 0 4629553 446208 9 0 0 1345 0 0 0 0 0 433 0 1438 537 11 11 0 5 0 0 0 0 0 0 0 0 0 0 0 0 0 0 0 0 0 0 0 0 0 0 0 0 0 0 0 0 0 0 0 0 0 0 0 0 0 7 222 6 1 12324 329 0 0 0 0 0 0 0 13146 0 0 0 0 0 0 0 0 0 0 0 0 0 0 0 0 0 0 0 0 0 0 0 0 0 0 0 0 0 0 0 0 0 0 0 0 0 0 0 0 0 0 0 0 0 0 0 0 0 0 0 0 0 0 0 0 0 0 0 0 0 0 0 0 0 0 0 0 0 0 0 0 0 0 0 0 0 0 0 0 0 0 0 0 0 0 0 0 0 0 0 0 0 0 0 0 0 0 0 0 0 0 0 0 0 0 0 0 0 0 0 0 1 0 0 0 0 0 0 0 116 0 0 0 0 0 0 0 0 0 0 0 0 0 0 0 0 0 0 0 0 0 0 0 0 0 0 0 0 0 0 0 0 0 0 0 0 0 0 0 0 0 0 0 0 0 0 0 0 0 0 0 0 0 0 0 0 0 0 0 0 0 0 0 0 0 0 0 0 0 0 0 0 0 0 0 0 0 0 0 0 0 0 0 0 0 0 0 0 0 0 0 0 0 0 0 0 0 0 0 0 0 0 0 0 0 0 0 0 0 0 0 0 6 4 10 4 0 0 0 0 0 0 0 0 0 0 0 0 0 0 0 0 0 0 0 0 0 0 0 0 0 0 0 0 0 0 0 0 0 0 0 0 0 0 0 0 0 0 0 0 0 0 0 0 0 0 0 0 0 0 0 0 0 0 0 0 0 0 0 0 0 0 0 0 0 0 0 0 0 0 0 0 0 0 0 0 0 0 0 5453 17 3 0 0 980 10893 0 0 0 42 0 1 0 0 0 0 0 0 5202 0 0 0 0 0 0 0 0 0 0 0 0 10631 1 0 1 0 0 1 0 1 0 1 0 1 0 1 0 1 0 0 1 0 4 2 0 0 0 0 0 0 0 2081 14 0 0 0 0 0 0 0 0 0 0 0 18452 0 1 0 87 93 0 0 0 0 0 0 0 0 0 0 0 0 0 0 0 0 0 0 0 0 0 4 0 0 0 0 0 0 0 0 0 0 0 139677 0 0 0 0 0 0 0 0 0 0 0 0 0 0 4 0 0 24 0 0 0 0 0 2313 0 0 0 10 0 0 0 0 0 0 0 0 27 657 0 2 22 0 0 0 0 0 0 34 2 2 0 2 0 7 174 0 0 0 0 0 0 0 0 0 2 0 0 0 0 0 483 240 0 63 0 0 0 0 259 375 2743 6085 0 0 0 0 0 0 0 0 0 0 0 0 0 0 0 0 0 0 0 0 0 0 0 0 0 0 0 0 0 0 0 0 3675 0 0
ctxt 46667057
btime 1616392896
processes 322113
procs_running 5
procs_blocked 0
softirq 10498951 0 2054903 386 103 4347500 0 471917 1696376 0 1927766
MemTotal:        5647900 kB
MemFree:         2493700 kB
MemAvailable:    3979820 kB
Buffers:            9476 kB
Cached:          1811980 kB
SwapCached:        11324 kB
Active:          1017592 kB
Inactive:        1144880 kB
Active(anon):      39540 kB
Inactive(anon):   365100 kB
Active(file):     978052 kB
Inactive(file):   779780 kB
Unevictable:       62276 kB
Mlocked:           62276 kB
SwapTotal:       2097148 kB
SwapFree:        1685304 kB
Dirty:               208 kB
Writeback:             0 kB
AnonPages:        399736 kB
Mapped:           310956 kB
Shmem:              1984 kB
Slab:             222600 kB
SReclaimable:      72688 kB
SUnreclaim:       149912 kB
KernelStack:       35488 kB
PageTables:        39972 kB
NFS_Unstable:          0 kB
Bounce:                0 kB
WritebackTmp:          0 kB
CommitLimit:     4921096 kB
Committed_AS:   47622736 kB
VmallocTotal:   263061440 kB
VmallocUsed:           0 kB
VmallocChunk:          0 kB
CmaTotal:         303104 kB
CmaFree:            2176 kB

END


NEW DATA 1616396843313
usb_current 134295
usb_voltage 5066778
battery_current -1464
battery_voltage 4363514

system status
cpu  889651 33855 984006 1163069 17003 26159 18292 0 0 0
cpu0 96492 6551 105200 166898 3647 7423 4378 0 0 0
cpu1 94476 7065 101661 174787 3910 4304 2881 0 0 0
cpu2 92545 7288 99665 178067 4020 4250 2780 0 0 0
cpu3 91815 7024 101026 174972 4186 6056 3947 0 0 0
cpu4 128784 1886 139885 120797 327 1083 1225 0 0 0
cpu5 128567 1723 140291 121228 239 979 1028 0 0 0
cpu6 130172 1576 143552 114499 382 1050 1071 0 0 0
cpu7 126797 740 152722 111816 287 1010 980 0 0 0
intr 35316648 0 0 0 0 2573761 0 189478 0 5247 0 0 0 0 45 35 0 1 0 2 0 2 0 2 0 2 3 0 0 2 1 0 0 32042 26549 0 26317 0 0 0 0 0 0 0 0 0 0 0 0 0 4629553 446221 9 0 0 1345 0 0 0 0 0 433 0 1438 537 11 11 0 5 0 0 0 0 0 0 0 0 0 0 0 0 0 0 0 0 0 0 0 0 0 0 0 0 0 0 0 0 0 0 0 0 0 0 0 0 0 7 222 6 1 12324 329 0 0 0 0 0 0 0 13146 0 0 0 0 0 0 0 0 0 0 0 0 0 0 0 0 0 0 0 0 0 0 0 0 0 0 0 0 0 0 0 0 0 0 0 0 0 0 0 0 0 0 0 0 0 0 0 0 0 0 0 0 0 0 0 0 0 0 0 0 0 0 0 0 0 0 0 0 0 0 0 0 0 0 0 0 0 0 0 0 0 0 0 0 0 0 0 0 0 0 0 0 0 0 0 0 0 0 0 0 0 0 0 0 0 0 0 0 0 0 0 0 1 0 0 0 0 0 0 0 116 0 0 0 0 0 0 0 0 0 0 0 0 0 0 0 0 0 0 0 0 0 0 0 0 0 0 0 0 0 0 0 0 0 0 0 0 0 0 0 0 0 0 0 0 0 0 0 0 0 0 0 0 0 0 0 0 0 0 0 0 0 0 0 0 0 0 0 0 0 0 0 0 0 0 0 0 0 0 0 0 0 0 0 0 0 0 0 0 0 0 0 0 0 0 0 0 0 0 0 0 0 0 0 0 0 0 0 0 0 0 0 0 6 4 10 4 0 0 0 0 0 0 0 0 0 0 0 0 0 0 0 0 0 0 0 0 0 0 0 0 0 0 0 0 0 0 0 0 0 0 0 0 0 0 0 0 0 0 0 0 0 0 0 0 0 0 0 0 0 0 0 0 0 0 0 0 0 0 0 0 0 0 0 0 0 0 0 0 0 0 0 0 0 0 0 0 0 0 0 5453 17 3 0 0 980 10893 0 0 0 42 0 1 0 0 0 0 0 0 5202 0 0 0 0 0 0 0 0 0 0 0 0 10631 1 0 1 0 0 1 0 1 0 1 0 1 0 1 0 1 0 0 1 0 4 2 0 0 0 0 0 0 0 2081 14 0 0 0 0 0 0 0 0 0 0 0 18454 0 1 0 87 93 0 0 0 0 0 0 0 0 0 0 0 0 0 0 0 0 0 0 0 0 0 4 0 0 0 0 0 0 0 0 0 0 0 139677 0 0 0 0 0 0 0 0 0 0 0 0 0 0 4 0 0 24 0 0 0 0 0 2313 0 0 0 10 0 0 0 0 0 0 0 0 27 657 0 2 22 0 0 0 0 0 0 34 2 2 0 2 0 7 174 0 0 0 0 0 0 0 0 0 2 0 0 0 0 0 483 240 0 63 0 0 0 0 259 375 2743 6085 0 0 0 0 0 0 0 0 0 0 0 0 0 0 0 0 0 0 0 0 0 0 0 0 0 0 0 0 0 0 0 0 3675 0 0
ctxt 46667253
btime 1616392896
processes 322122
procs_running 1
procs_blocked 0
softirq 10498987 0 2054911 386 103 4347500 0 471930 1696384 0 1927773
MemTotal:        5647900 kB
MemFree:         2493204 kB
MemAvailable:    3979328 kB
Buffers:            9476 kB
Cached:          1811984 kB
SwapCached:        11324 kB
Active:          1017640 kB
Inactive:        1144880 kB
Active(anon):      39584 kB
Inactive(anon):   365100 kB
Active(file):     978056 kB
Inactive(file):   779780 kB
Unevictable:       62276 kB
Mlocked:           62276 kB
SwapTotal:       2097148 kB
SwapFree:        1685304 kB
Dirty:               212 kB
Writeback:             0 kB
AnonPages:        399700 kB
Mapped:           310956 kB
Shmem:              1984 kB
Slab:             222620 kB
SReclaimable:      72688 kB
SUnreclaim:       149932 kB
KernelStack:       35488 kB
PageTables:        39972 kB
NFS_Unstable:          0 kB
Bounce:                0 kB
WritebackTmp:          0 kB
CommitLimit:     4921096 kB
Committed_AS:   47625324 kB
VmallocTotal:   263061440 kB
VmallocUsed:           0 kB
VmallocChunk:          0 kB
CmaTotal:         303104 kB
CmaFree:            2176 kB

END


NEW DATA 1616396843361
usb_current 336720
usb_voltage 5002158
battery_current -1464
battery_voltage 4363514

system status
cpu  889655 33857 984009 1163100 17003 26159 18292 0 0 0
cpu0 96492 6553 105200 166902 3647 7423 4378 0 0 0
cpu1 94476 7065 101661 174792 3910 4304 2881 0 0 0
cpu2 92545 7288 99665 178072 4020 4250 2780 0 0 0
cpu3 91815 7024 101026 174977 4186 6056 3947 0 0 0
cpu4 128786 1886 139885 120799 327 1083 1225 0 0 0
cpu5 128567 1723 140291 121232 239 979 1028 0 0 0
cpu6 130174 1576 143552 114502 382 1050 1071 0 0 0
cpu7 126797 740 152725 111820 287 1010 980 0 0 0
intr 35316884 0 0 0 0 2573785 0 189478 0 5247 0 0 0 0 45 35 0 1 0 2 0 2 0 2 0 2 3 0 0 2 1 0 0 32042 26550 0 26318 0 0 0 0 0 0 0 0 0 0 0 0 0 4629553 446234 9 0 0 1345 0 0 0 0 0 433 0 1438 537 11 11 0 5 0 0 0 0 0 0 0 0 0 0 0 0 0 0 0 0 0 0 0 0 0 0 0 0 0 0 0 0 0 0 0 0 0 0 0 0 0 7 222 6 1 12324 329 0 0 0 0 0 0 0 13146 0 0 0 0 0 0 0 0 0 0 0 0 0 0 0 0 0 0 0 0 0 0 0 0 0 0 0 0 0 0 0 0 0 0 0 0 0 0 0 0 0 0 0 0 0 0 0 0 0 0 0 0 0 0 0 0 0 0 0 0 0 0 0 0 0 0 0 0 0 0 0 0 0 0 0 0 0 0 0 0 0 0 0 0 0 0 0 0 0 0 0 0 0 0 0 0 0 0 0 0 0 0 0 0 0 0 0 0 0 0 0 0 1 0 0 0 0 0 0 0 116 0 0 0 0 0 0 0 0 0 0 0 0 0 0 0 0 0 0 0 0 0 0 0 0 0 0 0 0 0 0 0 0 0 0 0 0 0 0 0 0 0 0 0 0 0 0 0 0 0 0 0 0 0 0 0 0 0 0 0 0 0 0 0 0 0 0 0 0 0 0 0 0 0 0 0 0 0 0 0 0 0 0 0 0 0 0 0 0 0 0 0 0 0 0 0 0 0 0 0 0 0 0 0 0 0 0 0 0 0 0 0 0 6 4 10 4 0 0 0 0 0 0 0 0 0 0 0 0 0 0 0 0 0 0 0 0 0 0 0 0 0 0 0 0 0 0 0 0 0 0 0 0 0 0 0 0 0 0 0 0 0 0 0 0 0 0 0 0 0 0 0 0 0 0 0 0 0 0 0 0 0 0 0 0 0 0 0 0 0 0 0 0 0 0 0 0 0 0 0 5453 17 3 0 0 980 10893 0 0 0 42 0 1 0 0 0 0 0 0 5202 0 0 0 0 0 0 0 0 0 0 0 0 10631 1 0 1 0 0 1 0 1 0 1 0 1 0 1 0 1 0 0 1 0 4 2 0 0 0 0 0 0 0 2081 14 0 0 0 0 0 0 0 0 0 0 0 18456 0 1 0 87 93 0 0 0 0 0 0 0 0 0 0 0 0 0 0 0 0 0 0 0 0 0 4 0 0 0 0 0 0 0 0 0 0 0 139677 0 0 0 0 0 0 0 0 0 0 0 0 0 0 4 0 0 24 0 0 0 0 0 2313 0 0 0 10 0 0 0 0 0 0 0 0 27 657 0 2 22 0 0 0 0 0 0 34 2 2 0 2 0 7 174 0 0 0 0 0 0 0 0 0 2 0 0 0 0 0 483 240 0 63 0 0 0 0 259 375 2743 6085 0 0 0 0 0 0 0 0 0 0 0 0 0 0 0 0 0 0 0 0 0 0 0 0 0 0 0 0 0 0 0 0 3675 0 0
ctxt 46667496
btime 1616392896
processes 322131
procs_running 1
procs_blocked 0
softirq 10499042 0 2054925 386 103 4347500 0 471943 1696398 0 1927787
MemTotal:        5647900 kB
MemFree:         2493328 kB
MemAvailable:    3969296 kB
Buffers:            9476 kB
Cached:          1811988 kB
SwapCached:        11324 kB
Active:          1017708 kB
Inactive:        1144680 kB
Active(anon):      39596 kB
Inactive(anon):   364952 kB
Active(file):     978112 kB
Inactive(file):   779728 kB
Unevictable:       62276 kB
Mlocked:           62276 kB
SwapTotal:       2097148 kB
SwapFree:        1685308 kB
Dirty:               216 kB
Writeback:             0 kB
AnonPages:        399672 kB
Mapped:           310956 kB
Shmem:              1984 kB
Slab:             222628 kB
SReclaimable:      72688 kB
SUnreclaim:       149940 kB
KernelStack:       35488 kB
PageTables:        39992 kB
NFS_Unstable:          0 kB
Bounce:                0 kB
WritebackTmp:          0 kB
CommitLimit:     4921096 kB
Committed_AS:   47625324 kB
VmallocTotal:   263061440 kB
VmallocUsed:           0 kB
VmallocChunk:          0 kB
CmaTotal:         303104 kB
CmaFree:            2176 kB

END


NEW DATA 1616396843410
usb_current 119375
usb_voltage 5066388
battery_current -1464
battery_voltage 4363514

system status
cpu  889657 33857 984012 1163132 17003 26159 18292 0 0 0
cpu0 96492 6553 105200 166906 3647 7423 4378 0 0 0
cpu1 94476 7065 101661 174797 3910 4304 2881 0 0 0
cpu2 92545 7288 99665 178077 4020 4250 2780 0 0 0
cpu3 91815 7024 101026 174982 4186 6056 3947 0 0 0
cpu4 128786 1886 139885 120804 327 1083 1225 0 0 0
cpu5 128568 1723 140292 121234 239 979 1028 0 0 0
cpu6 130174 1576 143552 114506 382 1050 1071 0 0 0
cpu7 126798 740 152727 111822 287 1010 980 0 0 0
intr 35317073 0 0 0 0 2573803 0 189478 0 5247 0 0 0 0 45 35 0 1 0 2 0 2 0 2 0 2 3 0 0 2 1 0 0 32043 26552 0 26319 0 0 0 0 0 0 0 0 0 0 0 0 0 4629553 446248 9 0 0 1345 0 0 0 0 0 433 0 1438 537 11 11 0 5 0 0 0 0 0 0 0 0 0 0 0 0 0 0 0 0 0 0 0 0 0 0 0 0 0 0 0 0 0 0 0 0 0 0 0 0 0 7 222 6 1 12324 329 0 0 0 0 0 0 0 13146 0 0 0 0 0 0 0 0 0 0 0 0 0 0 0 0 0 0 0 0 0 0 0 0 0 0 0 0 0 0 0 0 0 0 0 0 0 0 0 0 0 0 0 0 0 0 0 0 0 0 0 0 0 0 0 0 0 0 0 0 0 0 0 0 0 0 0 0 0 0 0 0 0 0 0 0 0 0 0 0 0 0 0 0 0 0 0 0 0 0 0 0 0 0 0 0 0 0 0 0 0 0 0 0 0 0 0 0 0 0 0 0 1 0 0 0 0 0 0 0 116 0 0 0 0 0 0 0 0 0 0 0 0 0 0 0 0 0 0 0 0 0 0 0 0 0 0 0 0 0 0 0 0 0 0 0 0 0 0 0 0 0 0 0 0 0 0 0 0 0 0 0 0 0 0 0 0 0 0 0 0 0 0 0 0 0 0 0 0 0 0 0 0 0 0 0 0 0 0 0 0 0 0 0 0 0 0 0 0 0 0 0 0 0 0 0 0 0 0 0 0 0 0 0 0 0 0 0 0 0 0 0 0 6 4 10 4 0 0 0 0 0 0 0 0 0 0 0 0 0 0 0 0 0 0 0 0 0 0 0 0 0 0 0 0 0 0 0 0 0 0 0 0 0 0 0 0 0 0 0 0 0 0 0 0 0 0 0 0 0 0 0 0 0 0 0 0 0 0 0 0 0 0 0 0 0 0 0 0 0 0 0 0 0 0 0 0 0 0 0 5453 17 3 0 0 980 10893 0 0 0 42 0 1 0 0 0 0 0 0 5202 0 0 0 0 0 0 0 0 0 0 0 0 10631 1 0 1 0 0 1 0 1 0 1 0 1 0 1 0 1 0 0 1 0 4 2 0 0 0 0 0 0 0 2081 14 0 0 0 0 0 0 0 0 0 0 0 18458 0 1 0 87 93 0 0 0 0 0 0 0 0 0 0 0 0 0 0 0 0 0 0 0 0 0 4 0 0 0 0 0 0 0 0 0 0 0 139677 0 0 0 0 0 0 0 0 0 0 0 0 0 0 4 0 0 24 0 0 0 0 0 2313 0 0 0 10 0 0 0 0 0 0 0 0 27 657 0 2 22 0 0 0 0 0 0 34 2 2 0 2 0 7 174 0 0 0 0 0 0 0 0 0 2 0 0 0 0 0 483 240 0 63 0 0 0 0 259 375 2743 6085 0 0 0 0 0 0 0 0 0 0 0 0 0 0 0 0 0 0 0 0 0 0 0 0 0 0 0 0 0 0 0 0 3675 0 0
ctxt 46667690
btime 1616392896
processes 322140
procs_running 1
procs_blocked 0
softirq 10499095 0 2054938 386 103 4347500 0 471957 1696411 0 1927800
MemTotal:        5647900 kB
MemFree:         2492832 kB
MemAvailable:    3968800 kB
Buffers:            9476 kB
Cached:          1811988 kB
SwapCached:        11324 kB
Active:          1017696 kB
Inactive:        1144680 kB
Active(anon):      39584 kB
Inactive(anon):   364952 kB
Active(file):     978112 kB
Inactive(file):   779728 kB
Unevictable:       62276 kB
Mlocked:           62276 kB
SwapTotal:       2097148 kB
SwapFree:        1685308 kB
Dirty:               216 kB
Writeback:             0 kB
AnonPages:        399672 kB
Mapped:           310956 kB
Shmem:              1984 kB
Slab:             222644 kB
SReclaimable:      72688 kB
SUnreclaim:       149956 kB
KernelStack:       35488 kB
PageTables:        39992 kB
NFS_Unstable:          0 kB
Bounce:                0 kB
WritebackTmp:          0 kB
CommitLimit:     4921096 kB
Committed_AS:   47625272 kB
VmallocTotal:   263061440 kB
VmallocUsed:           0 kB
VmallocChunk:          0 kB
CmaTotal:         303104 kB
CmaFree:            2176 kB

END


NEW DATA 1616396843455
usb_current 118400
usb_voltage 5066388
battery_current -1464
battery_voltage 4363514

system status
cpu  889659 33857 984014 1163165 17003 26159 18292 0 0 0
cpu0 96492 6553 105200 166911 3647 7423 4378 0 0 0
cpu1 94476 7065 101661 174802 3910 4304 2881 0 0 0
cpu2 92545 7288 99665 178082 4020 4250 2780 0 0 0
cpu3 91815 7024 101026 174987 4186 6056 3947 0 0 0
cpu4 128786 1886 139885 120808 327 1083 1225 0 0 0
cpu5 128569 1723 140293 121238 239 979 1028 0 0 0
cpu6 130175 1576 143552 114509 382 1050 1071 0 0 0
cpu7 126798 740 152728 111825 287 1010 980 0 0 0
intr 35317220 0 0 0 0 2573819 0 189478 0 5247 0 0 0 0 45 35 0 1 0 2 0 2 0 2 0 2 3 0 0 2 1 0 0 32043 26552 0 26319 0 0 0 0 0 0 0 0 0 0 0 0 0 4629553 446260 9 0 0 1345 0 0 0 0 0 433 0 1438 537 11 11 0 5 0 0 0 0 0 0 0 0 0 0 0 0 0 0 0 0 0 0 0 0 0 0 0 0 0 0 0 0 0 0 0 0 0 0 0 0 0 7 222 6 1 12324 329 0 0 0 0 0 0 0 13146 0 0 0 0 0 0 0 0 0 0 0 0 0 0 0 0 0 0 0 0 0 0 0 0 0 0 0 0 0 0 0 0 0 0 0 0 0 0 0 0 0 0 0 0 0 0 0 0 0 0 0 0 0 0 0 0 0 0 0 0 0 0 0 0 0 0 0 0 0 0 0 0 0 0 0 0 0 0 0 0 0 0 0 0 0 0 0 0 0 0 0 0 0 0 0 0 0 0 0 0 0 0 0 0 0 0 0 0 0 0 0 0 1 0 0 0 0 0 0 0 116 0 0 0 0 0 0 0 0 0 0 0 0 0 0 0 0 0 0 0 0 0 0 0 0 0 0 0 0 0 0 0 0 0 0 0 0 0 0 0 0 0 0 0 0 0 0 0 0 0 0 0 0 0 0 0 0 0 0 0 0 0 0 0 0 0 0 0 0 0 0 0 0 0 0 0 0 0 0 0 0 0 0 0 0 0 0 0 0 0 0 0 0 0 0 0 0 0 0 0 0 0 0 0 0 0 0 0 0 0 0 0 0 6 4 10 4 0 0 0 0 0 0 0 0 0 0 0 0 0 0 0 0 0 0 0 0 0 0 0 0 0 0 0 0 0 0 0 0 0 0 0 0 0 0 0 0 0 0 0 0 0 0 0 0 0 0 0 0 0 0 0 0 0 0 0 0 0 0 0 0 0 0 0 0 0 0 0 0 0 0 0 0 0 0 0 0 0 0 0 5453 17 3 0 0 980 10893 0 0 0 42 0 1 0 0 0 0 0 0 5202 0 0 0 0 0 0 0 0 0 0 0 0 10631 1 0 1 0 0 1 0 1 0 1 0 1 0 1 0 1 0 0 1 0 4 2 0 0 0 0 0 0 0 2081 14 0 0 0 0 0 0 0 0 0 0 0 18460 0 1 0 87 93 0 0 0 0 0 0 0 0 0 0 0 0 0 0 0 0 0 0 0 0 0 4 0 0 0 0 0 0 0 0 0 0 0 139677 0 0 0 0 0 0 0 0 0 0 0 0 0 0 4 0 0 24 0 0 0 0 0 2313 0 0 0 10 0 0 0 0 0 0 0 0 27 657 0 2 22 0 0 0 0 0 0 34 2 2 0 2 0 7 174 0 0 0 0 0 0 0 0 0 2 0 0 0 0 0 483 240 0 63 0 0 0 0 259 375 2743 6085 0 0 0 0 0 0 0 0 0 0 0 0 0 0 0 0 0 0 0 0 0 0 0 0 0 0 0 0 0 0 0 0 3675 0 0
ctxt 46667829
btime 1616392896
processes 322149
procs_running 1
procs_blocked 0
softirq 10499140 0 2054949 386 103 4347500 0 471969 1696422 0 1927811
MemTotal:        5647900 kB
MemFree:         2492584 kB
MemAvailable:    3968556 kB
Buffers:            9476 kB
Cached:          1811992 kB
SwapCached:        11324 kB
Active:          1017752 kB
Inactive:        1144676 kB
Active(anon):      39632 kB
Inactive(anon):   364952 kB
Active(file):     978120 kB
Inactive(file):   779724 kB
Unevictable:       62276 kB
Mlocked:           62276 kB
SwapTotal:       2097148 kB
SwapFree:        1685308 kB
Dirty:               220 kB
Writeback:             0 kB
AnonPages:        399676 kB
Mapped:           310956 kB
Shmem:              1984 kB
Slab:             222624 kB
SReclaimable:      72688 kB
SUnreclaim:       149936 kB
KernelStack:       35488 kB
PageTables:        39992 kB
NFS_Unstable:          0 kB
Bounce:                0 kB
WritebackTmp:          0 kB
CommitLimit:     4921096 kB
Committed_AS:   47622232 kB
VmallocTotal:   263061440 kB
VmallocUsed:           0 kB
VmallocChunk:          0 kB
CmaTotal:         303104 kB
CmaFree:            2176 kB

END


NEW DATA 1616396843503
usb_current 147595
usb_voltage 5060550
battery_current -1464
battery_voltage 4363514

system status
cpu  889661 33857 984018 1163201 17003 26159 18292 0 0 0
cpu0 96492 6553 105200 166916 3647 7423 4378 0 0 0
cpu1 94476 7065 101661 174807 3910 4304 2881 0 0 0
cpu2 92545 7288 99665 178087 4020 4250 2780 0 0 0
cpu3 91815 7024 101026 174992 4186 6056 3947 0 0 0
cpu4 128786 1886 139885 120813 327 1083 1225 0 0 0
cpu5 128569 1723 140294 121243 239 979 1028 0 0 0
cpu6 130177 1576 143555 114511 382 1050 1071 0 0 0
cpu7 126798 740 152728 111830 287 1010 980 0 0 0
intr 35317402 0 0 0 0 2573842 0 189478 0 5247 0 0 0 0 45 35 0 1 0 2 0 2 0 2 0 2 3 0 0 2 1 0 0 32043 26552 0 26320 0 0 0 0 0 0 0 0 0 0 0 0 0 4629553 446278 9 0 0 1345 0 0 0 0 0 433 0 1438 537 11 11 0 5 0 0 0 0 0 0 0 0 0 0 0 0 0 0 0 0 0 0 0 0 0 0 0 0 0 0 0 0 0 0 0 0 0 0 0 0 0 7 222 6 1 12324 329 0 0 0 0 0 0 0 13146 0 0 0 0 0 0 0 0 0 0 0 0 0 0 0 0 0 0 0 0 0 0 0 0 0 0 0 0 0 0 0 0 0 0 0 0 0 0 0 0 0 0 0 0 0 0 0 0 0 0 0 0 0 0 0 0 0 0 0 0 0 0 0 0 0 0 0 0 0 0 0 0 0 0 0 0 0 0 0 0 0 0 0 0 0 0 0 0 0 0 0 0 0 0 0 0 0 0 0 0 0 0 0 0 0 0 0 0 0 0 0 0 1 0 0 0 0 0 0 0 116 0 0 0 0 0 0 0 0 0 0 0 0 0 0 0 0 0 0 0 0 0 0 0 0 0 0 0 0 0 0 0 0 0 0 0 0 0 0 0 0 0 0 0 0 0 0 0 0 0 0 0 0 0 0 0 0 0 0 0 0 0 0 0 0 0 0 0 0 0 0 0 0 0 0 0 0 0 0 0 0 0 0 0 0 0 0 0 0 0 0 0 0 0 0 0 0 0 0 0 0 0 0 0 0 0 0 0 0 0 0 0 0 6 4 10 4 0 0 0 0 0 0 0 0 0 0 0 0 0 0 0 0 0 0 0 0 0 0 0 0 0 0 0 0 0 0 0 0 0 0 0 0 0 0 0 0 0 0 0 0 0 0 0 0 0 0 0 0 0 0 0 0 0 0 0 0 0 0 0 0 0 0 0 0 0 0 0 0 0 0 0 0 0 0 0 0 0 0 0 5453 17 3 0 0 980 10893 0 0 0 42 0 1 0 0 0 0 0 0 5202 0 0 0 0 0 0 0 0 0 0 0 0 10631 1 0 1 0 0 1 0 1 0 1 0 1 0 1 0 1 0 0 1 0 4 2 0 0 0 0 0 0 0 2081 14 0 0 0 0 0 0 0 0 0 0 0 18462 0 1 0 87 93 0 0 0 0 0 0 0 0 0 0 0 0 0 0 0 0 0 0 0 0 0 4 0 0 0 0 0 0 0 0 0 0 0 139677 0 0 0 0 0 0 0 0 0 0 0 0 0 0 4 0 0 24 0 0 0 0 0 2313 0 0 0 10 0 0 0 0 0 0 0 0 27 657 0 2 22 0 0 0 0 0 0 34 2 2 0 2 0 7 174 0 0 0 0 0 0 0 0 0 2 0 0 0 0 0 483 240 0 63 0 0 0 0 259 375 2743 6085 0 0 0 0 0 0 0 0 0 0 0 0 0 0 0 0 0 0 0 0 0 0 0 0 0 0 0 0 0 0 0 0 3675 0 0
ctxt 46667990
btime 1616392896
processes 322158
procs_running 1
procs_blocked 0
softirq 10499202 0 2054964 386 103 4347500 0 471987 1696437 0 1927825
MemTotal:        5647900 kB
MemFree:         2492708 kB
MemAvailable:    3968684 kB
Buffers:            9476 kB
Cached:          1811996 kB
SwapCached:        11324 kB
Active:          1017740 kB
Inactive:        1144680 kB
Active(anon):      39620 kB
Inactive(anon):   364952 kB
Active(file):     978120 kB
Inactive(file):   779728 kB
Unevictable:       62276 kB
Mlocked:           62276 kB
SwapTotal:       2097148 kB
SwapFree:        1685308 kB
Dirty:               224 kB
Writeback:             0 kB
AnonPages:        399632 kB
Mapped:           310956 kB
Shmem:              1984 kB
Slab:             222624 kB
SReclaimable:      72688 kB
SUnreclaim:       149936 kB
KernelStack:       35488 kB
PageTables:        39992 kB
NFS_Unstable:          0 kB
Bounce:                0 kB
WritebackTmp:          0 kB
CommitLimit:     4921096 kB
Committed_AS:   47622232 kB
VmallocTotal:   263061440 kB
VmallocUsed:           0 kB
VmallocChunk:          0 kB
CmaTotal:         303104 kB
CmaFree:            2176 kB

END


NEW DATA 1616396843555
usb_current 177765
usb_voltage 5046534
battery_current -1464
battery_voltage 4363514

system status
cpu  889664 33857 984019 1163234 17003 26160 18292 0 0 0
cpu0 96492 6553 105200 166921 3647 7423 4378 0 0 0
cpu1 94476 7065 101661 174812 3910 4304 2881 0 0 0
cpu2 92545 7288 99665 178092 4020 4250 2780 0 0 0
cpu3 91815 7024 101026 174997 4186 6056 3947 0 0 0
cpu4 128786 1886 139885 120817 327 1083 1225 0 0 0
cpu5 128570 1723 140295 121245 239 979 1028 0 0 0
cpu6 130177 1576 143555 114515 382 1050 1071 0 0 0
cpu7 126800 740 152728 111833 287 1010 980 0 0 0
intr 35317543 0 0 0 0 2573855 0 189478 0 5247 0 0 0 0 45 35 0 1 0 2 0 2 0 2 0 2 3 0 0 2 1 0 0 32043 26552 0 26320 0 0 0 0 0 0 0 0 0 0 0 0 0 4629553 446287 9 0 0 1345 0 0 0 0 0 433 0 1438 537 11 11 0 5 0 0 0 0 0 0 0 0 0 0 0 0 0 0 0 0 0 0 0 0 0 0 0 0 0 0 0 0 0 0 0 0 0 0 0 0 0 7 222 6 1 12324 329 0 0 0 0 0 0 0 13146 0 0 0 0 0 0 0 0 0 0 0 0 0 0 0 0 0 0 0 0 0 0 0 0 0 0 0 0 0 0 0 0 0 0 0 0 0 0 0 0 0 0 0 0 0 0 0 0 0 0 0 0 0 0 0 0 0 0 0 0 0 0 0 0 0 0 0 0 0 0 0 0 0 0 0 0 0 0 0 0 0 0 0 0 0 0 0 0 0 0 0 0 0 0 0 0 0 0 0 0 0 0 0 0 0 0 0 0 0 0 0 0 1 0 0 0 0 0 0 0 116 0 0 0 0 0 0 0 0 0 0 0 0 0 0 0 0 0 0 0 0 0 0 0 0 0 0 0 0 0 0 0 0 0 0 0 0 0 0 0 0 0 0 0 0 0 0 0 0 0 0 0 0 0 0 0 0 0 0 0 0 0 0 0 0 0 0 0 0 0 0 0 0 0 0 0 0 0 0 0 0 0 0 0 0 0 0 0 0 0 0 0 0 0 0 0 0 0 0 0 0 0 0 0 0 0 0 0 0 0 0 0 0 6 4 10 4 0 0 0 0 0 0 0 0 0 0 0 0 0 0 0 0 0 0 0 0 0 0 0 0 0 0 0 0 0 0 0 0 0 0 0 0 0 0 0 0 0 0 0 0 0 0 0 0 0 0 0 0 0 0 0 0 0 0 0 0 0 0 0 0 0 0 0 0 0 0 0 0 0 0 0 0 0 0 0 0 0 0 0 5453 17 3 0 0 980 10893 0 0 0 42 0 1 0 0 0 0 0 0 5202 0 0 0 0 0 0 0 0 0 0 0 0 10631 1 0 1 0 0 1 0 1 0 1 0 1 0 1 0 1 0 0 1 0 4 2 0 0 0 0 0 0 0 2081 14 0 0 0 0 0 0 0 0 0 0 0 18464 0 1 0 87 93 0 0 0 0 0 0 0 0 0 0 0 0 0 0 0 0 0 0 0 0 0 4 0 0 0 0 0 0 0 0 0 0 0 139677 0 0 0 0 0 0 0 0 0 0 0 0 0 0 4 0 0 24 0 0 0 0 0 2313 0 0 0 10 0 0 0 0 0 0 0 0 27 657 0 2 22 0 0 0 0 0 0 34 2 2 0 2 0 7 174 0 0 0 0 0 0 0 0 0 2 0 0 0 0 0 483 240 0 63 0 0 0 0 259 375 2743 6085 0 0 0 0 0 0 0 0 0 0 0 0 0 0 0 0 0 0 0 0 0 0 0 0 0 0 0 0 0 0 0 0 3675 0 0
ctxt 46668113
btime 1616392896
processes 322167
procs_running 1
procs_blocked 0
softirq 10499240 0 2054973 386 103 4347500 0 471996 1696447 0 1927835
MemTotal:        5647900 kB
MemFree:         2492584 kB
MemAvailable:    3968564 kB
Buffers:            9476 kB
Cached:          1812000 kB
SwapCached:        11324 kB
Active:          1017744 kB
Inactive:        1144684 kB
Active(anon):      39624 kB
Inactive(anon):   364952 kB
Active(file):     978120 kB
Inactive(file):   779732 kB
Unevictable:       62276 kB
Mlocked:           62276 kB
SwapTotal:       2097148 kB
SwapFree:        1685308 kB
Dirty:               228 kB
Writeback:             0 kB
AnonPages:        399676 kB
Mapped:           310956 kB
Shmem:              1984 kB
Slab:             222624 kB
SReclaimable:      72688 kB
SUnreclaim:       149936 kB
KernelStack:       35488 kB
PageTables:        39992 kB
NFS_Unstable:          0 kB
Bounce:                0 kB
WritebackTmp:          0 kB
CommitLimit:     4921096 kB
Committed_AS:   47622228 kB
VmallocTotal:   263061440 kB
VmallocUsed:           0 kB
VmallocChunk:          0 kB
CmaTotal:         303104 kB
CmaFree:            2176 kB

END


NEW DATA 1616396843600
usb_current 175495
usb_voltage 5045760
battery_current -1464
battery_voltage 4363514

system status
cpu  889665 33857 984023 1163265 17003 26160 18292 0 0 0
cpu0 96492 6553 105200 166925 3647 7423 4378 0 0 0
cpu1 94476 7065 101661 174816 3910 4304 2881 0 0 0
cpu2 92545 7288 99665 178096 4020 4250 2780 0 0 0
cpu3 91815 7024 101026 175001 4186 6056 3947 0 0 0
cpu4 128787 1886 139885 120821 327 1083 1225 0 0 0
cpu5 128570 1723 140296 121249 239 979 1028 0 0 0
cpu6 130177 1576 143555 114519 382 1050 1071 0 0 0
cpu7 126800 740 152731 111835 287 1010 980 0 0 0
intr 35317700 0 0 0 0 2573868 0 189478 0 5247 0 0 0 0 45 35 0 1 0 2 0 2 0 2 0 2 3 0 0 2 1 0 0 32043 26552 0 26320 0 0 0 0 0 0 0 0 0 0 0 0 0 4629553 446296 9 0 0 1345 0 0 0 0 0 433 0 1438 537 11 11 0 5 0 0 0 0 0 0 0 0 0 0 0 0 0 0 0 0 0 0 0 0 0 0 0 0 0 0 0 0 0 0 0 0 0 0 0 0 0 7 222 6 1 12324 329 0 0 0 0 0 0 0 13146 0 0 0 0 0 0 0 0 0 0 0 0 0 0 0 0 0 0 0 0 0 0 0 0 0 0 0 0 0 0 0 0 0 0 0 0 0 0 0 0 0 0 0 0 0 0 0 0 0 0 0 0 0 0 0 0 0 0 0 0 0 0 0 0 0 0 0 0 0 0 0 0 0 0 0 0 0 0 0 0 0 0 0 0 0 0 0 0 0 0 0 0 0 0 0 0 0 0 0 0 0 0 0 0 0 0 0 0 0 0 0 0 1 0 0 0 0 0 0 0 116 0 0 0 0 0 0 0 0 0 0 0 0 0 0 0 0 0 0 0 0 0 0 0 0 0 0 0 0 0 0 0 0 0 0 0 0 0 0 0 0 0 0 0 0 0 0 0 0 0 0 0 0 0 0 0 0 0 0 0 0 0 0 0 0 0 0 0 0 0 0 0 0 0 0 0 0 0 0 0 0 0 0 0 0 0 0 0 0 0 0 0 0 0 0 0 0 0 0 0 0 0 0 0 0 0 0 0 0 0 0 0 0 6 4 10 4 0 0 0 0 0 0 0 0 0 0 0 0 0 0 0 0 0 0 0 0 0 0 0 0 0 0 0 0 0 0 0 0 0 0 0 0 0 0 0 0 0 0 0 0 0 0 0 0 0 0 0 0 0 0 0 0 0 0 0 0 0 0 0 0 0 0 0 0 0 0 0 0 0 0 0 0 0 0 0 0 0 0 0 5453 17 3 0 0 980 10893 0 0 0 42 0 1 0 0 0 0 0 0 5202 0 0 0 0 0 0 0 0 0 0 0 0 10631 1 0 1 0 0 1 0 1 0 1 0 1 0 1 0 1 0 0 1 0 4 2 0 0 0 0 0 0 0 2081 14 0 0 0 0 0 0 0 0 0 0 0 18466 0 1 0 87 93 0 0 0 0 0 0 0 0 0 0 0 0 0 0 0 0 0 0 0 0 0 4 0 0 0 0 0 0 0 0 0 0 0 139677 0 0 0 0 0 0 0 0 0 0 0 0 0 0 4 0 0 24 0 0 0 0 0 2313 0 0 0 10 0 0 0 0 0 0 0 0 27 657 0 2 22 0 0 0 0 0 0 34 2 2 0 2 0 7 174 0 0 0 0 0 0 0 0 0 2 0 0 0 0 0 483 240 0 63 0 0 0 0 259 375 2743 6085 0 0 0 0 0 0 0 0 0 0 0 0 0 0 0 0 0 0 0 0 0 0 0 0 0 0 0 0 0 0 0 0 3675 0 0
ctxt 46668249
btime 1616392896
processes 322176
procs_running 1
procs_blocked 0
softirq 10499285 0 2054985 386 103 4347500 0 472005 1696459 0 1927847
MemTotal:        5647900 kB
MemFree:         2492584 kB
MemAvailable:    3968568 kB
Buffers:            9476 kB
Cached:          1812004 kB
SwapCached:        11324 kB
Active:          1017740 kB
Inactive:        1144688 kB
Active(anon):      39620 kB
Inactive(anon):   364952 kB
Active(file):     978120 kB
Inactive(file):   779736 kB
Unevictable:       62276 kB
Mlocked:           62276 kB
SwapTotal:       2097148 kB
SwapFree:        1685308 kB
Dirty:               232 kB
Writeback:             0 kB
AnonPages:        399588 kB
Mapped:           310956 kB
Shmem:              1984 kB
Slab:             222624 kB
SReclaimable:      72688 kB
SUnreclaim:       149936 kB
KernelStack:       35488 kB
PageTables:        39992 kB
NFS_Unstable:          0 kB
Bounce:                0 kB
WritebackTmp:          0 kB
CommitLimit:     4921096 kB
Committed_AS:   47622228 kB
VmallocTotal:   263061440 kB
VmallocUsed:           0 kB
VmallocChunk:          0 kB
CmaTotal:         303104 kB
CmaFree:            2176 kB

END


NEW DATA 1616396843646
usb_current 190415
usb_voltage 5060550
battery_current -1464
battery_voltage 4363514

system status
cpu  889667 33857 984025 1163297 17003 26160 18292 0 0 0
cpu0 96492 6553 105200 166930 3647 7423 4378 0 0 0
cpu1 94476 7065 101661 174821 3910 4304 2881 0 0 0
cpu2 92545 7288 99665 178101 4020 4250 2780 0 0 0
cpu3 91815 7024 101026 175006 4186 6056 3947 0 0 0
cpu4 128789 1886 139885 120824 327 1083 1225 0 0 0
cpu5 128570 1723 140296 121253 239 979 1028 0 0 0
cpu6 130177 1576 143556 114523 382 1050 1071 0 0 0
cpu7 126800 740 152732 111838 287 1010 980 0 0 0
intr 35317841 0 0 0 0 2573879 0 189478 0 5247 0 0 0 0 45 35 0 1 0 2 0 2 0 2 0 2 3 0 0 2 1 0 0 32043 26552 0 26320 0 0 0 0 0 0 0 0 0 0 0 0 0 4629553 446306 9 0 0 1345 0 0 0 0 0 433 0 1438 537 11 11 0 5 0 0 0 0 0 0 0 0 0 0 0 0 0 0 0 0 0 0 0 0 0 0 0 0 0 0 0 0 0 0 0 0 0 0 0 0 0 7 222 6 1 12324 329 0 0 0 0 0 0 0 13146 0 0 0 0 0 0 0 0 0 0 0 0 0 0 0 0 0 0 0 0 0 0 0 0 0 0 0 0 0 0 0 0 0 0 0 0 0 0 0 0 0 0 0 0 0 0 0 0 0 0 0 0 0 0 0 0 0 0 0 0 0 0 0 0 0 0 0 0 0 0 0 0 0 0 0 0 0 0 0 0 0 0 0 0 0 0 0 0 0 0 0 0 0 0 0 0 0 0 0 0 0 0 0 0 0 0 0 0 0 0 0 0 1 0 0 0 0 0 0 0 116 0 0 0 0 0 0 0 0 0 0 0 0 0 0 0 0 0 0 0 0 0 0 0 0 0 0 0 0 0 0 0 0 0 0 0 0 0 0 0 0 0 0 0 0 0 0 0 0 0 0 0 0 0 0 0 0 0 0 0 0 0 0 0 0 0 0 0 0 0 0 0 0 0 0 0 0 0 0 0 0 0 0 0 0 0 0 0 0 0 0 0 0 0 0 0 0 0 0 0 0 0 0 0 0 0 0 0 0 0 0 0 0 6 4 10 4 0 0 0 0 0 0 0 0 0 0 0 0 0 0 0 0 0 0 0 0 0 0 0 0 0 0 0 0 0 0 0 0 0 0 0 0 0 0 0 0 0 0 0 0 0 0 0 0 0 0 0 0 0 0 0 0 0 0 0 0 0 0 0 0 0 0 0 0 0 0 0 0 0 0 0 0 0 0 0 0 0 0 0 5453 17 3 0 0 980 10893 0 0 0 42 0 1 0 0 0 0 0 0 5202 0 0 0 0 0 0 0 0 0 0 0 0 10631 1 0 1 0 0 1 0 1 0 1 0 1 0 1 0 1 0 0 1 0 4 2 0 0 0 0 0 0 0 2081 14 0 0 0 0 0 0 0 0 0 0 0 18468 0 1 0 87 93 0 0 0 0 0 0 0 0 0 0 0 0 0 0 0 0 0 0 0 0 0 4 0 0 0 0 0 0 0 0 0 0 0 139677 0 0 0 0 0 0 0 0 0 0 0 0 0 0 4 0 0 24 0 0 0 0 0 2313 0 0 0 10 0 0 0 0 0 0 0 0 27 657 0 2 22 0 0 0 0 0 0 34 2 2 0 2 0 7 174 0 0 0 0 0 0 0 0 0 2 0 0 0 0 0 483 240 0 63 0 0 0 0 259 375 2743 6085 0 0 0 0 0 0 0 0 0 0 0 0 0 0 0 0 0 0 0 0 0 0 0 0 0 0 0 0 0 0 0 0 3675 0 0
ctxt 46668377
btime 1616392896
processes 322185
procs_running 1
procs_blocked 0
softirq 10499325 0 2054995 386 103 4347500 0 472015 1696469 0 1927857
MemTotal:        5647900 kB
MemFree:         2492956 kB
MemAvailable:    3968940 kB
Buffers:            9476 kB
Cached:          1812004 kB
SwapCached:        11324 kB
Active:          1017752 kB
Inactive:        1144688 kB
Active(anon):      39632 kB
Inactive(anon):   364952 kB
Active(file):     978120 kB
Inactive(file):   779736 kB
Unevictable:       62276 kB
Mlocked:           62276 kB
SwapTotal:       2097148 kB
SwapFree:        1685308 kB
Dirty:               232 kB
Writeback:             0 kB
AnonPages:        399676 kB
Mapped:           310956 kB
Shmem:              1984 kB
Slab:             222624 kB
SReclaimable:      72688 kB
SUnreclaim:       149936 kB
KernelStack:       35488 kB
PageTables:        39992 kB
NFS_Unstable:          0 kB
Bounce:                0 kB
WritebackTmp:          0 kB
CommitLimit:     4921096 kB
Committed_AS:   47619412 kB
VmallocTotal:   263061440 kB
VmallocUsed:           0 kB
VmallocChunk:          0 kB
CmaTotal:         303104 kB
CmaFree:            2176 kB

END


NEW DATA 1616396843691
usb_current 156030
usb_voltage 5046924
battery_current -1464
battery_voltage 4363514

system status
cpu  889669 33857 984028 1163329 17003 26160 18292 0 0 0
cpu0 96492 6553 105200 166934 3647 7423 4378 0 0 0
cpu1 94476 7065 101661 174825 3910 4304 2881 0 0 0
cpu2 92545 7288 99665 178105 4020 4250 2780 0 0 0
cpu3 91815 7024 101026 175010 4186 6056 3947 0 0 0
cpu4 128789 1886 139885 120827 327 1083 1225 0 0 0
cpu5 128570 1723 140296 121257 239 979 1028 0 0 0
cpu6 130177 1576 143556 114527 382 1050 1071 0 0 0
cpu7 126802 740 152735 111840 287 1010 980 0 0 0
intr 35318006 0 0 0 0 2573895 0 189478 0 5247 0 0 0 0 45 35 0 1 0 2 0 2 0 2 0 2 3 0 0 2 1 0 0 32043 26552 0 26320 0 0 0 0 0 0 0 0 0 0 0 0 0 4629553 446317 9 0 0 1345 0 0 0 0 0 433 0 1438 537 11 11 0 5 0 0 0 0 0 0 0 0 0 0 0 0 0 0 0 0 0 0 0 0 0 0 0 0 0 0 0 0 0 0 0 0 0 0 0 0 0 7 222 6 1 12324 329 0 0 0 0 0 0 0 13146 0 0 0 0 0 0 0 0 0 0 0 0 0 0 0 0 0 0 0 0 0 0 0 0 0 0 0 0 0 0 0 0 0 0 0 0 0 0 0 0 0 0 0 0 0 0 0 0 0 0 0 0 0 0 0 0 0 0 0 0 0 0 0 0 0 0 0 0 0 0 0 0 0 0 0 0 0 0 0 0 0 0 0 0 0 0 0 0 0 0 0 0 0 0 0 0 0 0 0 0 0 0 0 0 0 0 0 0 0 0 0 0 1 0 0 0 0 0 0 0 116 0 0 0 0 0 0 0 0 0 0 0 0 0 0 0 0 0 0 0 0 0 0 0 0 0 0 0 0 0 0 0 0 0 0 0 0 0 0 0 0 0 0 0 0 0 0 0 0 0 0 0 0 0 0 0 0 0 0 0 0 0 0 0 0 0 0 0 0 0 0 0 0 0 0 0 0 0 0 0 0 0 0 0 0 0 0 0 0 0 0 0 0 0 0 0 0 0 0 0 0 0 0 0 0 0 0 0 0 0 0 0 0 6 4 10 4 0 0 0 0 0 0 0 0 0 0 0 0 0 0 0 0 0 0 0 0 0 0 0 0 0 0 0 0 0 0 0 0 0 0 0 0 0 0 0 0 0 0 0 0 0 0 0 0 0 0 0 0 0 0 0 0 0 0 0 0 0 0 0 0 0 0 0 0 0 0 0 0 0 0 0 0 0 0 0 0 0 0 0 5453 17 3 0 0 980 10893 0 0 0 42 0 1 0 0 0 0 0 0 5202 0 0 0 0 0 0 0 0 0 0 0 0 10631 1 0 1 0 0 1 0 1 0 1 0 1 0 1 0 1 0 0 1 0 4 2 0 0 0 0 0 0 0 2081 14 0 0 0 0 0 0 0 0 0 0 0 18470 0 1 0 87 93 0 0 0 0 0 0 0 0 0 0 0 0 0 0 0 0 0 0 0 0 0 4 0 0 0 0 0 0 0 0 0 0 0 139677 0 0 0 0 0 0 0 0 0 0 0 0 0 0 4 0 0 24 0 0 0 0 0 2313 0 0 0 10 0 0 0 0 0 0 0 0 27 657 0 2 22 0 0 0 0 0 0 34 2 2 0 2 0 7 174 0 0 0 0 0 0 0 0 0 2 0 0 0 0 0 483 240 0 63 0 0 0 0 259 375 2743 6085 0 0 0 0 0 0 0 0 0 0 0 0 0 0 0 0 0 0 0 0 0 0 0 0 0 0 0 0 0 0 0 0 3675 0 0
ctxt 46668509
btime 1616392896
processes 322194
procs_running 1
procs_blocked 0
softirq 10499377 0 2055009 386 103 4347500 0 472026 1696483 0 1927870
MemTotal:        5647900 kB
MemFree:         2492460 kB
MemAvailable:    3968448 kB
Buffers:            9476 kB
Cached:          1812008 kB
SwapCached:        11324 kB
Active:          1017740 kB
Inactive:        1144692 kB
Active(anon):      39620 kB
Inactive(anon):   364952 kB
Active(file):     978120 kB
Inactive(file):   779740 kB
Unevictable:       62276 kB
Mlocked:           62276 kB
SwapTotal:       2097148 kB
SwapFree:        1685308 kB
Dirty:               236 kB
Writeback:             0 kB
AnonPages:        399588 kB
Mapped:           310956 kB
Shmem:              1984 kB
Slab:             222612 kB
SReclaimable:      72688 kB
SUnreclaim:       149924 kB
KernelStack:       35488 kB
PageTables:        39992 kB
NFS_Unstable:          0 kB
Bounce:                0 kB
WritebackTmp:          0 kB
CommitLimit:     4921096 kB
Committed_AS:   47619412 kB
VmallocTotal:   263061440 kB
VmallocUsed:           0 kB
VmallocChunk:          0 kB
CmaTotal:         303104 kB
CmaFree:            2176 kB

END


NEW DATA 1616396843739
usb_current 201445
usb_voltage 5058996
battery_current -1464
battery_voltage 4363514

system status
cpu  889672 33857 984030 1163363 17003 26160 18292 0 0 0
cpu0 96492 6553 105200 166939 3647 7423 4378 0 0 0
cpu1 94476 7065 101661 174830 3910 4304 2881 0 0 0
cpu2 92545 7288 99665 178110 4020 4250 2780 0 0 0
cpu3 91815 7024 101026 175015 4186 6056 3947 0 0 0
cpu4 128791 1886 139885 120831 327 1083 1225 0 0 0
cpu5 128571 1723 140296 121260 239 979 1028 0 0 0
cpu6 130177 1576 143557 114530 382 1050 1071 0 0 0
cpu7 126802 740 152736 111844 287 1010 980 0 0 0
intr 35318163 0 0 0 0 2573911 0 189478 0 5247 0 0 0 0 45 35 0 1 0 2 0 2 0 2 0 2 3 0 0 2 1 0 0 32043 26552 0 26320 0 0 0 0 0 0 0 0 0 0 0 0 0 4629553 446330 9 0 0 1345 0 0 0 0 0 433 0 1438 537 11 11 0 5 0 0 0 0 0 0 0 0 0 0 0 0 0 0 0 0 0 0 0 0 0 0 0 0 0 0 0 0 0 0 0 0 0 0 0 0 0 7 222 6 1 12324 329 0 0 0 0 0 0 0 13146 0 0 0 0 0 0 0 0 0 0 0 0 0 0 0 0 0 0 0 0 0 0 0 0 0 0 0 0 0 0 0 0 0 0 0 0 0 0 0 0 0 0 0 0 0 0 0 0 0 0 0 0 0 0 0 0 0 0 0 0 0 0 0 0 0 0 0 0 0 0 0 0 0 0 0 0 0 0 0 0 0 0 0 0 0 0 0 0 0 0 0 0 0 0 0 0 0 0 0 0 0 0 0 0 0 0 0 0 0 0 0 0 1 0 0 0 0 0 0 0 116 0 0 0 0 0 0 0 0 0 0 0 0 0 0 0 0 0 0 0 0 0 0 0 0 0 0 0 0 0 0 0 0 0 0 0 0 0 0 0 0 0 0 0 0 0 0 0 0 0 0 0 0 0 0 0 0 0 0 0 0 0 0 0 0 0 0 0 0 0 0 0 0 0 0 0 0 0 0 0 0 0 0 0 0 0 0 0 0 0 0 0 0 0 0 0 0 0 0 0 0 0 0 0 0 0 0 0 0 0 0 0 0 6 4 10 4 0 0 0 0 0 0 0 0 0 0 0 0 0 0 0 0 0 0 0 0 0 0 0 0 0 0 0 0 0 0 0 0 0 0 0 0 0 0 0 0 0 0 0 0 0 0 0 0 0 0 0 0 0 0 0 0 0 0 0 0 0 0 0 0 0 0 0 0 0 0 0 0 0 0 0 0 0 0 0 0 0 0 0 5453 17 3 0 0 980 10893 0 0 0 42 0 1 0 0 0 0 0 0 5202 0 0 0 0 0 0 0 0 0 0 0 0 10631 1 0 1 0 0 1 0 1 0 1 0 1 0 1 0 1 0 0 1 0 4 2 0 0 0 0 0 0 0 2081 14 0 0 0 0 0 0 0 0 0 0 0 18472 0 1 0 87 93 0 0 0 0 0 0 0 0 0 0 0 0 0 0 0 0 0 0 0 0 0 4 0 0 0 0 0 0 0 0 0 0 0 139677 0 0 0 0 0 0 0 0 0 0 0 0 0 0 4 0 0 24 0 0 0 0 0 2313 0 0 0 10 0 0 0 0 0 0 0 0 27 657 0 2 22 0 0 0 0 0 0 34 2 2 0 2 0 7 174 0 0 0 0 0 0 0 0 0 2 0 0 0 0 0 483 240 0 63 0 0 0 0 259 375 2743 6085 0 0 0 0 0 0 0 0 0 0 0 0 0 0 0 0 0 0 0 0 0 0 0 0 0 0 0 0 0 0 0 0 3675 0 0
ctxt 46668652
btime 1616392896
processes 322203
procs_running 1
procs_blocked 0
softirq 10499420 0 2055019 386 103 4347500 0 472039 1696493 0 1927880
MemTotal:        5647900 kB
MemFree:         2492832 kB
MemAvailable:    3968824 kB
Buffers:            9476 kB
Cached:          1812012 kB
SwapCached:        11324 kB
Active:          1017736 kB
Inactive:        1144696 kB
Active(anon):      39616 kB
Inactive(anon):   364952 kB
Active(file):     978120 kB
Inactive(file):   779744 kB
Unevictable:       62276 kB
Mlocked:           62276 kB
SwapTotal:       2097148 kB
SwapFree:        1685308 kB
Dirty:               240 kB
Writeback:             0 kB
AnonPages:        399676 kB
Mapped:           310956 kB
Shmem:              1984 kB
Slab:             222612 kB
SReclaimable:      72688 kB
SUnreclaim:       149924 kB
KernelStack:       35488 kB
PageTables:        39992 kB
NFS_Unstable:          0 kB
Bounce:                0 kB
WritebackTmp:          0 kB
CommitLimit:     4921096 kB
Committed_AS:   47619412 kB
VmallocTotal:   263061440 kB
VmallocUsed:           0 kB
VmallocChunk:          0 kB
CmaTotal:         303104 kB
CmaFree:            2176 kB

END


NEW DATA 1616396843787
usb_current 176790
usb_voltage 5065614
battery_current -1464
battery_voltage 4363514

system status
cpu  889673 33857 984034 1163396 17003 26160 18292 0 0 0
cpu0 96492 6553 105200 166944 3647 7423 4378 0 0 0
cpu1 94476 7065 101661 174835 3910 4304 2881 0 0 0
cpu2 92545 7288 99665 178115 4020 4250 2780 0 0 0
cpu3 91815 7024 101026 175020 4186 6056 3947 0 0 0
cpu4 128791 1886 139885 120836 327 1083 1225 0 0 0
cpu5 128571 1723 140297 121263 239 979 1028 0 0 0
cpu6 130178 1576 143557 114533 382 1050 1071 0 0 0
cpu7 126802 740 152739 111847 287 1010 980 0 0 0
intr 35318329 0 0 0 0 2573926 0 189478 0 5247 0 0 0 0 45 35 0 1 0 2 0 2 0 2 0 2 3 0 0 2 1 0 0 32043 26552 0 26321 0 0 0 0 0 0 0 0 0 0 0 0 0 4629553 446344 9 0 0 1345 0 0 0 0 0 433 0 1438 537 11 11 0 5 0 0 0 0 0 0 0 0 0 0 0 0 0 0 0 0 0 0 0 0 0 0 0 0 0 0 0 0 0 0 0 0 0 0 0 0 0 7 222 6 1 12324 329 0 0 0 0 0 0 0 13146 0 0 0 0 0 0 0 0 0 0 0 0 0 0 0 0 0 0 0 0 0 0 0 0 0 0 0 0 0 0 0 0 0 0 0 0 0 0 0 0 0 0 0 0 0 0 0 0 0 0 0 0 0 0 0 0 0 0 0 0 0 0 0 0 0 0 0 0 0 0 0 0 0 0 0 0 0 0 0 0 0 0 0 0 0 0 0 0 0 0 0 0 0 0 0 0 0 0 0 0 0 0 0 0 0 0 0 0 0 0 0 0 1 0 0 0 0 0 0 0 116 0 0 0 0 0 0 0 0 0 0 0 0 0 0 0 0 0 0 0 0 0 0 0 0 0 0 0 0 0 0 0 0 0 0 0 0 0 0 0 0 0 0 0 0 0 0 0 0 0 0 0 0 0 0 0 0 0 0 0 0 0 0 0 0 0 0 0 0 0 0 0 0 0 0 0 0 0 0 0 0 0 0 0 0 0 0 0 0 0 0 0 0 0 0 0 0 0 0 0 0 0 0 0 0 0 0 0 0 0 0 0 0 6 4 10 4 0 0 0 0 0 0 0 0 0 0 0 0 0 0 0 0 0 0 0 0 0 0 0 0 0 0 0 0 0 0 0 0 0 0 0 0 0 0 0 0 0 0 0 0 0 0 0 0 0 0 0 0 0 0 0 0 0 0 0 0 0 0 0 0 0 0 0 0 0 0 0 0 0 0 0 0 0 0 0 0 0 0 0 5453 17 3 0 0 980 10893 0 0 0 42 0 1 0 0 0 0 0 0 5202 0 0 0 0 0 0 0 0 0 0 0 0 10631 1 0 1 0 0 1 0 1 0 1 0 1 0 1 0 1 0 0 1 0 4 2 0 0 0 0 0 0 0 2081 14 0 0 0 0 0 0 0 0 0 0 0 18474 0 1 0 87 93 0 0 0 0 0 0 0 0 0 0 0 0 0 0 0 0 0 0 0 0 0 4 0 0 0 0 0 0 0 0 0 0 0 139677 0 0 0 0 0 0 0 0 0 0 0 0 0 0 4 0 0 24 0 0 0 0 0 2313 0 0 0 10 0 0 0 0 0 0 0 0 27 657 0 2 22 0 0 0 0 0 0 34 2 2 0 2 0 7 174 0 0 0 0 0 0 0 0 0 2 0 0 0 0 0 483 240 0 63 0 0 0 0 259 375 2743 6085 0 0 0 0 0 0 0 0 0 0 0 0 0 0 0 0 0 0 0 0 0 0 0 0 0 0 0 0 0 0 0 0 3675 0 0
ctxt 46668793
btime 1616392896
processes 322212
procs_running 1
procs_blocked 0
softirq 10499470 0 2055031 386 103 4347500 0 472053 1696505 0 1927892
MemTotal:        5647900 kB
MemFree:         2492832 kB
MemAvailable:    3968828 kB
Buffers:            9476 kB
Cached:          1812016 kB
SwapCached:        11324 kB
Active:          1017736 kB
Inactive:        1144700 kB
Active(anon):      39616 kB
Inactive(anon):   364952 kB
Active(file):     978120 kB
Inactive(file):   779748 kB
Unevictable:       62276 kB
Mlocked:           62276 kB
SwapTotal:       2097148 kB
SwapFree:        1685308 kB
Dirty:               244 kB
Writeback:             0 kB
AnonPages:        399676 kB
Mapped:           310956 kB
Shmem:              1984 kB
Slab:             222612 kB
SReclaimable:      72688 kB
SUnreclaim:       149924 kB
KernelStack:       35488 kB
PageTables:        39992 kB
NFS_Unstable:          0 kB
Bounce:                0 kB
WritebackTmp:          0 kB
CommitLimit:     4921096 kB
Committed_AS:   47619412 kB
VmallocTotal:   263061440 kB
VmallocUsed:           0 kB
VmallocChunk:          0 kB
CmaTotal:         303104 kB
CmaFree:            2176 kB

END


NEW DATA 1616396843834
usb_current 120995
usb_voltage 5065224
battery_current -1464
battery_voltage 4363514

system status
cpu  889676 33857 984035 1163428 17003 26160 18292 0 0 0
cpu0 96492 6553 105200 166948 3647 7423 4378 0 0 0
cpu1 94476 7065 101661 174839 3910 4304 2881 0 0 0
cpu2 92545 7288 99665 178119 4020 4250 2780 0 0 0
cpu3 91815 7024 101026 175024 4186 6056 3947 0 0 0
cpu4 128791 1886 139885 120840 327 1083 1225 0 0 0
cpu5 128573 1723 140298 121266 239 979 1028 0 0 0
cpu6 130179 1576 143557 114537 382 1050 1071 0 0 0
cpu7 126802 740 152739 111851 287 1010 980 0 0 0
intr 35318444 0 0 0 0 2573937 0 189478 0 5247 0 0 0 0 45 35 0 1 0 2 0 2 0 2 0 2 3 0 0 2 1 0 0 32043 26552 0 26321 0 0 0 0 0 0 0 0 0 0 0 0 0 4629553 446351 9 0 0 1345 0 0 0 0 0 433 0 1438 537 11 11 0 5 0 0 0 0 0 0 0 0 0 0 0 0 0 0 0 0 0 0 0 0 0 0 0 0 0 0 0 0 0 0 0 0 0 0 0 0 0 7 222 6 1 12324 329 0 0 0 0 0 0 0 13146 0 0 0 0 0 0 0 0 0 0 0 0 0 0 0 0 0 0 0 0 0 0 0 0 0 0 0 0 0 0 0 0 0 0 0 0 0 0 0 0 0 0 0 0 0 0 0 0 0 0 0 0 0 0 0 0 0 0 0 0 0 0 0 0 0 0 0 0 0 0 0 0 0 0 0 0 0 0 0 0 0 0 0 0 0 0 0 0 0 0 0 0 0 0 0 0 0 0 0 0 0 0 0 0 0 0 0 0 0 0 0 0 1 0 0 0 0 0 0 0 116 0 0 0 0 0 0 0 0 0 0 0 0 0 0 0 0 0 0 0 0 0 0 0 0 0 0 0 0 0 0 0 0 0 0 0 0 0 0 0 0 0 0 0 0 0 0 0 0 0 0 0 0 0 0 0 0 0 0 0 0 0 0 0 0 0 0 0 0 0 0 0 0 0 0 0 0 0 0 0 0 0 0 0 0 0 0 0 0 0 0 0 0 0 0 0 0 0 0 0 0 0 0 0 0 0 0 0 0 0 0 0 0 6 4 10 4 0 0 0 0 0 0 0 0 0 0 0 0 0 0 0 0 0 0 0 0 0 0 0 0 0 0 0 0 0 0 0 0 0 0 0 0 0 0 0 0 0 0 0 0 0 0 0 0 0 0 0 0 0 0 0 0 0 0 0 0 0 0 0 0 0 0 0 0 0 0 0 0 0 0 0 0 0 0 0 0 0 0 0 5453 17 3 0 0 980 10893 0 0 0 42 0 1 0 0 0 0 0 0 5202 0 0 0 0 0 0 0 0 0 0 0 0 10631 1 0 1 0 0 1 0 1 0 1 0 1 0 1 0 1 0 0 1 0 4 2 0 0 0 0 0 0 0 2081 14 0 0 0 0 0 0 0 0 0 0 0 18476 0 1 0 87 93 0 0 0 0 0 0 0 0 0 0 0 0 0 0 0 0 0 0 0 0 0 4 0 0 0 0 0 0 0 0 0 0 0 139677 0 0 0 0 0 0 0 0 0 0 0 0 0 0 4 0 0 24 0 0 0 0 0 2313 0 0 0 10 0 0 0 0 0 0 0 0 27 657 0 2 22 0 0 0 0 0 0 34 2 2 0 2 0 7 174 0 0 0 0 0 0 0 0 0 2 0 0 0 0 0 483 240 0 63 0 0 0 0 259 375 2743 6085 0 0 0 0 0 0 0 0 0 0 0 0 0 0 0 0 0 0 0 0 0 0 0 0 0 0 0 0 0 0 0 0 3675 0 0
ctxt 46668906
btime 1616392896
processes 322221
procs_running 1
procs_blocked 0
softirq 10499503 0 2055039 386 103 4347500 0 472060 1696514 0 1927901
MemTotal:        5647900 kB
MemFree:         2492708 kB
MemAvailable:    3968708 kB
Buffers:            9476 kB
Cached:          1812020 kB
SwapCached:        11324 kB
Active:          1017760 kB
Inactive:        1144696 kB
Active(anon):      39632 kB
Inactive(anon):   364952 kB
Active(file):     978128 kB
Inactive(file):   779744 kB
Unevictable:       62276 kB
Mlocked:           62276 kB
SwapTotal:       2097148 kB
SwapFree:        1685308 kB
Dirty:               248 kB
Writeback:             0 kB
AnonPages:        399676 kB
Mapped:           310956 kB
Shmem:              1984 kB
Slab:             222612 kB
SReclaimable:      72688 kB
SUnreclaim:       149924 kB
KernelStack:       35488 kB
PageTables:        39992 kB
NFS_Unstable:          0 kB
Bounce:                0 kB
WritebackTmp:          0 kB
CommitLimit:     4921096 kB
Committed_AS:   47619412 kB
VmallocTotal:   263061440 kB
VmallocUsed:           0 kB
VmallocChunk:          0 kB
CmaTotal:         303104 kB
CmaFree:            2176 kB

END


NEW DATA 1616396843881
usb_current 120350
usb_voltage 5065998
battery_current -1464
battery_voltage 4363514

system status
cpu  889678 33857 984038 1163461 17003 26160 18292 0 0 0
cpu0 96492 6553 105200 166953 3647 7423 4378 0 0 0
cpu1 94476 7065 101661 174844 3910 4304 2881 0 0 0
cpu2 92545 7288 99665 178124 4020 4250 2780 0 0 0
cpu3 91815 7024 101026 175029 4186 6056 3947 0 0 0
cpu4 128791 1886 139885 120845 327 1083 1225 0 0 0
cpu5 128573 1723 140300 121268 239 979 1028 0 0 0
cpu6 130180 1576 143558 114540 382 1050 1071 0 0 0
cpu7 126803 740 152739 111854 287 1010 980 0 0 0
intr 35318622 0 0 0 0 2573952 0 189478 0 5247 0 0 0 0 45 35 0 1 0 2 0 2 0 2 0 2 3 0 0 2 1 0 0 32043 26552 0 26321 0 0 0 0 0 0 0 0 0 0 0 0 0 4629553 446360 9 0 0 1345 0 0 0 0 0 433 0 1438 537 11 11 0 5 0 0 0 0 0 0 0 0 0 0 0 0 0 0 0 0 0 0 0 0 0 0 0 0 0 0 0 0 0 0 0 0 0 0 0 0 0 7 222 6 1 12324 329 0 0 0 0 0 0 0 13146 0 0 0 0 0 0 0 0 0 0 0 0 0 0 0 0 0 0 0 0 0 0 0 0 0 0 0 0 0 0 0 0 0 0 0 0 0 0 0 0 0 0 0 0 0 0 0 0 0 0 0 0 0 0 0 0 0 0 0 0 0 0 0 0 0 0 0 0 0 0 0 0 0 0 0 0 0 0 0 0 0 0 0 0 0 0 0 0 0 0 0 0 0 0 0 0 0 0 0 0 0 0 0 0 0 0 0 0 0 0 0 0 1 0 0 0 0 0 0 0 116 0 0 0 0 0 0 0 0 0 0 0 0 0 0 0 0 0 0 0 0 0 0 0 0 0 0 0 0 0 0 0 0 0 0 0 0 0 0 0 0 0 0 0 0 0 0 0 0 0 0 0 0 0 0 0 0 0 0 0 0 0 0 0 0 0 0 0 0 0 0 0 0 0 0 0 0 0 0 0 0 0 0 0 0 0 0 0 0 0 0 0 0 0 0 0 0 0 0 0 0 0 0 0 0 0 0 0 0 0 0 0 0 6 4 10 4 0 0 0 0 0 0 0 0 0 0 0 0 0 0 0 0 0 0 0 0 0 0 0 0 0 0 0 0 0 0 0 0 0 0 0 0 0 0 0 0 0 0 0 0 0 0 0 0 0 0 0 0 0 0 0 0 0 0 0 0 0 0 0 0 0 0 0 0 0 0 0 0 0 0 0 0 0 0 0 0 0 0 0 5453 17 3 0 0 980 10893 0 0 0 42 0 1 0 0 0 0 0 0 5202 0 0 0 0 0 0 0 0 0 0 0 0 10631 1 0 1 0 0 1 0 1 0 1 0 1 0 1 0 1 0 0 1 0 4 2 0 0 0 0 0 0 0 2081 14 0 0 0 0 0 0 0 0 0 0 0 18478 0 1 0 87 93 0 0 0 0 0 0 0 0 0 0 0 0 0 0 0 0 0 0 0 0 0 4 0 0 0 0 0 0 0 0 0 0 0 139677 0 0 0 0 0 0 0 0 0 0 0 0 0 0 4 0 0 24 0 0 0 0 0 2313 0 0 0 10 0 0 0 0 0 0 0 0 27 657 0 2 22 0 0 0 0 0 0 34 2 2 0 2 0 7 174 0 0 0 0 0 0 0 0 0 2 0 0 0 0 0 483 240 0 63 0 0 0 0 259 375 2743 6085 0 0 0 0 0 0 0 0 0 0 0 0 0 0 0 0 0 0 0 0 0 0 0 0 0 0 0 0 0 0 0 0 3675 0 0
ctxt 46669067
btime 1616392896
processes 322230
procs_running 1
procs_blocked 0
softirq 10499545 0 2055050 386 103 4347500 0 472069 1696525 0 1927912
MemTotal:        5647900 kB
MemFree:         2492708 kB
MemAvailable:    3968708 kB
Buffers:            9476 kB
Cached:          1812020 kB
SwapCached:        11324 kB
Active:          1017804 kB
Inactive:        1144696 kB
Active(anon):      39676 kB
Inactive(anon):   364952 kB
Active(file):     978128 kB
Inactive(file):   779744 kB
Unevictable:       62276 kB
Mlocked:           62276 kB
SwapTotal:       2097148 kB
SwapFree:        1685308 kB
Dirty:               248 kB
Writeback:             0 kB
AnonPages:        399676 kB
Mapped:           310956 kB
Shmem:              1984 kB
Slab:             222612 kB
SReclaimable:      72688 kB
SUnreclaim:       149924 kB
KernelStack:       35488 kB
PageTables:        39992 kB
NFS_Unstable:          0 kB
Bounce:                0 kB
WritebackTmp:          0 kB
CommitLimit:     4921096 kB
Committed_AS:   47622164 kB
VmallocTotal:   263061440 kB
VmallocUsed:           0 kB
VmallocChunk:          0 kB
CmaTotal:         303104 kB
CmaFree:            2176 kB

END


NEW DATA 1616396843927
usb_current 120350
usb_voltage 5065614
battery_current -1464
battery_voltage 4363514

system status
cpu  889682 33857 984039 1163494 17003 26160 18292 0 0 0
cpu0 96492 6553 105200 166958 3647 7423 4378 0 0 0
cpu1 94476 7065 101661 174849 3910 4304 2881 0 0 0
cpu2 92545 7288 99665 178129 4020 4250 2780 0 0 0
cpu3 91815 7024 101026 175034 4186 6056 3947 0 0 0
cpu4 128792 1886 139886 120849 327 1083 1225 0 0 0
cpu5 128573 1723 140300 121272 239 979 1028 0 0 0
cpu6 130182 1576 143558 114543 382 1050 1071 0 0 0
cpu7 126804 740 152739 111858 287 1010 980 0 0 0
intr 35318779 0 0 0 0 2573969 0 189478 0 5247 0 0 0 0 45 35 0 1 0 2 0 2 0 2 0 2 3 0 0 2 1 0 0 32043 26552 0 26321 0 0 0 0 0 0 0 0 0 0 0 0 0 4629553 446372 9 0 0 1345 0 0 0 0 0 433 0 1438 537 11 11 0 5 0 0 0 0 0 0 0 0 0 0 0 0 0 0 0 0 0 0 0 0 0 0 0 0 0 0 0 0 0 0 0 0 0 0 0 0 0 7 222 6 1 12324 329 0 0 0 0 0 0 0 13146 0 0 0 0 0 0 0 0 0 0 0 0 0 0 0 0 0 0 0 0 0 0 0 0 0 0 0 0 0 0 0 0 0 0 0 0 0 0 0 0 0 0 0 0 0 0 0 0 0 0 0 0 0 0 0 0 0 0 0 0 0 0 0 0 0 0 0 0 0 0 0 0 0 0 0 0 0 0 0 0 0 0 0 0 0 0 0 0 0 0 0 0 0 0 0 0 0 0 0 0 0 0 0 0 0 0 0 0 0 0 0 0 1 0 0 0 0 0 0 0 116 0 0 0 0 0 0 0 0 0 0 0 0 0 0 0 0 0 0 0 0 0 0 0 0 0 0 0 0 0 0 0 0 0 0 0 0 0 0 0 0 0 0 0 0 0 0 0 0 0 0 0 0 0 0 0 0 0 0 0 0 0 0 0 0 0 0 0 0 0 0 0 0 0 0 0 0 0 0 0 0 0 0 0 0 0 0 0 0 0 0 0 0 0 0 0 0 0 0 0 0 0 0 0 0 0 0 0 0 0 0 0 0 6 4 10 4 0 0 0 0 0 0 0 0 0 0 0 0 0 0 0 0 0 0 0 0 0 0 0 0 0 0 0 0 0 0 0 0 0 0 0 0 0 0 0 0 0 0 0 0 0 0 0 0 0 0 0 0 0 0 0 0 0 0 0 0 0 0 0 0 0 0 0 0 0 0 0 0 0 0 0 0 0 0 0 0 0 0 0 5453 17 3 0 0 980 10893 0 0 0 42 0 1 0 0 0 0 0 0 5202 0 0 0 0 0 0 0 0 0 0 0 0 10631 1 0 1 0 0 1 0 1 0 1 0 1 0 1 0 1 0 0 1 0 4 2 0 0 0 0 0 0 0 2081 14 0 0 0 0 0 0 0 0 0 0 0 18480 0 1 0 87 93 0 0 0 0 0 0 0 0 0 0 0 0 0 0 0 0 0 0 0 0 0 4 0 0 0 0 0 0 0 0 0 0 0 139677 0 0 0 0 0 0 0 0 0 0 0 0 0 0 4 0 0 24 0 0 0 0 0 2313 0 0 0 10 0 0 0 0 0 0 0 0 27 657 0 2 22 0 0 0 0 0 0 34 2 2 0 2 0 7 174 0 0 0 0 0 0 0 0 0 2 0 0 0 0 0 483 240 0 63 0 0 0 0 259 375 2743 6085 0 0 0 0 0 0 0 0 0 0 0 0 0 0 0 0 0 0 0 0 0 0 0 0 0 0 0 0 0 0 0 0 3675 0 0
ctxt 46669230
btime 1616392896
processes 322239
procs_running 1
procs_blocked 0
softirq 10499596 0 2055063 386 103 4347500 0 472081 1696538 0 1927925
MemTotal:        5647900 kB
MemFree:         2492460 kB
MemAvailable:    3968464 kB
Buffers:            9476 kB
Cached:          1812024 kB
SwapCached:        11324 kB
Active:          1017748 kB
Inactive:        1144700 kB
Active(anon):      39620 kB
Inactive(anon):   364952 kB
Active(file):     978128 kB
Inactive(file):   779748 kB
Unevictable:       62276 kB
Mlocked:           62276 kB
SwapTotal:       2097148 kB
SwapFree:        1685308 kB
Dirty:               252 kB
Writeback:             0 kB
AnonPages:        399588 kB
Mapped:           310956 kB
Shmem:              1984 kB
Slab:             222612 kB
SReclaimable:      72688 kB
SUnreclaim:       149924 kB
KernelStack:       35488 kB
PageTables:        39992 kB
NFS_Unstable:          0 kB
Bounce:                0 kB
WritebackTmp:          0 kB
CommitLimit:     4921096 kB
Committed_AS:   47624916 kB
VmallocTotal:   263061440 kB
VmallocUsed:           0 kB
VmallocChunk:          0 kB
CmaTotal:         303104 kB
CmaFree:            2176 kB

END


NEW DATA 1616396843975
usb_current 146300
usb_voltage 5045370
battery_current -1464
battery_voltage 4363514

system status
cpu  889683 33857 984042 1163527 17003 26160 18292 0 0 0
cpu0 96492 6553 105200 166962 3647 7423 4378 0 0 0
cpu1 94476 7065 101661 174854 3910 4304 2881 0 0 0
cpu2 92545 7288 99665 178134 4020 4250 2780 0 0 0
cpu3 91815 7024 101026 175039 4186 6056 3947 0 0 0
cpu4 128792 1886 139886 120853 327 1083 1225 0 0 0
cpu5 128573 1723 140301 121276 239 979 1028 0 0 0
cpu6 130183 1576 143560 114545 382 1050 1071 0 0 0
cpu7 126804 740 152739 111861 287 1010 980 0 0 0
intr 35318909 0 0 0 0 2573981 0 189478 0 5247 0 0 0 0 45 35 0 1 0 2 0 2 0 2 0 2 3 0 0 2 1 0 0 32043 26553 0 26321 0 0 0 0 0 0 0 0 0 0 0 0 0 4629553 446381 9 0 0 1345 0 0 0 0 0 433 0 1438 537 11 11 0 5 0 0 0 0 0 0 0 0 0 0 0 0 0 0 0 0 0 0 0 0 0 0 0 0 0 0 0 0 0 0 0 0 0 0 0 0 0 7 222 6 1 12324 329 0 0 0 0 0 0 0 13146 0 0 0 0 0 0 0 0 0 0 0 0 0 0 0 0 0 0 0 0 0 0 0 0 0 0 0 0 0 0 0 0 0 0 0 0 0 0 0 0 0 0 0 0 0 0 0 0 0 0 0 0 0 0 0 0 0 0 0 0 0 0 0 0 0 0 0 0 0 0 0 0 0 0 0 0 0 0 0 0 0 0 0 0 0 0 0 0 0 0 0 0 0 0 0 0 0 0 0 0 0 0 0 0 0 0 0 0 0 0 0 0 1 0 0 0 0 0 0 0 116 0 0 0 0 0 0 0 0 0 0 0 0 0 0 0 0 0 0 0 0 0 0 0 0 0 0 0 0 0 0 0 0 0 0 0 0 0 0 0 0 0 0 0 0 0 0 0 0 0 0 0 0 0 0 0 0 0 0 0 0 0 0 0 0 0 0 0 0 0 0 0 0 0 0 0 0 0 0 0 0 0 0 0 0 0 0 0 0 0 0 0 0 0 0 0 0 0 0 0 0 0 0 0 0 0 0 0 0 0 0 0 0 6 4 10 4 0 0 0 0 0 0 0 0 0 0 0 0 0 0 0 0 0 0 0 0 0 0 0 0 0 0 0 0 0 0 0 0 0 0 0 0 0 0 0 0 0 0 0 0 0 0 0 0 0 0 0 0 0 0 0 0 0 0 0 0 0 0 0 0 0 0 0 0 0 0 0 0 0 0 0 0 0 0 0 0 0 0 0 5453 17 3 0 0 980 10893 0 0 0 42 0 1 0 0 0 0 0 0 5202 0 0 0 0 0 0 0 0 0 0 0 0 10631 1 0 1 0 0 1 0 1 0 1 0 1 0 1 0 1 0 0 1 0 4 2 0 0 0 0 0 0 0 2081 14 0 0 0 0 0 0 0 0 0 0 0 18482 0 1 0 87 93 0 0 0 0 0 0 0 0 0 0 0 0 0 0 0 0 0 0 0 0 0 4 0 0 0 0 0 0 0 0 0 0 0 139677 0 0 0 0 0 0 0 0 0 0 0 0 0 0 4 0 0 24 0 0 0 0 0 2313 0 0 0 10 0 0 0 0 0 0 0 0 27 657 0 2 22 0 0 0 0 0 0 34 2 2 0 2 0 7 174 0 0 0 0 0 0 0 0 0 2 0 0 0 0 0 483 240 0 63 0 0 0 0 259 375 2743 6085 0 0 0 0 0 0 0 0 0 0 0 0 0 0 0 0 0 0 0 0 0 0 0 0 0 0 0 0 0 0 0 0 3675 0 0
ctxt 46669349
btime 1616392896
processes 322248
procs_running 1
procs_blocked 0
softirq 10499632 0 2055072 386 103 4347500 0 472090 1696547 0 1927934
MemTotal:        5647900 kB
MemFree:         2492604 kB
MemAvailable:    3968612 kB
Buffers:            9476 kB
Cached:          1812028 kB
SwapCached:        11324 kB
Active:          1017764 kB
Inactive:        1144700 kB
Active(anon):      39632 kB
Inactive(anon):   364952 kB
Active(file):     978132 kB
Inactive(file):   779748 kB
Unevictable:       62276 kB
Mlocked:           62276 kB
SwapTotal:       2097148 kB
SwapFree:        1685308 kB
Dirty:               256 kB
Writeback:             0 kB
AnonPages:        399676 kB
Mapped:           310956 kB
Shmem:              1984 kB
Slab:             222612 kB
SReclaimable:      72688 kB
SUnreclaim:       149924 kB
KernelStack:       35488 kB
PageTables:        39992 kB
NFS_Unstable:          0 kB
Bounce:                0 kB
WritebackTmp:          0 kB
CommitLimit:     4921096 kB
Committed_AS:   47622096 kB
VmallocTotal:   263061440 kB
VmallocUsed:           0 kB
VmallocChunk:          0 kB
CmaTotal:         303104 kB
CmaFree:            2176 kB

END


NEW DATA 1616396844020
usb_current 120670
usb_voltage 5065224
battery_current -1464
battery_voltage 4363514

system status
cpu  889685 33857 984045 1163559 17003 26160 18292 0 0 0
cpu0 96492 6553 105200 166967 3647 7423 4378 0 0 0
cpu1 94476 7065 101661 174858 3910 4304 2881 0 0 0
cpu2 92545 7288 99665 178138 4020 4250 2780 0 0 0
cpu3 91815 7024 101026 175043 4186 6056 3947 0 0 0
cpu4 128792 1886 139887 120857 327 1083 1225 0 0 0
cpu5 128575 1723 140301 121280 239 979 1028 0 0 0
cpu6 130183 1576 143560 114548 382 1050 1071 0 0 0
cpu7 126804 740 152741 111864 287 1010 980 0 0 0
intr 35319041 0 0 0 0 2573994 0 189478 0 5247 0 0 0 0 45 35 0 1 0 2 0 2 0 2 0 2 3 0 0 2 1 0 0 32043 26553 0 26321 0 0 0 0 0 0 0 0 0 0 0 0 0 4629553 446391 9 0 0 1345 0 0 0 0 0 433 0 1438 537 11 11 0 5 0 0 0 0 0 0 0 0 0 0 0 0 0 0 0 0 0 0 0 0 0 0 0 0 0 0 0 0 0 0 0 0 0 0 0 0 0 7 222 6 1 12324 329 0 0 0 0 0 0 0 13146 0 0 0 0 0 0 0 0 0 0 0 0 0 0 0 0 0 0 0 0 0 0 0 0 0 0 0 0 0 0 0 0 0 0 0 0 0 0 0 0 0 0 0 0 0 0 0 0 0 0 0 0 0 0 0 0 0 0 0 0 0 0 0 0 0 0 0 0 0 0 0 0 0 0 0 0 0 0 0 0 0 0 0 0 0 0 0 0 0 0 0 0 0 0 0 0 0 0 0 0 0 0 0 0 0 0 0 0 0 0 0 0 1 0 0 0 0 0 0 0 116 0 0 0 0 0 0 0 0 0 0 0 0 0 0 0 0 0 0 0 0 0 0 0 0 0 0 0 0 0 0 0 0 0 0 0 0 0 0 0 0 0 0 0 0 0 0 0 0 0 0 0 0 0 0 0 0 0 0 0 0 0 0 0 0 0 0 0 0 0 0 0 0 0 0 0 0 0 0 0 0 0 0 0 0 0 0 0 0 0 0 0 0 0 0 0 0 0 0 0 0 0 0 0 0 0 0 0 0 0 0 0 0 6 4 10 4 0 0 0 0 0 0 0 0 0 0 0 0 0 0 0 0 0 0 0 0 0 0 0 0 0 0 0 0 0 0 0 0 0 0 0 0 0 0 0 0 0 0 0 0 0 0 0 0 0 0 0 0 0 0 0 0 0 0 0 0 0 0 0 0 0 0 0 0 0 0 0 0 0 0 0 0 0 0 0 0 0 0 0 5453 17 3 0 0 980 10893 0 0 0 42 0 1 0 0 0 0 0 0 5202 0 0 0 0 0 0 0 0 0 0 0 0 10631 1 0 1 0 0 1 0 1 0 1 0 1 0 1 0 1 0 0 1 0 4 2 0 0 0 0 0 0 0 2081 14 0 0 0 0 0 0 0 0 0 0 0 18484 0 1 0 87 93 0 0 0 0 0 0 0 0 0 0 0 0 0 0 0 0 0 0 0 0 0 4 0 0 0 0 0 0 0 0 0 0 0 139677 0 0 0 0 0 0 0 0 0 0 0 0 0 0 4 0 0 24 0 0 0 0 0 2313 0 0 0 10 0 0 0 0 0 0 0 0 27 657 0 2 22 0 0 0 0 0 0 34 2 2 0 2 0 7 174 0 0 0 0 0 0 0 0 0 2 0 0 0 0 0 483 240 0 63 0 0 0 0 259 375 2743 6085 0 0 0 0 0 0 0 0 0 0 0 0 0 0 0 0 0 0 0 0 0 0 0 0 0 0 0 0 0 0 0 0 3675 0 0
ctxt 46669486
btime 1616392896
processes 322257
procs_running 1
procs_blocked 0
softirq 10499675 0 2055083 386 103 4347500 0 472100 1696558 0 1927945
MemTotal:        5647900 kB
MemFree:         2492708 kB
MemAvailable:    3968720 kB
Buffers:            9476 kB
Cached:          1812032 kB
SwapCached:        11324 kB
Active:          1017764 kB
Inactive:        1144704 kB
Active(anon):      39632 kB
Inactive(anon):   364952 kB
Active(file):     978132 kB
Inactive(file):   779752 kB
Unevictable:       62276 kB
Mlocked:           62276 kB
SwapTotal:       2097148 kB
SwapFree:        1685308 kB
Dirty:               260 kB
Writeback:             0 kB
AnonPages:        399676 kB
Mapped:           310956 kB
Shmem:              1984 kB
Slab:             222624 kB
SReclaimable:      72688 kB
SUnreclaim:       149936 kB
KernelStack:       35488 kB
PageTables:        39992 kB
NFS_Unstable:          0 kB
Bounce:                0 kB
WritebackTmp:          0 kB
CommitLimit:     4921096 kB
Committed_AS:   47622096 kB
VmallocTotal:   263061440 kB
VmallocUsed:           0 kB
VmallocChunk:          0 kB
CmaTotal:         303104 kB
CmaFree:            2176 kB

END


NEW DATA 1616396844068
usb_current 119700
usb_voltage 5046150
battery_current -1464
battery_voltage 4363514

system status
cpu  889688 33857 984047 1163592 17003 26160 18292 0 0 0
cpu0 96492 6553 105200 166972 3647 7423 4378 0 0 0
cpu1 94476 7065 101661 174863 3910 4304 2881 0 0 0
cpu2 92545 7288 99665 178143 4020 4250 2780 0 0 0
cpu3 91815 7024 101026 175048 4186 6056 3947 0 0 0
cpu4 128793 1886 139888 120859 327 1083 1225 0 0 0
cpu5 128575 1723 140301 121284 239 979 1028 0 0 0
cpu6 130183 1576 143561 114553 382 1050 1071 0 0 0
cpu7 126806 740 152741 111868 287 1010 980 0 0 0
intr 35319177 0 0 0 0 2574007 0 189478 0 5247 0 0 0 0 45 35 0 1 0 2 0 2 0 2 0 2 3 0 0 2 1 0 0 32043 26554 0 26321 0 0 0 0 0 0 0 0 0 0 0 0 0 4629553 446402 9 0 0 1345 0 0 0 0 0 433 0 1438 537 11 11 0 5 0 0 0 0 0 0 0 0 0 0 0 0 0 0 0 0 0 0 0 0 0 0 0 0 0 0 0 0 0 0 0 0 0 0 0 0 0 7 222 6 1 12324 329 0 0 0 0 0 0 0 13146 0 0 0 0 0 0 0 0 0 0 0 0 0 0 0 0 0 0 0 0 0 0 0 0 0 0 0 0 0 0 0 0 0 0 0 0 0 0 0 0 0 0 0 0 0 0 0 0 0 0 0 0 0 0 0 0 0 0 0 0 0 0 0 0 0 0 0 0 0 0 0 0 0 0 0 0 0 0 0 0 0 0 0 0 0 0 0 0 0 0 0 0 0 0 0 0 0 0 0 0 0 0 0 0 0 0 0 0 0 0 0 0 1 0 0 0 0 0 0 0 116 0 0 0 0 0 0 0 0 0 0 0 0 0 0 0 0 0 0 0 0 0 0 0 0 0 0 0 0 0 0 0 0 0 0 0 0 0 0 0 0 0 0 0 0 0 0 0 0 0 0 0 0 0 0 0 0 0 0 0 0 0 0 0 0 0 0 0 0 0 0 0 0 0 0 0 0 0 0 0 0 0 0 0 0 0 0 0 0 0 0 0 0 0 0 0 0 0 0 0 0 0 0 0 0 0 0 0 0 0 0 0 0 6 4 10 4 0 0 0 0 0 0 0 0 0 0 0 0 0 0 0 0 0 0 0 0 0 0 0 0 0 0 0 0 0 0 0 0 0 0 0 0 0 0 0 0 0 0 0 0 0 0 0 0 0 0 0 0 0 0 0 0 0 0 0 0 0 0 0 0 0 0 0 0 0 0 0 0 0 0 0 0 0 0 0 0 0 0 0 5453 17 3 0 0 980 10893 0 0 0 42 0 1 0 0 0 0 0 0 5202 0 0 0 0 0 0 0 0 0 0 0 0 10631 1 0 1 0 0 1 0 1 0 1 0 1 0 1 0 1 0 0 1 0 4 2 0 0 0 0 0 0 0 2081 14 0 0 0 0 0 0 0 0 0 0 0 18486 0 1 0 87 93 0 0 0 0 0 0 0 0 0 0 0 0 0 0 0 0 0 0 0 0 0 4 0 0 0 0 0 0 0 0 0 0 0 139677 0 0 0 0 0 0 0 0 0 0 0 0 0 0 4 0 0 24 0 0 0 0 0 2313 0 0 0 10 0 0 0 0 0 0 0 0 27 657 0 2 22 0 0 0 0 0 0 34 2 2 0 2 0 7 174 0 0 0 0 0 0 0 0 0 2 0 0 0 0 0 483 240 0 63 0 0 0 0 259 375 2743 6085 0 0 0 0 0 0 0 0 0 0 0 0 0 0 0 0 0 0 0 0 0 0 0 0 0 0 0 0 0 0 0 0 3675 0 0
ctxt 46669622
btime 1616392896
processes 322266
procs_running 1
procs_blocked 0
softirq 10499719 0 2055094 386 103 4347500 0 472111 1696569 0 1927956
MemTotal:        5647900 kB
MemFree:         2492708 kB
MemAvailable:    3968720 kB
Buffers:            9476 kB
Cached:          1812032 kB
SwapCached:        11324 kB
Active:          1017748 kB
Inactive:        1144704 kB
Active(anon):      39616 kB
Inactive(anon):   364952 kB
Active(file):     978132 kB
Inactive(file):   779752 kB
Unevictable:       62276 kB
Mlocked:           62276 kB
SwapTotal:       2097148 kB
SwapFree:        1685308 kB
Dirty:               260 kB
Writeback:             0 kB
AnonPages:        399632 kB
Mapped:           310956 kB
Shmem:              1984 kB
Slab:             222640 kB
SReclaimable:      72688 kB
SUnreclaim:       149952 kB
KernelStack:       35488 kB
PageTables:        39992 kB
NFS_Unstable:          0 kB
Bounce:                0 kB
WritebackTmp:          0 kB
CommitLimit:     4921096 kB
Committed_AS:   47624852 kB
VmallocTotal:   263061440 kB
VmallocUsed:           0 kB
VmallocChunk:          0 kB
CmaTotal:         303104 kB
CmaFree:            2176 kB

END


NEW DATA 1616396844116
usb_current 124565
usb_voltage 5048094
battery_current -1464
battery_voltage 4363514

system status
cpu  889689 33857 984050 1163627 17003 26160 18292 0 0 0
cpu0 96492 6553 105200 166977 3647 7423 4378 0 0 0
cpu1 94476 7065 101661 174868 3910 4304 2881 0 0 0
cpu2 92545 7288 99665 178148 4020 4250 2780 0 0 0
cpu3 91815 7024 101026 175053 4186 6056 3947 0 0 0
cpu4 128794 1886 139888 120863 327 1083 1225 0 0 0
cpu5 128575 1723 140302 121288 239 979 1028 0 0 0
cpu6 130183 1576 143562 114555 382 1050 1071 0 0 0
cpu7 126806 740 152742 111872 287 1010 980 0 0 0
intr 35319349 0 0 0 0 2574020 0 189478 0 5247 0 0 0 0 45 35 0 1 0 2 0 2 0 2 0 2 3 0 0 2 1 0 0 32043 26555 0 26321 0 0 0 0 0 0 0 0 0 0 0 0 0 4629553 446416 9 0 0 1345 0 0 0 0 0 433 0 1438 537 11 11 0 5 0 0 0 0 0 0 0 0 0 0 0 0 0 0 0 0 0 0 0 0 0 0 0 0 0 0 0 0 0 0 0 0 0 0 0 0 0 7 222 6 1 12324 329 0 0 0 0 0 0 0 13146 0 0 0 0 0 0 0 0 0 0 0 0 0 0 0 0 0 0 0 0 0 0 0 0 0 0 0 0 0 0 0 0 0 0 0 0 0 0 0 0 0 0 0 0 0 0 0 0 0 0 0 0 0 0 0 0 0 0 0 0 0 0 0 0 0 0 0 0 0 0 0 0 0 0 0 0 0 0 0 0 0 0 0 0 0 0 0 0 0 0 0 0 0 0 0 0 0 0 0 0 0 0 0 0 0 0 0 0 0 0 0 0 1 0 0 0 0 0 0 0 116 0 0 0 0 0 0 0 0 0 0 0 0 0 0 0 0 0 0 0 0 0 0 0 0 0 0 0 0 0 0 0 0 0 0 0 0 0 0 0 0 0 0 0 0 0 0 0 0 0 0 0 0 0 0 0 0 0 0 0 0 0 0 0 0 0 0 0 0 0 0 0 0 0 0 0 0 0 0 0 0 0 0 0 0 0 0 0 0 0 0 0 0 0 0 0 0 0 0 0 0 0 0 0 0 0 0 0 0 0 0 0 0 6 4 10 4 0 0 0 0 0 0 0 0 0 0 0 0 0 0 0 0 0 0 0 0 0 0 0 0 0 0 0 0 0 0 0 0 0 0 0 0 0 0 0 0 0 0 0 0 0 0 0 0 0 0 0 0 0 0 0 0 0 0 0 0 0 0 0 0 0 0 0 0 0 0 0 0 0 0 0 0 0 0 0 0 0 0 0 5453 17 3 0 0 980 10893 0 0 0 42 0 1 0 0 0 0 0 0 5202 0 0 0 0 0 0 0 0 0 0 0 0 10631 1 0 1 0 0 1 0 1 0 1 0 1 0 1 0 1 0 0 1 0 4 2 0 0 0 0 0 0 0 2081 14 0 0 0 0 0 0 0 0 0 0 0 18488 0 1 0 87 93 0 0 0 0 0 0 0 0 0 0 0 0 0 0 0 0 0 0 0 0 0 4 0 0 0 0 0 0 0 0 0 0 0 139677 0 0 0 0 0 0 0 0 0 0 0 0 0 0 4 0 0 24 0 0 0 0 0 2313 0 0 0 10 0 0 0 0 0 0 0 0 27 657 0 2 22 0 0 0 0 0 0 34 2 2 0 2 0 7 174 0 0 0 0 0 0 0 0 0 2 0 0 0 0 0 483 240 0 63 0 0 0 0 259 375 2743 6085 0 0 0 0 0 0 0 0 0 0 0 0 0 0 0 0 0 0 0 0 0 0 0 0 0 0 0 0 0 0 0 0 3675 0 0
ctxt 46669818
btime 1616392896
processes 322275
procs_running 1
procs_blocked 0
softirq 10499760 0 2055103 386 103 4347500 0 472125 1696578 0 1927965
MemTotal:        5647900 kB
MemFree:         2492584 kB
MemAvailable:    3968600 kB
Buffers:            9476 kB
Cached:          1812036 kB
SwapCached:        11324 kB
Active:          1017804 kB
Inactive:        1144708 kB
Active(anon):      39672 kB
Inactive(anon):   364952 kB
Active(file):     978132 kB
Inactive(file):   779756 kB
Unevictable:       62276 kB
Mlocked:           62276 kB
SwapTotal:       2097148 kB
SwapFree:        1685308 kB
Dirty:               264 kB
Writeback:             0 kB
AnonPages:        399676 kB
Mapped:           310956 kB
Shmem:              1984 kB
Slab:             222712 kB
SReclaimable:      72688 kB
SUnreclaim:       150024 kB
KernelStack:       35488 kB
PageTables:        39992 kB
NFS_Unstable:          0 kB
Bounce:                0 kB
WritebackTmp:          0 kB
CommitLimit:     4921096 kB
Committed_AS:   47624628 kB
VmallocTotal:   263061440 kB
VmallocUsed:           0 kB
VmallocChunk:          0 kB
CmaTotal:         303104 kB
CmaFree:            2176 kB

END


NEW DATA 1616396844165
usb_current 125215
usb_voltage 5064834
battery_current -1464
battery_voltage 4363514

system status
cpu  889690 33857 984053 1163661 17003 26160 18293 0 0 0
cpu0 96492 6553 105200 166981 3647 7423 4378 0 0 0
cpu1 94476 7065 101661 174873 3910 4304 2881 0 0 0
cpu2 92545 7288 99665 178153 4020 4250 2780 0 0 0
cpu3 91815 7024 101026 175058 4186 6056 3947 0 0 0
cpu4 128794 1886 139888 120867 327 1083 1225 0 0 0
cpu5 128575 1723 140303 121292 239 979 1028 0 0 0
cpu6 130183 1576 143563 114559 382 1050 1071 0 0 0
cpu7 126807 740 152743 111875 287 1010 980 0 0 0
intr 35319486 0 0 0 0 2574034 0 189478 0 5247 0 0 0 0 45 35 0 1 0 2 0 2 0 2 0 2 3 0 0 2 1 0 0 32043 26555 0 26321 0 0 0 0 0 0 0 0 0 0 0 0 0 4629553 446428 9 0 0 1345 0 0 0 0 0 433 0 1438 537 11 11 0 5 0 0 0 0 0 0 0 0 0 0 0 0 0 0 0 0 0 0 0 0 0 0 0 0 0 0 0 0 0 0 0 0 0 0 0 0 0 7 222 6 1 12324 329 0 0 0 0 0 0 0 13146 0 0 0 0 0 0 0 0 0 0 0 0 0 0 0 0 0 0 0 0 0 0 0 0 0 0 0 0 0 0 0 0 0 0 0 0 0 0 0 0 0 0 0 0 0 0 0 0 0 0 0 0 0 0 0 0 0 0 0 0 0 0 0 0 0 0 0 0 0 0 0 0 0 0 0 0 0 0 0 0 0 0 0 0 0 0 0 0 0 0 0 0 0 0 0 0 0 0 0 0 0 0 0 0 0 0 0 0 0 0 0 0 1 0 0 0 0 0 0 0 116 0 0 0 0 0 0 0 0 0 0 0 0 0 0 0 0 0 0 0 0 0 0 0 0 0 0 0 0 0 0 0 0 0 0 0 0 0 0 0 0 0 0 0 0 0 0 0 0 0 0 0 0 0 0 0 0 0 0 0 0 0 0 0 0 0 0 0 0 0 0 0 0 0 0 0 0 0 0 0 0 0 0 0 0 0 0 0 0 0 0 0 0 0 0 0 0 0 0 0 0 0 0 0 0 0 0 0 0 0 0 0 0 6 4 10 4 0 0 0 0 0 0 0 0 0 0 0 0 0 0 0 0 0 0 0 0 0 0 0 0 0 0 0 0 0 0 0 0 0 0 0 0 0 0 0 0 0 0 0 0 0 0 0 0 0 0 0 0 0 0 0 0 0 0 0 0 0 0 0 0 0 0 0 0 0 0 0 0 0 0 0 0 0 0 0 0 0 0 0 5453 17 3 0 0 980 10893 0 0 0 42 0 1 0 0 0 0 0 0 5202 0 0 0 0 0 0 0 0 0 0 0 0 10631 1 0 1 0 0 1 0 1 0 1 0 1 0 1 0 1 0 0 1 0 4 2 0 0 0 0 0 0 0 2081 14 0 0 0 0 0 0 0 0 0 0 0 18490 0 1 0 87 93 0 0 0 0 0 0 0 0 0 0 0 0 0 0 0 0 0 0 0 0 0 4 0 0 0 0 0 0 0 0 0 0 0 139677 0 0 0 0 0 0 0 0 0 0 0 0 0 0 4 0 0 24 0 0 0 0 0 2313 0 0 0 10 0 0 0 0 0 0 0 0 27 657 0 2 22 0 0 0 0 0 0 34 2 2 0 2 0 7 174 0 0 0 0 0 0 0 0 0 2 0 0 0 0 0 483 240 0 63 0 0 0 0 259 375 2743 6085 0 0 0 0 0 0 0 0 0 0 0 0 0 0 0 0 0 0 0 0 0 0 0 0 0 0 0 0 0 0 0 0 3675 0 0
ctxt 46669968
btime 1616392896
processes 322284
procs_running 1
procs_blocked 0
softirq 10499805 0 2055114 386 103 4347500 0 472137 1696589 0 1927976
MemTotal:        5647900 kB
MemFree:         2492956 kB
MemAvailable:    3968976 kB
Buffers:            9476 kB
Cached:          1812040 kB
SwapCached:        11324 kB
Active:          1017808 kB
Inactive:        1144712 kB
Active(anon):      39676 kB
Inactive(anon):   364952 kB
Active(file):     978132 kB
Inactive(file):   779760 kB
Unevictable:       62276 kB
Mlocked:           62276 kB
SwapTotal:       2097148 kB
SwapFree:        1685308 kB
Dirty:               268 kB
Writeback:             0 kB
AnonPages:        399792 kB
Mapped:           310956 kB
Shmem:              1984 kB
Slab:             222724 kB
SReclaimable:      72688 kB
SUnreclaim:       150036 kB
KernelStack:       35504 kB
PageTables:        40020 kB
NFS_Unstable:          0 kB
Bounce:                0 kB
WritebackTmp:          0 kB
CommitLimit:     4921096 kB
Committed_AS:   47624628 kB
VmallocTotal:   263061440 kB
VmallocUsed:           0 kB
VmallocChunk:          0 kB
CmaTotal:         303104 kB
CmaFree:            2176 kB

END


NEW DATA 1616396844214
usb_current 170955
usb_voltage 5064834
battery_current -1464
battery_voltage 4363514

system status
cpu  889694 33857 984053 1163695 17003 26160 18293 0 0 0
cpu0 96492 6553 105200 166986 3647 7423 4378 0 0 0
cpu1 94476 7065 101661 174877 3910 4304 2881 0 0 0
cpu2 92545 7288 99665 178157 4020 4250 2780 0 0 0
cpu3 91815 7024 101026 175063 4186 6056 3947 0 0 0
cpu4 128794 1886 139888 120872 327 1083 1225 0 0 0
cpu5 128576 1723 140303 121295 239 979 1028 0 0 0
cpu6 130186 1576 143563 114562 382 1050 1071 0 0 0
cpu7 126807 740 152743 111878 287 1010 980 0 0 0
intr 35319635 0 0 0 0 2574047 0 189478 0 5247 0 0 0 0 45 35 0 1 0 2 0 2 0 2 0 2 3 0 0 2 1 0 0 32043 26555 0 26321 0 0 0 0 0 0 0 0 0 0 0 0 0 4629553 446439 9 0 0 1345 0 0 0 0 0 433 0 1438 537 11 11 0 5 0 0 0 0 0 0 0 0 0 0 0 0 0 0 0 0 0 0 0 0 0 0 0 0 0 0 0 0 0 0 0 0 0 0 0 0 0 7 222 6 1 12324 329 0 0 0 0 0 0 0 13146 0 0 0 0 0 0 0 0 0 0 0 0 0 0 0 0 0 0 0 0 0 0 0 0 0 0 0 0 0 0 0 0 0 0 0 0 0 0 0 0 0 0 0 0 0 0 0 0 0 0 0 0 0 0 0 0 0 0 0 0 0 0 0 0 0 0 0 0 0 0 0 0 0 0 0 0 0 0 0 0 0 0 0 0 0 0 0 0 0 0 0 0 0 0 0 0 0 0 0 0 0 0 0 0 0 0 0 0 0 0 0 0 1 0 0 0 0 0 0 0 116 0 0 0 0 0 0 0 0 0 0 0 0 0 0 0 0 0 0 0 0 0 0 0 0 0 0 0 0 0 0 0 0 0 0 0 0 0 0 0 0 0 0 0 0 0 0 0 0 0 0 0 0 0 0 0 0 0 0 0 0 0 0 0 0 0 0 0 0 0 0 0 0 0 0 0 0 0 0 0 0 0 0 0 0 0 0 0 0 0 0 0 0 0 0 0 0 0 0 0 0 0 0 0 0 0 0 0 0 0 0 0 0 6 4 10 4 0 0 0 0 0 0 0 0 0 0 0 0 0 0 0 0 0 0 0 0 0 0 0 0 0 0 0 0 0 0 0 0 0 0 0 0 0 0 0 0 0 0 0 0 0 0 0 0 0 0 0 0 0 0 0 0 0 0 0 0 0 0 0 0 0 0 0 0 0 0 0 0 0 0 0 0 0 0 0 0 0 0 0 5453 17 3 0 0 980 10893 0 0 0 42 0 1 0 0 0 0 0 0 5202 0 0 0 0 0 0 0 0 0 0 0 0 10631 1 0 1 0 0 1 0 1 0 1 0 1 0 1 0 1 0 0 1 0 4 2 0 0 0 0 0 0 0 2081 14 0 0 0 0 0 0 0 0 0 0 0 18492 0 1 0 87 93 0 0 0 0 0 0 0 0 0 0 0 0 0 0 0 0 0 0 0 0 0 4 0 0 0 0 0 0 0 0 0 0 0 139677 0 0 0 0 0 0 0 0 0 0 0 0 0 0 4 0 0 24 0 0 0 0 0 2313 0 0 0 10 0 0 0 0 0 0 0 0 27 657 0 2 22 0 0 0 0 0 0 34 2 2 0 2 0 7 174 0 0 0 0 0 0 0 0 0 2 0 0 0 0 0 483 240 0 63 0 0 0 0 259 375 2743 6085 0 0 0 0 0 0 0 0 0 0 0 0 0 0 0 0 0 0 0 0 0 0 0 0 0 0 0 0 0 0 0 0 3675 0 0
ctxt 46670094
btime 1616392896
processes 322293
procs_running 1
procs_blocked 0
softirq 10499843 0 2055123 386 103 4347500 0 472148 1696598 0 1927985
MemTotal:        5647900 kB
MemFree:         2492708 kB
MemAvailable:    3968732 kB
Buffers:            9476 kB
Cached:          1812044 kB
SwapCached:        11324 kB
Active:          1017860 kB
Inactive:        1144716 kB
Active(anon):      39728 kB
Inactive(anon):   364952 kB
Active(file):     978132 kB
Inactive(file):   779764 kB
Unevictable:       62276 kB
Mlocked:           62276 kB
SwapTotal:       2097148 kB
SwapFree:        1685308 kB
Dirty:               272 kB
Writeback:             0 kB
AnonPages:        399368 kB
Mapped:           310956 kB
Shmem:              1984 kB
Slab:             222692 kB
SReclaimable:      72688 kB
SUnreclaim:       150004 kB
KernelStack:       35520 kB
PageTables:        40048 kB
NFS_Unstable:          0 kB
Bounce:                0 kB
WritebackTmp:          0 kB
CommitLimit:     4921096 kB
Committed_AS:   47621808 kB
VmallocTotal:   263061440 kB
VmallocUsed:           0 kB
VmallocChunk:          0 kB
CmaTotal:         303104 kB
CmaFree:            2176 kB

END


NEW DATA 1616396844262
usb_current 569960
usb_voltage 5064054
battery_current -1464
battery_voltage 4363514

system status
cpu  889698 33857 984057 1163727 17003 26160 18293 0 0 0
cpu0 96492 6553 105200 166991 3647 7423 4378 0 0 0
cpu1 94476 7065 101661 174882 3910 4304 2881 0 0 0
cpu2 92545 7288 99665 178162 4020 4250 2780 0 0 0
cpu3 91815 7024 101026 175067 4186 6056 3947 0 0 0
cpu4 128794 1886 139889 120876 327 1083 1225 0 0 0
cpu5 128577 1723 140304 121299 239 979 1028 0 0 0
cpu6 130188 1576 143563 114564 382 1050 1071 0 0 0
cpu7 126808 740 152745 111881 287 1010 980 0 0 0
intr 35319870 0 0 0 0 2574066 0 189478 0 5247 0 0 0 0 45 35 0 1 0 2 0 2 0 2 0 2 3 0 0 2 1 0 0 32045 26559 0 26321 0 0 0 0 0 0 0 0 0 0 0 0 0 4629553 446455 9 0 0 1345 0 0 0 0 0 433 0 1438 537 11 11 0 5 0 0 0 0 0 0 0 0 0 0 0 0 0 0 0 0 0 0 0 0 0 0 0 0 0 0 0 0 0 0 0 0 0 0 0 0 0 7 222 6 1 12324 329 0 0 0 0 0 0 0 13146 0 0 0 0 0 0 0 0 0 0 0 0 0 0 0 0 0 0 0 0 0 0 0 0 0 0 0 0 0 0 0 0 0 0 0 0 0 0 0 0 0 0 0 0 0 0 0 0 0 0 0 0 0 0 0 0 0 0 0 0 0 0 0 0 0 0 0 0 0 0 0 0 0 0 0 0 0 0 0 0 0 0 0 0 0 0 0 0 0 0 0 0 0 0 0 0 0 0 0 0 0 0 0 0 0 0 0 0 0 0 0 0 1 0 0 0 0 0 0 0 116 0 0 0 0 0 0 0 0 0 0 0 0 0 0 0 0 0 0 0 0 0 0 0 0 0 0 0 0 0 0 0 0 0 0 0 0 0 0 0 0 0 0 0 0 0 0 0 0 0 0 0 0 0 0 0 0 0 0 0 0 0 0 0 0 0 0 0 0 0 0 0 0 0 0 0 0 0 0 0 0 0 0 0 0 0 0 0 0 0 0 0 0 0 0 0 0 0 0 0 0 0 0 0 0 0 0 0 0 0 0 0 0 6 4 10 4 0 0 0 0 0 0 0 0 0 0 0 0 0 0 0 0 0 0 0 0 0 0 0 0 0 0 0 0 0 0 0 0 0 0 0 0 0 0 0 0 0 0 0 0 0 0 0 0 0 0 0 0 0 0 0 0 0 0 0 0 0 0 0 0 0 0 0 0 0 0 0 0 0 0 0 0 0 0 0 0 0 0 0 5453 17 3 0 0 980 10893 0 0 0 42 0 1 0 0 0 0 0 0 5202 0 0 0 0 0 0 0 0 0 0 0 0 10631 1 0 1 0 0 1 0 1 0 1 0 1 0 1 0 1 0 0 1 0 4 2 0 0 0 0 0 0 0 2081 14 0 0 0 0 0 0 0 0 0 0 0 18494 0 1 0 87 93 0 0 0 0 0 0 0 0 0 0 0 0 0 0 0 0 0 0 0 0 0 4 0 0 0 0 0 0 0 0 0 0 0 139677 0 0 0 0 0 0 0 0 0 0 0 0 0 0 4 0 0 24 0 0 0 0 0 2313 0 0 0 10 0 0 0 0 0 0 0 0 27 657 0 2 22 0 0 0 0 0 0 34 2 2 0 2 0 7 174 0 0 0 0 0 0 0 0 0 2 0 0 0 0 0 483 240 0 63 0 0 0 0 259 375 2743 6085 0 0 0 0 0 0 0 0 0 0 0 0 0 0 0 0 0 0 0 0 0 0 0 0 0 0 0 0 0 0 0 0 3675 0 0
ctxt 46670390
btime 1616392896
processes 322303
procs_running 1
procs_blocked 0
softirq 10499897 0 2055136 386 103 4347500 0 472164 1696611 0 1927997
MemTotal:        5647900 kB
MemFree:         2493028 kB
MemAvailable:    3969056 kB
Buffers:            9476 kB
Cached:          1812048 kB
SwapCached:        11324 kB
Active:          1021336 kB
Inactive:        1141184 kB
Active(anon):      39668 kB
Inactive(anon):   364952 kB
Active(file):     981668 kB
Inactive(file):   776232 kB
Unevictable:       62276 kB
Mlocked:           62276 kB
SwapTotal:       2097148 kB
SwapFree:        1685308 kB
Dirty:               276 kB
Writeback:             0 kB
AnonPages:        399476 kB
Mapped:           310956 kB
Shmem:              1984 kB
Slab:             222692 kB
SReclaimable:      72688 kB
SUnreclaim:       150004 kB
KernelStack:       35456 kB
PageTables:        39964 kB
NFS_Unstable:          0 kB
Bounce:                0 kB
WritebackTmp:          0 kB
CommitLimit:     4921096 kB
Committed_AS:   47621756 kB
VmallocTotal:   263061440 kB
VmallocUsed:           0 kB
VmallocChunk:          0 kB
CmaTotal:         303104 kB
CmaFree:            2176 kB

END


NEW DATA 1616396844311
usb_current 121645
usb_voltage 5065998
battery_current -64941
battery_voltage 4363514

system status
cpu  889700 33857 984060 1163760 17003 26161 18293 0 0 0
cpu0 96492 6553 105200 166995 3647 7423 4378 0 0 0
cpu1 94476 7065 101661 174887 3910 4304 2881 0 0 0
cpu2 92545 7288 99665 178167 4020 4250 2780 0 0 0
cpu3 91815 7024 101026 175072 4186 6056 3947 0 0 0
cpu4 128795 1886 139889 120879 327 1083 1225 0 0 0
cpu5 128577 1723 140304 121303 239 979 1028 0 0 0
cpu6 130189 1576 143563 114568 382 1050 1071 0 0 0
cpu7 126808 740 152748 111885 287 1011 980 0 0 0
intr 35320025 0 0 0 0 2574080 0 189478 0 5247 0 0 0 0 45 35 0 1 0 2 0 2 0 2 0 2 3 0 0 2 1 0 0 32046 26560 0 26321 0 0 0 0 0 0 0 0 0 0 0 0 0 4629553 446469 9 0 0 1345 0 0 0 0 0 433 0 1438 537 11 11 0 5 0 0 0 0 0 0 0 0 0 0 0 0 0 0 0 0 0 0 0 0 0 0 0 0 0 0 0 0 0 0 0 0 0 0 0 0 0 7 222 6 1 12324 329 0 0 0 0 0 0 0 13146 0 0 0 0 0 0 0 0 0 0 0 0 0 0 0 0 0 0 0 0 0 0 0 0 0 0 0 0 0 0 0 0 0 0 0 0 0 0 0 0 0 0 0 0 0 0 0 0 0 0 0 0 0 0 0 0 0 0 0 0 0 0 0 0 0 0 0 0 0 0 0 0 0 0 0 0 0 0 0 0 0 0 0 0 0 0 0 0 0 0 0 0 0 0 0 0 0 0 0 0 0 0 0 0 0 0 0 0 0 0 0 0 1 0 0 0 0 0 0 0 116 0 0 0 0 0 0 0 0 0 0 0 0 0 0 0 0 0 0 0 0 0 0 0 0 0 0 0 0 0 0 0 0 0 0 0 0 0 0 0 0 0 0 0 0 0 0 0 0 0 0 0 0 0 0 0 0 0 0 0 0 0 0 0 0 0 0 0 0 0 0 0 0 0 0 0 0 0 0 0 0 0 0 0 0 0 0 0 0 0 0 0 0 0 0 0 0 0 0 0 0 0 0 0 0 0 0 0 0 0 0 0 0 6 4 10 4 0 0 0 0 0 0 0 0 0 0 0 0 0 0 0 0 0 0 0 0 0 0 0 0 0 0 0 0 0 0 0 0 0 0 0 0 0 0 0 0 0 0 0 0 0 0 0 0 0 0 0 0 0 0 0 0 0 0 0 0 0 0 0 0 0 0 0 0 0 0 0 0 0 0 0 0 0 0 0 0 0 0 0 5453 17 3 0 0 980 10893 0 0 0 42 0 1 0 0 0 0 0 0 5202 0 0 0 0 0 0 0 0 0 0 0 0 10631 1 0 1 0 0 1 0 1 0 1 0 1 0 1 0 1 0 0 1 0 4 2 0 0 0 0 0 0 0 2081 14 0 0 0 0 0 0 0 0 0 0 0 18496 0 1 0 87 93 0 0 0 0 0 0 0 0 0 0 0 0 0 0 0 0 0 0 0 0 0 4 0 0 0 0 0 0 0 0 0 0 0 139677 0 0 0 0 0 0 0 0 0 0 0 0 0 0 4 0 0 24 0 0 0 0 0 2313 0 0 0 10 0 0 0 0 0 0 0 0 27 657 0 2 22 0 0 0 0 0 0 34 2 2 0 2 0 7 174 0 0 0 0 0 0 0 0 0 2 0 0 0 0 0 483 240 0 63 0 0 0 0 259 375 2743 6085 0 0 0 0 0 0 0 0 0 0 0 0 0 0 0 0 0 0 0 0 0 0 0 0 0 0 0 0 0 0 0 0 3675 0 0
ctxt 46670539
btime 1616392896
processes 322312
procs_running 1
procs_blocked 0
softirq 10499947 0 2055148 386 103 4347500 0 472178 1696623 0 1928009
MemTotal:        5647900 kB
MemFree:         2492532 kB
MemAvailable:    3968560 kB
Buffers:            9476 kB
Cached:          1812048 kB
SwapCached:        11324 kB
Active:          1021572 kB
Inactive:        1141184 kB
Active(anon):      39904 kB
Inactive(anon):   364952 kB
Active(file):     981668 kB
Inactive(file):   776232 kB
Unevictable:       62276 kB
Mlocked:           62276 kB
SwapTotal:       2097148 kB
SwapFree:        1685308 kB
Dirty:               276 kB
Writeback:             0 kB
AnonPages:        399964 kB
Mapped:           310956 kB
Shmem:              1984 kB
Slab:             222688 kB
SReclaimable:      72688 kB
SUnreclaim:       150000 kB
KernelStack:       35440 kB
PageTables:        39936 kB
NFS_Unstable:          0 kB
Bounce:                0 kB
WritebackTmp:          0 kB
CommitLimit:     4921096 kB
Committed_AS:   47621756 kB
VmallocTotal:   263061440 kB
VmallocUsed:           0 kB
VmallocChunk:          0 kB
CmaTotal:         303104 kB
CmaFree:            2176 kB

END


NEW DATA 1616396844359
usb_current 388945
usb_voltage 5065614
battery_current -64941
battery_voltage 4363514

system status
cpu  889702 33857 984063 1163793 17004 26161 18293 0 0 0
cpu0 96492 6553 105200 167000 3647 7423 4379 0 0 0
cpu1 94476 7065 101661 174892 3910 4304 2881 0 0 0
cpu2 92545 7288 99665 178172 4020 4250 2780 0 0 0
cpu3 91815 7024 101026 175077 4186 6056 3947 0 0 0
cpu4 128795 1886 139891 120883 327 1083 1225 0 0 0
cpu5 128579 1723 140304 121306 239 979 1028 0 0 0
cpu6 130189 1576 143564 114571 382 1050 1071 0 0 0
cpu7 126808 740 152748 111889 287 1011 980 0 0 0
intr 35320205 0 0 0 0 2574098 0 189478 0 5247 0 0 0 0 45 35 0 1 0 2 0 2 0 2 0 2 3 0 0 2 1 0 0 32046 26560 0 26321 0 0 0 0 0 0 0 0 0 0 0 0 0 4629562 446481 9 0 0 1345 0 0 0 0 0 433 0 1438 537 11 11 0 5 0 0 0 0 0 0 0 0 0 0 0 0 0 0 0 0 0 0 0 0 0 0 0 0 0 0 0 0 0 0 0 0 0 0 0 0 0 7 222 6 1 12324 329 0 0 0 0 0 0 0 13146 0 0 0 0 0 0 0 0 0 0 0 0 0 0 0 0 0 0 0 0 0 0 0 0 0 0 0 0 0 0 0 0 0 0 0 0 0 0 0 0 0 0 0 0 0 0 0 0 0 0 0 0 0 0 0 0 0 0 0 0 0 0 0 0 0 0 0 0 0 0 0 0 0 0 0 0 0 0 0 0 0 0 0 0 0 0 0 0 0 0 0 0 0 0 0 0 0 0 0 0 0 0 0 0 0 0 0 0 0 0 0 0 1 0 0 0 0 0 0 0 116 0 0 0 0 0 0 0 0 0 0 0 0 0 0 0 0 0 0 0 0 0 0 0 0 0 0 0 0 0 0 0 0 0 0 0 0 0 0 0 0 0 0 0 0 0 0 0 0 0 0 0 0 0 0 0 0 0 0 0 0 0 0 0 0 0 0 0 0 0 0 0 0 0 0 0 0 0 0 0 0 0 0 0 0 0 0 0 0 0 0 0 0 0 0 0 0 0 0 0 0 0 0 0 0 0 0 0 0 0 0 0 0 6 4 10 4 0 0 0 0 0 0 0 0 0 0 0 0 0 0 0 0 0 0 0 0 0 0 0 0 0 0 0 0 0 0 0 0 0 0 0 0 0 0 0 0 0 0 0 0 0 0 0 0 0 0 0 0 0 0 0 0 0 0 0 0 0 0 0 0 0 0 0 0 0 0 0 0 0 0 0 0 0 0 0 0 0 0 0 5453 17 3 0 0 980 10893 0 0 0 42 0 1 0 0 0 0 0 0 5202 0 0 0 0 0 0 0 0 0 0 0 0 10631 1 0 1 0 0 1 0 1 0 1 0 1 0 1 0 1 0 0 1 0 4 2 0 0 0 0 0 0 0 2081 14 0 0 0 0 0 0 0 0 0 0 0 18498 0 1 0 87 93 0 0 0 0 0 0 0 0 0 0 0 0 0 0 0 0 0 0 0 0 0 4 0 0 0 0 0 0 0 0 0 0 0 139677 0 0 0 0 0 0 0 0 0 0 0 0 0 0 4 0 0 24 0 0 0 0 0 2313 0 0 0 10 0 0 0 0 0 0 0 0 27 657 0 2 22 0 0 0 0 0 0 34 2 2 0 2 0 7 174 0 0 0 0 0 0 0 0 0 2 0 0 0 0 0 483 240 0 63 0 0 0 0 259 375 2743 6085 0 0 0 0 0 0 0 0 0 0 0 0 0 0 0 0 0 0 0 0 0 0 0 0 0 0 0 0 0 0 0 0 3675 0 0
ctxt 46670718
btime 1616392896
processes 322321
procs_running 1
procs_blocked 0
softirq 10500003 0 2055160 386 103 4347508 0 472190 1696635 0 1928021
MemTotal:        5647900 kB
MemFree:         2492460 kB
MemAvailable:    3968504 kB
Buffers:            9488 kB
Cached:          1812052 kB
SwapCached:        11324 kB
Active:          1021492 kB
Inactive:        1141152 kB
Active(anon):      39776 kB
Inactive(anon):   364952 kB
Active(file):     981716 kB
Inactive(file):   776200 kB
Unevictable:       62276 kB
Mlocked:           62276 kB
SwapTotal:       2097148 kB
SwapFree:        1685308 kB
Dirty:               316 kB
Writeback:             0 kB
AnonPages:        399776 kB
Mapped:           310956 kB
Shmem:              1984 kB
Slab:             222688 kB
SReclaimable:      72688 kB
SUnreclaim:       150000 kB
KernelStack:       35488 kB
PageTables:        40020 kB
NFS_Unstable:          0 kB
Bounce:                0 kB
WritebackTmp:          0 kB
CommitLimit:     4921096 kB
Committed_AS:   47621756 kB
VmallocTotal:   263061440 kB
VmallocUsed:           0 kB
VmallocChunk:          0 kB
CmaTotal:         303104 kB
CmaFree:            2176 kB

END


NEW DATA 1616396844407
usb_current 123265
usb_voltage 5048484
battery_current -64941
battery_voltage 4363514

system status
cpu  889704 33857 984066 1163827 17004 26161 18293 0 0 0
cpu0 96492 6553 105200 167005 3647 7423 4379 0 0 0
cpu1 94476 7065 101661 174897 3910 4304 2881 0 0 0
cpu2 92545 7288 99665 178177 4020 4250 2780 0 0 0
cpu3 91815 7024 101026 175082 4186 6056 3947 0 0 0
cpu4 128797 1886 139892 120885 327 1083 1225 0 0 0
cpu5 128579 1723 140304 121311 239 979 1028 0 0 0
cpu6 130189 1576 143564 114575 382 1050 1071 0 0 0
cpu7 126808 740 152750 111893 287 1011 980 0 0 0
intr 35320376 0 0 0 0 2574115 0 189478 0 5247 0 0 0 0 45 35 0 1 0 2 0 2 0 2 0 2 3 0 0 2 1 0 0 32046 26560 0 26321 0 0 0 0 0 0 0 0 0 0 0 0 0 4629563 446494 9 0 0 1345 0 0 0 0 0 433 0 1438 537 11 11 0 5 0 0 0 0 0 0 0 0 0 0 0 0 0 0 0 0 0 0 0 0 0 0 0 0 0 0 0 0 0 0 0 0 0 0 0 0 0 7 222 6 1 12324 329 0 0 0 0 0 0 0 13146 0 0 0 0 0 0 0 0 0 0 0 0 0 0 0 0 0 0 0 0 0 0 0 0 0 0 0 0 0 0 0 0 0 0 0 0 0 0 0 0 0 0 0 0 0 0 0 0 0 0 0 0 0 0 0 0 0 0 0 0 0 0 0 0 0 0 0 0 0 0 0 0 0 0 0 0 0 0 0 0 0 0 0 0 0 0 0 0 0 0 0 0 0 0 0 0 0 0 0 0 0 0 0 0 0 0 0 0 0 0 0 0 1 0 0 0 0 0 0 0 116 0 0 0 0 0 0 0 0 0 0 0 0 0 0 0 0 0 0 0 0 0 0 0 0 0 0 0 0 0 0 0 0 0 0 0 0 0 0 0 0 0 0 0 0 0 0 0 0 0 0 0 0 0 0 0 0 0 0 0 0 0 0 0 0 0 0 0 0 0 0 0 0 0 0 0 0 0 0 0 0 0 0 0 0 0 0 0 0 0 0 0 0 0 0 0 0 0 0 0 0 0 0 0 0 0 0 0 0 0 0 0 0 6 4 10 4 0 0 0 0 0 0 0 0 0 0 0 0 0 0 0 0 0 0 0 0 0 0 0 0 0 0 0 0 0 0 0 0 0 0 0 0 0 0 0 0 0 0 0 0 0 0 0 0 0 0 0 0 0 0 0 0 0 0 0 0 0 0 0 0 0 0 0 0 0 0 0 0 0 0 0 0 0 0 0 0 0 0 0 5453 17 3 0 0 980 10893 0 0 0 42 0 1 0 0 0 0 0 0 5202 0 0 0 0 0 0 0 0 0 0 0 0 10631 1 0 1 0 0 1 0 1 0 1 0 1 0 1 0 1 0 0 1 0 4 2 0 0 0 0 0 0 0 2081 14 0 0 0 0 0 0 0 0 0 0 0 18500 0 1 0 87 93 0 0 0 0 0 0 0 0 0 0 0 0 0 0 0 0 0 0 0 0 0 4 0 0 0 0 0 0 0 0 0 0 0 139677 0 0 0 0 0 0 0 0 0 0 0 0 0 0 4 0 0 24 0 0 0 0 0 2313 0 0 0 10 0 0 0 0 0 0 0 0 27 657 0 2 22 0 0 0 0 0 0 34 2 2 0 2 0 7 174 0 0 0 0 0 0 0 0 0 2 0 0 0 0 0 483 240 0 63 0 0 0 0 259 375 2743 6085 0 0 0 0 0 0 0 0 0 0 0 0 0 0 0 0 0 0 0 0 0 0 0 0 0 0 0 0 0 0 0 0 3675 0 0
ctxt 46670858
btime 1616392896
processes 322330
procs_running 1
procs_blocked 0
softirq 10500055 0 2055173 386 103 4347508 0 472203 1696648 0 1928034
MemTotal:        5647900 kB
MemFree:         2492364 kB
MemAvailable:    3968412 kB
Buffers:            9488 kB
Cached:          1812056 kB
SwapCached:        11324 kB
Active:          1021632 kB
Inactive:        1141156 kB
Active(anon):      39916 kB
Inactive(anon):   364952 kB
Active(file):     981716 kB
Inactive(file):   776204 kB
Unevictable:       62276 kB
Mlocked:           62276 kB
SwapTotal:       2097148 kB
SwapFree:        1685308 kB
Dirty:               320 kB
Writeback:             0 kB
AnonPages:        399532 kB
Mapped:           310956 kB
Shmem:              1984 kB
Slab:             222680 kB
SReclaimable:      72688 kB
SUnreclaim:       149992 kB
KernelStack:       35472 kB
PageTables:        39992 kB
NFS_Unstable:          0 kB
Bounce:                0 kB
WritebackTmp:          0 kB
CommitLimit:     4921096 kB
Committed_AS:   47627388 kB
VmallocTotal:   263061440 kB
VmallocUsed:           0 kB
VmallocChunk:          0 kB
CmaTotal:         303104 kB
CmaFree:            2176 kB

END


NEW DATA 1616396844453
usb_current 368185
usb_voltage 5065224
battery_current -64941
battery_voltage 4363514

system status
cpu  889705 33857 984068 1163858 17004 26161 18293 0 0 0
cpu0 96492 6553 105200 167009 3647 7423 4379 0 0 0
cpu1 94476 7065 101661 174901 3910 4304 2881 0 0 0
cpu2 92545 7288 99665 178181 4020 4250 2780 0 0 0
cpu3 91815 7024 101026 175086 4186 6056 3947 0 0 0
cpu4 128797 1886 139892 120888 327 1083 1225 0 0 0
cpu5 128579 1723 140304 121315 239 979 1028 0 0 0
cpu6 130189 1576 143564 114579 382 1050 1071 0 0 0
cpu7 126809 740 152752 111895 287 1011 980 0 0 0
intr 35320510 0 0 0 0 2574129 0 189478 0 5247 0 0 0 0 45 35 0 1 0 2 0 2 0 2 0 2 3 0 0 2 1 0 0 32046 26560 0 26321 0 0 0 0 0 0 0 0 0 0 0 0 0 4629563 446505 9 0 0 1345 0 0 0 0 0 433 0 1438 537 11 11 0 5 0 0 0 0 0 0 0 0 0 0 0 0 0 0 0 0 0 0 0 0 0 0 0 0 0 0 0 0 0 0 0 0 0 0 0 0 0 7 222 6 1 12324 329 0 0 0 0 0 0 0 13146 0 0 0 0 0 0 0 0 0 0 0 0 0 0 0 0 0 0 0 0 0 0 0 0 0 0 0 0 0 0 0 0 0 0 0 0 0 0 0 0 0 0 0 0 0 0 0 0 0 0 0 0 0 0 0 0 0 0 0 0 0 0 0 0 0 0 0 0 0 0 0 0 0 0 0 0 0 0 0 0 0 0 0 0 0 0 0 0 0 0 0 0 0 0 0 0 0 0 0 0 0 0 0 0 0 0 0 0 0 0 0 0 1 0 0 0 0 0 0 0 116 0 0 0 0 0 0 0 0 0 0 0 0 0 0 0 0 0 0 0 0 0 0 0 0 0 0 0 0 0 0 0 0 0 0 0 0 0 0 0 0 0 0 0 0 0 0 0 0 0 0 0 0 0 0 0 0 0 0 0 0 0 0 0 0 0 0 0 0 0 0 0 0 0 0 0 0 0 0 0 0 0 0 0 0 0 0 0 0 0 0 0 0 0 0 0 0 0 0 0 0 0 0 0 0 0 0 0 0 0 0 0 0 6 4 10 4 0 0 0 0 0 0 0 0 0 0 0 0 0 0 0 0 0 0 0 0 0 0 0 0 0 0 0 0 0 0 0 0 0 0 0 0 0 0 0 0 0 0 0 0 0 0 0 0 0 0 0 0 0 0 0 0 0 0 0 0 0 0 0 0 0 0 0 0 0 0 0 0 0 0 0 0 0 0 0 0 0 0 0 5453 17 3 0 0 980 10893 0 0 0 42 0 1 0 0 0 0 0 0 5202 0 0 0 0 0 0 0 0 0 0 0 0 10631 1 0 1 0 0 1 0 1 0 1 0 1 0 1 0 1 0 0 1 0 4 2 0 0 0 0 0 0 0 2081 14 0 0 0 0 0 0 0 0 0 0 0 18502 0 1 0 87 93 0 0 0 0 0 0 0 0 0 0 0 0 0 0 0 0 0 0 0 0 0 4 0 0 0 0 0 0 0 0 0 0 0 139677 0 0 0 0 0 0 0 0 0 0 0 0 0 0 4 0 0 24 0 0 0 0 0 2313 0 0 0 10 0 0 0 0 0 0 0 0 27 657 0 2 22 0 0 0 0 0 0 34 2 2 0 2 0 7 174 0 0 0 0 0 0 0 0 0 2 0 0 0 0 0 483 240 0 63 0 0 0 0 259 375 2743 6085 0 0 0 0 0 0 0 0 0 0 0 0 0 0 0 0 0 0 0 0 0 0 0 0 0 0 0 0 0 0 0 0 3675 0 0
ctxt 46670986
btime 1616392896
processes 322339
procs_running 1
procs_blocked 0
softirq 10500096 0 2055183 386 103 4347508 0 472214 1696658 0 1928044
MemTotal:        5647900 kB
MemFree:         2492560 kB
MemAvailable:    3968612 kB
Buffers:            9488 kB
Cached:          1812060 kB
SwapCached:        11324 kB
Active:          1021724 kB
Inactive:        1141160 kB
Active(anon):      40008 kB
Inactive(anon):   364952 kB
Active(file):     981716 kB
Inactive(file):   776208 kB
Unevictable:       62276 kB
Mlocked:           62276 kB
SwapTotal:       2097148 kB
SwapFree:        1685308 kB
Dirty:               324 kB
Writeback:             0 kB
AnonPages:        399788 kB
Mapped:           310956 kB
Shmem:              1984 kB
Slab:             222680 kB
SReclaimable:      72688 kB
SUnreclaim:       149992 kB
KernelStack:       35492 kB
PageTables:        39936 kB
NFS_Unstable:          0 kB
Bounce:                0 kB
WritebackTmp:          0 kB
CommitLimit:     4921096 kB
Committed_AS:   47624568 kB
VmallocTotal:   263061440 kB
VmallocUsed:           0 kB
VmallocChunk:          0 kB
CmaTotal:         303104 kB
CmaFree:            2176 kB

END


NEW DATA 1616396844500
usb_current 121320
usb_voltage 5045760
battery_current -64941
battery_voltage 4363514

system status
cpu  889708 33857 984071 1163895 17004 26161 18293 0 0 0
cpu0 96492 6553 105200 167014 3647 7423 4379 0 0 0
cpu1 94476 7065 101661 174906 3910 4304 2881 0 0 0
cpu2 92545 7288 99665 178186 4020 4250 2780 0 0 0
cpu3 91815 7024 101026 175092 4186 6056 3947 0 0 0
cpu4 128798 1886 139892 120891 327 1083 1225 0 0 0
cpu5 128579 1723 140305 121319 239 979 1028 0 0 0
cpu6 130190 1576 143564 114584 382 1050 1071 0 0 0
cpu7 126810 740 152754 111899 287 1011 980 0 0 0
intr 35320684 0 0 0 0 2574149 0 189478 0 5247 0 0 0 0 45 35 0 1 0 2 0 2 0 2 0 2 3 0 0 2 1 0 0 32046 26560 0 26322 0 0 0 0 0 0 0 0 0 0 0 0 0 4629563 446521 9 0 0 1345 0 0 0 0 0 433 0 1438 537 11 11 0 5 0 0 0 0 0 0 0 0 0 0 0 0 0 0 0 0 0 0 0 0 0 0 0 0 0 0 0 0 0 0 0 0 0 0 0 0 0 7 222 6 1 12324 329 0 0 0 0 0 0 0 13146 0 0 0 0 0 0 0 0 0 0 0 0 0 0 0 0 0 0 0 0 0 0 0 0 0 0 0 0 0 0 0 0 0 0 0 0 0 0 0 0 0 0 0 0 0 0 0 0 0 0 0 0 0 0 0 0 0 0 0 0 0 0 0 0 0 0 0 0 0 0 0 0 0 0 0 0 0 0 0 0 0 0 0 0 0 0 0 0 0 0 0 0 0 0 0 0 0 0 0 0 0 0 0 0 0 0 0 0 0 0 0 0 1 0 0 0 0 0 0 0 116 0 0 0 0 0 0 0 0 0 0 0 0 0 0 0 0 0 0 0 0 0 0 0 0 0 0 0 0 0 0 0 0 0 0 0 0 0 0 0 0 0 0 0 0 0 0 0 0 0 0 0 0 0 0 0 0 0 0 0 0 0 0 0 0 0 0 0 0 0 0 0 0 0 0 0 0 0 0 0 0 0 0 0 0 0 0 0 0 0 0 0 0 0 0 0 0 0 0 0 0 0 0 0 0 0 0 0 0 0 0 0 0 6 4 10 4 0 0 0 0 0 0 0 0 0 0 0 0 0 0 0 0 0 0 0 0 0 0 0 0 0 0 0 0 0 0 0 0 0 0 0 0 0 0 0 0 0 0 0 0 0 0 0 0 0 0 0 0 0 0 0 0 0 0 0 0 0 0 0 0 0 0 0 0 0 0 0 0 0 0 0 0 0 0 0 0 0 0 0 5453 17 3 0 0 980 10893 0 0 0 42 0 1 0 0 0 0 0 0 5202 0 0 0 0 0 0 0 0 0 0 0 0 10631 1 0 1 0 0 1 0 1 0 1 0 1 0 1 0 1 0 0 1 0 4 2 0 0 0 0 0 0 0 2081 14 0 0 0 0 0 0 0 0 0 0 0 18504 0 1 0 87 93 0 0 0 0 0 0 0 0 0 0 0 0 0 0 0 0 0 0 0 0 0 4 0 0 0 0 0 0 0 0 0 0 0 139677 0 0 0 0 0 0 0 0 0 0 0 0 0 0 4 0 0 24 0 0 0 0 0 2313 0 0 0 10 0 0 0 0 0 0 0 0 27 657 0 2 22 0 0 0 0 0 0 34 2 2 0 2 0 7 174 0 0 0 0 0 0 0 0 0 2 0 0 0 0 0 483 240 0 63 0 0 0 0 259 375 2743 6085 0 0 0 0 0 0 0 0 0 0 0 0 0 0 0 0 0 0 0 0 0 0 0 0 0 0 0 0 0 0 0 0 3675 0 0
ctxt 46671141
btime 1616392896
processes 322348
procs_running 1
procs_blocked 0
softirq 10500144 0 2055194 386 103 4347508 0 472230 1696669 0 1928054
MemTotal:        5647900 kB
MemFree:         2492860 kB
MemAvailable:    3968912 kB
Buffers:            9488 kB
Cached:          1812060 kB
SwapCached:        11324 kB
Active:          1021780 kB
Inactive:        1141160 kB
Active(anon):      40064 kB
Inactive(anon):   364952 kB
Active(file):     981716 kB
Inactive(file):   776208 kB
Unevictable:       62276 kB
Mlocked:           62276 kB
SwapTotal:       2097148 kB
SwapFree:        1685308 kB
Dirty:               324 kB
Writeback:             0 kB
AnonPages:        399704 kB
Mapped:           310956 kB
Shmem:              1984 kB
Slab:             222684 kB
SReclaimable:      72688 kB
SUnreclaim:       149996 kB
KernelStack:       35488 kB
PageTables:        40020 kB
NFS_Unstable:          0 kB
Bounce:                0 kB
WritebackTmp:          0 kB
CommitLimit:     4921096 kB
Committed_AS:   47624572 kB
VmallocTotal:   263061440 kB
VmallocUsed:           0 kB
VmallocChunk:          0 kB
CmaTotal:         303104 kB
CmaFree:            2176 kB

END


NEW DATA 1616396844552
usb_current 123590
usb_voltage 5064834
battery_current -64941
battery_voltage 4363514

system status
cpu  889710 33857 984074 1163928 17004 26161 18293 0 0 0
cpu0 96492 6553 105200 167019 3647 7423 4379 0 0 0
cpu1 94476 7065 101661 174911 3910 4304 2881 0 0 0
cpu2 92545 7288 99665 178191 4020 4250 2780 0 0 0
cpu3 91815 7024 101026 175096 4186 6056 3947 0 0 0
cpu4 128798 1886 139892 120895 327 1083 1225 0 0 0
cpu5 128581 1723 140306 121322 239 979 1028 0 0 0
cpu6 130190 1576 143565 114588 382 1050 1071 0 0 0
cpu7 126810 740 152755 111903 287 1011 980 0 0 0
intr 35320843 0 0 0 0 2574166 0 189478 0 5247 0 0 0 0 45 35 0 1 0 2 0 2 0 2 0 2 3 0 0 2 1 0 0 32046 26560 0 26322 0 0 0 0 0 0 0 0 0 0 0 0 0 4629563 446531 9 0 0 1345 0 0 0 0 0 433 0 1438 537 11 11 0 5 0 0 0 0 0 0 0 0 0 0 0 0 0 0 0 0 0 0 0 0 0 0 0 0 0 0 0 0 0 0 0 0 0 0 0 0 0 7 222 6 1 12324 329 0 0 0 0 0 0 0 13146 0 0 0 0 0 0 0 0 0 0 0 0 0 0 0 0 0 0 0 0 0 0 0 0 0 0 0 0 0 0 0 0 0 0 0 0 0 0 0 0 0 0 0 0 0 0 0 0 0 0 0 0 0 0 0 0 0 0 0 0 0 0 0 0 0 0 0 0 0 0 0 0 0 0 0 0 0 0 0 0 0 0 0 0 0 0 0 0 0 0 0 0 0 0 0 0 0 0 0 0 0 0 0 0 0 0 0 0 0 0 0 0 1 0 0 0 0 0 0 0 116 0 0 0 0 0 0 0 0 0 0 0 0 0 0 0 0 0 0 0 0 0 0 0 0 0 0 0 0 0 0 0 0 0 0 0 0 0 0 0 0 0 0 0 0 0 0 0 0 0 0 0 0 0 0 0 0 0 0 0 0 0 0 0 0 0 0 0 0 0 0 0 0 0 0 0 0 0 0 0 0 0 0 0 0 0 0 0 0 0 0 0 0 0 0 0 0 0 0 0 0 0 0 0 0 0 0 0 0 0 0 0 0 6 4 10 4 0 0 0 0 0 0 0 0 0 0 0 0 0 0 0 0 0 0 0 0 0 0 0 0 0 0 0 0 0 0 0 0 0 0 0 0 0 0 0 0 0 0 0 0 0 0 0 0 0 0 0 0 0 0 0 0 0 0 0 0 0 0 0 0 0 0 0 0 0 0 0 0 0 0 0 0 0 0 0 0 0 0 0 5453 17 3 0 0 980 10893 0 0 0 42 0 1 0 0 0 0 0 0 5202 0 0 0 0 0 0 0 0 0 0 0 0 10631 1 0 1 0 0 1 0 1 0 1 0 1 0 1 0 1 0 0 1 0 4 2 0 0 0 0 0 0 0 2081 14 0 0 0 0 0 0 0 0 0 0 0 18506 0 1 0 87 93 0 0 0 0 0 0 0 0 0 0 0 0 0 0 0 0 0 0 0 0 0 4 0 0 0 0 0 0 0 0 0 0 0 139677 0 0 0 0 0 0 0 0 0 0 0 0 0 0 4 0 0 24 0 0 0 0 0 2313 0 0 0 10 0 0 0 0 0 0 0 0 27 657 0 2 22 0 0 0 0 0 0 34 2 2 0 2 0 7 174 0 0 0 0 0 0 0 0 0 2 0 0 0 0 0 483 240 0 63 0 0 0 0 259 375 2743 6085 0 0 0 0 0 0 0 0 0 0 0 0 0 0 0 0 0 0 0 0 0 0 0 0 0 0 0 0 0 0 0 0 3675 0 0
ctxt 46671276
btime 1616392896
processes 322357
procs_running 1
procs_blocked 0
softirq 10500194 0 2055207 386 103 4347508 0 472240 1696683 0 1928067
MemTotal:        5647900 kB
MemFree:         2492468 kB
MemAvailable:    3968520 kB
Buffers:            9488 kB
Cached:          1812060 kB
SwapCached:        11324 kB
Active:          1021544 kB
Inactive:        1141160 kB
Active(anon):      39828 kB
Inactive(anon):   364952 kB
Active(file):     981716 kB
Inactive(file):   776208 kB
Unevictable:       62276 kB
Mlocked:           62276 kB
SwapTotal:       2097148 kB
SwapFree:        1685308 kB
Dirty:               324 kB
Writeback:             0 kB
AnonPages:        399860 kB
Mapped:           310956 kB
Shmem:              1984 kB
Slab:             222684 kB
SReclaimable:      72688 kB
SUnreclaim:       149996 kB
KernelStack:       35484 kB
PageTables:        39812 kB
NFS_Unstable:          0 kB
Bounce:                0 kB
WritebackTmp:          0 kB
CommitLimit:     4921096 kB
Committed_AS:   47624572 kB
VmallocTotal:   263061440 kB
VmallocUsed:           0 kB
VmallocChunk:          0 kB
CmaTotal:         303104 kB
CmaFree:            2176 kB

END


NEW DATA 1616396844599
usb_current 123915
usb_voltage 5065614
battery_current -64941
battery_voltage 4363514

system status
cpu  889713 33857 984076 1163961 17004 26161 18293 0 0 0
cpu0 96492 6553 105200 167024 3647 7423 4379 0 0 0
cpu1 94476 7065 101661 174916 3910 4304 2881 0 0 0
cpu2 92545 7288 99665 178196 4020 4250 2780 0 0 0
cpu3 91815 7024 101026 175101 4186 6056 3947 0 0 0
cpu4 128798 1886 139892 120899 327 1083 1225 0 0 0
cpu5 128582 1723 140306 121325 239 979 1028 0 0 0
cpu6 130191 1576 143566 114591 382 1050 1071 0 0 0
cpu7 126811 740 152756 111906 287 1011 980 0 0 0
intr 35321012 0 0 0 0 2574180 0 189478 0 5247 0 0 0 0 45 35 0 1 0 2 0 2 0 2 0 2 3 0 0 2 1 0 0 32046 26561 0 26322 0 0 0 0 0 0 0 0 0 0 0 0 0 4629563 446542 9 0 0 1345 0 0 0 0 0 433 0 1438 537 11 11 0 5 0 0 0 0 0 0 0 0 0 0 0 0 0 0 0 0 0 0 0 0 0 0 0 0 0 0 0 0 0 0 0 0 0 0 0 0 0 7 222 6 1 12324 329 0 0 0 0 0 0 0 13146 0 0 0 0 0 0 0 0 0 0 0 0 0 0 0 0 0 0 0 0 0 0 0 0 0 0 0 0 0 0 0 0 0 0 0 0 0 0 0 0 0 0 0 0 0 0 0 0 0 0 0 0 0 0 0 0 0 0 0 0 0 0 0 0 0 0 0 0 0 0 0 0 0 0 0 0 0 0 0 0 0 0 0 0 0 0 0 0 0 0 0 0 0 0 0 0 0 0 0 0 0 0 0 0 0 0 0 0 0 0 0 0 1 0 0 0 0 0 0 0 116 0 0 0 0 0 0 0 0 0 0 0 0 0 0 0 0 0 0 0 0 0 0 0 0 0 0 0 0 0 0 0 0 0 0 0 0 0 0 0 0 0 0 0 0 0 0 0 0 0 0 0 0 0 0 0 0 0 0 0 0 0 0 0 0 0 0 0 0 0 0 0 0 0 0 0 0 0 0 0 0 0 0 0 0 0 0 0 0 0 0 0 0 0 0 0 0 0 0 0 0 0 0 0 0 0 0 0 0 0 0 0 0 6 4 10 4 0 0 0 0 0 0 0 0 0 0 0 0 0 0 0 0 0 0 0 0 0 0 0 0 0 0 0 0 0 0 0 0 0 0 0 0 0 0 0 0 0 0 0 0 0 0 0 0 0 0 0 0 0 0 0 0 0 0 0 0 0 0 0 0 0 0 0 0 0 0 0 0 0 0 0 0 0 0 0 0 0 0 0 5453 17 3 0 0 980 10893 0 0 0 42 0 1 0 0 0 0 0 0 5202 0 0 0 0 0 0 0 0 0 0 0 0 10631 1 0 1 0 0 1 0 1 0 1 0 1 0 1 0 1 0 0 1 0 4 2 0 0 0 0 0 0 0 2081 14 0 0 0 0 0 0 0 0 0 0 0 18508 0 1 0 87 93 0 0 0 0 0 0 0 0 0 0 0 0 0 0 0 0 0 0 0 0 0 4 0 0 0 0 0 0 0 0 0 0 0 139677 0 0 0 0 0 0 0 0 0 0 0 0 0 0 4 0 0 24 0 0 0 0 0 2313 0 0 0 10 0 0 0 0 0 0 0 0 27 657 0 2 22 0 0 0 0 0 0 34 2 2 0 2 0 7 174 0 0 0 0 0 0 0 0 0 2 0 0 0 0 0 483 240 0 63 0 0 0 0 259 375 2743 6085 0 0 0 0 0 0 0 0 0 0 0 0 0 0 0 0 0 0 0 0 0 0 0 0 0 0 0 0 0 0 0 0 3675 0 0
ctxt 46671417
btime 1616392896
processes 322366
procs_running 1
procs_blocked 0
softirq 10500238 0 2055218 386 103 4347508 0 472251 1696694 0 1928078
MemTotal:        5647900 kB
MemFree:         2492880 kB
MemAvailable:    3968936 kB
Buffers:            9488 kB
Cached:          1812064 kB
SwapCached:        11324 kB
Active:          1021832 kB
Inactive:        1141164 kB
Active(anon):      40116 kB
Inactive(anon):   364952 kB
Active(file):     981716 kB
Inactive(file):   776212 kB
Unevictable:       62276 kB
Mlocked:           62276 kB
SwapTotal:       2097148 kB
SwapFree:        1685308 kB
Dirty:               328 kB
Writeback:             0 kB
AnonPages:        399936 kB
Mapped:           310956 kB
Shmem:              1984 kB
Slab:             222684 kB
SReclaimable:      72688 kB
SUnreclaim:       149996 kB
KernelStack:       35500 kB
PageTables:        39840 kB
NFS_Unstable:          0 kB
Bounce:                0 kB
WritebackTmp:          0 kB
CommitLimit:     4921096 kB
Committed_AS:   47624572 kB
VmallocTotal:   263061440 kB
VmallocUsed:           0 kB
VmallocChunk:          0 kB
CmaTotal:         303104 kB
CmaFree:            2176 kB

END


NEW DATA 1616396844647
usb_current 122620
usb_voltage 5065998
battery_current -64941
battery_voltage 4363514

system status
cpu  889717 33857 984077 1163994 17004 26161 18293 0 0 0
cpu0 96492 6553 105200 167029 3647 7423 4379 0 0 0
cpu1 94476 7065 101661 174921 3910 4304 2881 0 0 0
cpu2 92545 7288 99665 178201 4020 4250 2780 0 0 0
cpu3 91815 7024 101026 175106 4186 6056 3947 0 0 0
cpu4 128799 1886 139892 120902 327 1083 1225 0 0 0
cpu5 128583 1723 140306 121328 239 979 1028 0 0 0
cpu6 130193 1576 143566 114595 382 1050 1071 0 0 0
cpu7 126811 740 152757 111910 287 1011 980 0 0 0
intr 35321188 0 0 0 0 2574194 0 189478 0 5247 0 0 0 0 45 35 0 1 0 2 0 2 0 2 0 2 3 0 0 2 1 0 0 32046 26562 0 26322 0 0 0 0 0 0 0 0 0 0 0 0 0 4629563 446557 9 0 0 1345 0 0 0 0 0 433 0 1438 537 11 11 0 5 0 0 0 0 0 0 0 0 0 0 0 0 0 0 0 0 0 0 0 0 0 0 0 0 0 0 0 0 0 0 0 0 0 0 0 0 0 7 222 6 1 12324 329 0 0 0 0 0 0 0 13146 0 0 0 0 0 0 0 0 0 0 0 0 0 0 0 0 0 0 0 0 0 0 0 0 0 0 0 0 0 0 0 0 0 0 0 0 0 0 0 0 0 0 0 0 0 0 0 0 0 0 0 0 0 0 0 0 0 0 0 0 0 0 0 0 0 0 0 0 0 0 0 0 0 0 0 0 0 0 0 0 0 0 0 0 0 0 0 0 0 0 0 0 0 0 0 0 0 0 0 0 0 0 0 0 0 0 0 0 0 0 0 0 1 0 0 0 0 0 0 0 116 0 0 0 0 0 0 0 0 0 0 0 0 0 0 0 0 0 0 0 0 0 0 0 0 0 0 0 0 0 0 0 0 0 0 0 0 0 0 0 0 0 0 0 0 0 0 0 0 0 0 0 0 0 0 0 0 0 0 0 0 0 0 0 0 0 0 0 0 0 0 0 0 0 0 0 0 0 0 0 0 0 0 0 0 0 0 0 0 0 0 0 0 0 0 0 0 0 0 0 0 0 0 0 0 0 0 0 0 0 0 0 0 6 4 10 4 0 0 0 0 0 0 0 0 0 0 0 0 0 0 0 0 0 0 0 0 0 0 0 0 0 0 0 0 0 0 0 0 0 0 0 0 0 0 0 0 0 0 0 0 0 0 0 0 0 0 0 0 0 0 0 0 0 0 0 0 0 0 0 0 0 0 0 0 0 0 0 0 0 0 0 0 0 0 0 0 0 0 0 5453 17 3 0 0 980 10893 0 0 0 42 0 1 0 0 0 0 0 0 5202 0 0 0 0 0 0 0 0 0 0 0 0 10631 1 0 1 0 0 1 0 1 0 1 0 1 0 1 0 1 0 0 1 0 4 2 0 0 0 0 0 0 0 2081 14 0 0 0 0 0 0 0 0 0 0 0 18510 0 1 0 87 93 0 0 0 0 0 0 0 0 0 0 0 0 0 0 0 0 0 0 0 0 0 4 0 0 0 0 0 0 0 0 0 0 0 139677 0 0 0 0 0 0 0 0 0 0 0 0 0 0 4 0 0 24 0 0 0 0 0 2313 0 0 0 10 0 0 0 0 0 0 0 0 27 657 0 2 22 0 0 0 0 0 0 34 2 2 0 2 0 7 174 0 0 0 0 0 0 0 0 0 2 0 0 0 0 0 483 240 0 63 0 0 0 0 259 375 2743 6085 0 0 0 0 0 0 0 0 0 0 0 0 0 0 0 0 0 0 0 0 0 0 0 0 0 0 0 0 0 0 0 0 3675 0 0
ctxt 46671570
btime 1616392896
processes 322375
procs_running 1
procs_blocked 0
softirq 10500285 0 2055228 386 103 4347508 0 472266 1696705 0 1928089
MemTotal:        5647900 kB
MemFree:         2492260 kB
MemAvailable:    3968316 kB
Buffers:            9488 kB
Cached:          1812064 kB
SwapCached:        11324 kB
Active:          1021748 kB
Inactive:        1141164 kB
Active(anon):      40032 kB
Inactive(anon):   364952 kB
Active(file):     981716 kB
Inactive(file):   776212 kB
Unevictable:       62276 kB
Mlocked:           62276 kB
SwapTotal:       2097148 kB
SwapFree:        1685308 kB
Dirty:               328 kB
Writeback:             0 kB
AnonPages:        399748 kB
Mapped:           310956 kB
Shmem:              1984 kB
Slab:             222680 kB
SReclaimable:      72688 kB
SUnreclaim:       149992 kB
KernelStack:       35496 kB
PageTables:        39924 kB
NFS_Unstable:          0 kB
Bounce:                0 kB
WritebackTmp:          0 kB
CommitLimit:     4921096 kB
Committed_AS:   47624572 kB
VmallocTotal:   263061440 kB
VmallocUsed:           0 kB
VmallocChunk:          0 kB
CmaTotal:         303104 kB
CmaFree:            2176 kB

END


NEW DATA 1616396844695
usb_current 123265
usb_voltage 5064444
battery_current -64941
battery_voltage 4363514

system status
cpu  889720 33857 984078 1164027 17004 26161 18293 0 0 0
cpu0 96492 6553 105200 167033 3647 7423 4379 0 0 0
cpu1 94476 7065 101661 174925 3910 4304 2881 0 0 0
cpu2 92545 7288 99665 178205 4020 4250 2780 0 0 0
cpu3 91815 7024 101026 175111 4186 6056 3947 0 0 0
cpu4 128799 1886 139892 120906 327 1083 1225 0 0 0
cpu5 128584 1723 140307 121330 239 980 1028 0 0 0
cpu6 130195 1576 143566 114598 382 1050 1071 0 0 0
cpu7 126811 740 152757 111914 287 1011 980 0 0 0
intr 35321336 0 0 0 0 2574208 0 189478 0 5247 0 0 0 0 45 35 0 1 0 2 0 2 0 2 0 2 3 0 0 2 1 0 0 32046 26562 0 26322 0 0 0 0 0 0 0 0 0 0 0 0 0 4629563 446569 9 0 0 1345 0 0 0 0 0 433 0 1438 537 11 11 0 5 0 0 0 0 0 0 0 0 0 0 0 0 0 0 0 0 0 0 0 0 0 0 0 0 0 0 0 0 0 0 0 0 0 0 0 0 0 7 222 6 1 12324 329 0 0 0 0 0 0 0 13146 0 0 0 0 0 0 0 0 0 0 0 0 0 0 0 0 0 0 0 0 0 0 0 0 0 0 0 0 0 0 0 0 0 0 0 0 0 0 0 0 0 0 0 0 0 0 0 0 0 0 0 0 0 0 0 0 0 0 0 0 0 0 0 0 0 0 0 0 0 0 0 0 0 0 0 0 0 0 0 0 0 0 0 0 0 0 0 0 0 0 0 0 0 0 0 0 0 0 0 0 0 0 0 0 0 0 0 0 0 0 0 0 1 0 0 0 0 0 0 0 116 0 0 0 0 0 0 0 0 0 0 0 0 0 0 0 0 0 0 0 0 0 0 0 0 0 0 0 0 0 0 0 0 0 0 0 0 0 0 0 0 0 0 0 0 0 0 0 0 0 0 0 0 0 0 0 0 0 0 0 0 0 0 0 0 0 0 0 0 0 0 0 0 0 0 0 0 0 0 0 0 0 0 0 0 0 0 0 0 0 0 0 0 0 0 0 0 0 0 0 0 0 0 0 0 0 0 0 0 0 0 0 0 6 4 10 4 0 0 0 0 0 0 0 0 0 0 0 0 0 0 0 0 0 0 0 0 0 0 0 0 0 0 0 0 0 0 0 0 0 0 0 0 0 0 0 0 0 0 0 0 0 0 0 0 0 0 0 0 0 0 0 0 0 0 0 0 0 0 0 0 0 0 0 0 0 0 0 0 0 0 0 0 0 0 0 0 0 0 0 5453 17 3 0 0 980 10893 0 0 0 42 0 1 0 0 0 0 0 0 5202 0 0 0 0 0 0 0 0 0 0 0 0 10631 1 0 1 0 0 1 0 1 0 1 0 1 0 1 0 1 0 0 1 0 4 2 0 0 0 0 0 0 0 2081 14 0 0 0 0 0 0 0 0 0 0 0 18512 0 1 0 87 93 0 0 0 0 0 0 0 0 0 0 0 0 0 0 0 0 0 0 0 0 0 4 0 0 0 0 0 0 0 0 0 0 0 139677 0 0 0 0 0 0 0 0 0 0 0 0 0 0 4 0 0 24 0 0 0 0 0 2313 0 0 0 10 0 0 0 0 0 0 0 0 27 657 0 2 22 0 0 0 0 0 0 34 2 2 0 2 0 7 174 0 0 0 0 0 0 0 0 0 2 0 0 0 0 0 483 240 0 63 0 0 0 0 259 375 2743 6085 0 0 0 0 0 0 0 0 0 0 0 0 0 0 0 0 0 0 0 0 0 0 0 0 0 0 0 0 0 0 0 0 3675 0 0
ctxt 46671696
btime 1616392896
processes 322384
procs_running 1
procs_blocked 0
softirq 10500325 0 2055237 386 103 4347508 0 472278 1696715 0 1928098
MemTotal:        5647900 kB
MemFree:         2492332 kB
MemAvailable:    3968388 kB
Buffers:            9488 kB
Cached:          1812064 kB
SwapCached:        11324 kB
Active:          1021616 kB
Inactive:        1141164 kB
Active(anon):      39900 kB
Inactive(anon):   364952 kB
Active(file):     981716 kB
Inactive(file):   776212 kB
Unevictable:       62276 kB
Mlocked:           62276 kB
SwapTotal:       2097148 kB
SwapFree:        1685308 kB
Dirty:               328 kB
Writeback:             0 kB
AnonPages:        399832 kB
Mapped:           310956 kB
Shmem:              1984 kB
Slab:             222680 kB
SReclaimable:      72688 kB
SUnreclaim:       149992 kB
