------------Usage Stats-------------


NEW DATA 1610553614350
usb_current 404195
usb_voltage 5049120
battery_current -2136
battery_voltage 4438502

system status
cpu  4537344 105334 3957102 10833149 3514 197894 67833 0 0 0
cpu0 634826 14539 471369 7401069 1509 53289 12099 0 0 0
cpu1 672293 13956 383016 565700 340 48530 12131 0 0 0
cpu2 527853 2610 305146 562439 202 18484 8888 0 0 0
cpu3 513858 3440 283365 565563 174 18183 9830 0 0 0
cpu4 489568 12759 267945 571928 127 19237 9578 0 0 0
cpu5 495146 14116 255998 544554 207 17297 8385 0 0 0
cpu6 621201 19215 992379 309120 489 11898 3807 0 0 0
cpu7 582597 24694 997880 312773 463 10973 3111 0 0 0
intr 139483862 0 0 0 28994529 0 5156966 0 11 11 588059 115421 0 0 5826588 522 118133 0 0 0 0 0 0 0 0 0 0 0 0 0 0 0 0 0 0 0 0 0 0 23 33 0 0 0 0 0 0 0 0 0 0 0 0 6 0 0 0 0 0 0 0 0 0 0 0 0 0 0 396234 0 0 0 0 0 0 0 0 257232 0 0 0 0 0 0 0 0 0 0 0 0 0 0 0 0 0 0 0 0 1 0 33 0 0 0 0 5 397 4 1 12 0 0 559 86 0 1438219 1212795 0 0 6 1 21282 2158 0 0 0 0 0 0 0 16388 1 799 0 3 0 0 7332 0 0 0 0 1 11 0 0 0 0 75 91 1 0 2 0 2 0 2 0 2 3 0 0 1 0 0 0 0 0 0 0 0 0 0 0 0 0 0 0 0 0 0 0 0 0 0 0 0 0 0 0 0 0 0 0 0 0 0 0 0 0 0 0 0 0 0 0 0 0 0 0 0 0 0 0 0 0 0 0 0 0 0 0 0 0 0 0 0 0 0 0 0 0 0 0 0 0 0 0 0 0 0 0 0 0 0 0 0 0 0 0 0 0 0 0 0 0 0 0 0 0 0 0 0 0 0 5 0 0 0 0 0 0 0 0 0 641 0 0 0 0 0 0 0 0 0 0 0 0 2438 478 0 1368562 0 0 0 25 11478 0 0 0 0 0 0 0 0 0 1 0 1 0 1 0 1 0 1 0 1 0 0 192 0 287649 0 153 0 95 0 0 0 0 0 0 0 0 0 0 0 3 0 4843 0 0 7 0 0 0 0 0 0 0 0 0 0 4 21 0 1 0 0 0 0 0 0 0 0 1 2 0 2 0 3 79 0 0 0 0 0 0 0 0 0 5 0 0 2 0 0 10519 1314 0 166 0 0 0 0 34 0 0 0 63 1324 131 0 0 175 106666 74 2 8 0 0 0 0 0 0 0 0 0 0 0 10480 0 0 1
ctxt 177347193
btime 1610463534
processes 898784
procs_running 2
procs_blocked 0
softirq 56837147 286 27099351 9071 236 454984 0 40471 8576701 0 20656047
MemTotal:        7561120 kB
MemFree:         3958492 kB
MemAvailable:    5745512 kB
Buffers:            2020 kB
Cached:          2011068 kB
SwapCached:        22620 kB
Active:           422976 kB
Inactive:        1878544 kB
Active(anon):     237704 kB
Inactive(anon):   217388 kB
Active(file):     185272 kB
Inactive(file):  1661156 kB
Unevictable:      165300 kB
Mlocked:          165300 kB
SwapTotal:       4145148 kB
SwapFree:        3509808 kB
Dirty:                72 kB
Writeback:             0 kB
AnonPages:        451560 kB
Mapped:           328752 kB
Shmem:              2588 kB
Slab:             268548 kB
SReclaimable:      60340 kB
SUnreclaim:       208208 kB
KernelStack:       43472 kB
PageTables:        63536 kB
NFS_Unstable:          0 kB
Bounce:                0 kB
WritebackTmp:          0 kB
CommitLimit:     7925708 kB
Committed_AS:   70272968 kB
VmallocTotal:   263061440 kB
VmallocUsed:      105624 kB
VmallocChunk:          0 kB
Percpu:             2816 kB
CmaTotal:         262144 kB
CmaFree:          103684 kB

END


NEW DATA 1610553614694
usb_current 88555
usb_voltage 5059504
battery_current -2136
battery_voltage 4438502

system status
cpu  4537359 105334 3957117 10833382 3514 197896 67833 0 0 0
cpu0 634830 14539 471371 7401094 1509 53290 12099 0 0 0
cpu1 672293 13956 383016 565731 340 48530 12131 0 0 0
cpu2 527857 2610 305148 562467 202 18484 8889 0 0 0
cpu3 513861 3440 283369 565589 174 18183 9830 0 0 0
cpu4 489570 12759 267947 571956 127 19237 9578 0 0 0
cpu5 495146 14116 255999 544587 207 17297 8385 0 0 0
cpu6 621201 19215 992379 309153 489 11898 3807 0 0 0
cpu7 582599 24694 997884 312801 463 10973 3111 0 0 0
intr 139484851 0 0 0 28994742 0 5157047 0 11 11 588059 115423 0 0 5826718 522 118133 0 0 0 0 0 0 0 0 0 0 0 0 0 0 0 0 0 0 0 0 0 0 23 33 0 0 0 0 0 0 0 0 0 0 0 0 6 0 0 0 0 0 0 0 0 0 0 0 0 0 0 396236 0 0 0 0 0 0 0 0 257232 0 0 0 0 0 0 0 0 0 0 0 0 0 0 0 0 0 0 0 0 1 0 33 0 0 0 0 5 397 4 1 12 0 0 559 86 0 1438240 1212806 0 0 6 1 21282 2158 0 0 0 0 0 0 0 16388 1 799 0 3 0 0 7332 0 0 0 0 1 11 0 0 0 0 75 91 1 0 2 0 2 0 2 0 2 3 0 0 1 0 0 0 0 0 0 0 0 0 0 0 0 0 0 0 0 0 0 0 0 0 0 0 0 0 0 0 0 0 0 0 0 0 0 0 0 0 0 0 0 0 0 0 0 0 0 0 0 0 0 0 0 0 0 0 0 0 0 0 0 0 0 0 0 0 0 0 0 0 0 0 0 0 0 0 0 0 0 0 0 0 0 0 0 0 0 0 0 0 0 0 0 0 0 0 0 0 0 0 0 0 0 5 0 0 0 0 0 0 0 0 0 641 0 0 0 0 0 0 0 0 0 0 0 0 2438 478 0 1368562 0 0 0 25 11478 0 0 0 0 0 0 0 0 0 1 0 1 0 1 0 1 0 1 0 1 0 0 192 0 287649 0 153 0 95 0 0 0 0 0 0 0 0 0 0 0 3 0 4843 0 0 7 0 0 0 0 0 0 0 0 0 0 4 21 0 1 0 0 0 0 0 0 0 0 1 2 0 2 0 3 79 0 0 0 0 0 0 0 0 0 5 0 0 2 0 0 10519 1314 0 166 0 0 0 0 34 0 0 0 63 1324 131 0 0 175 106668 74 2 8 0 0 0 0 0 0 0 0 0 0 0 10480 0 0 1
ctxt 177348334
btime 1610463534
processes 898797
procs_running 1
procs_blocked 0
softirq 56837522 286 27099487 9071 236 454984 0 40471 8576825 0 20656162
MemTotal:        7561120 kB
MemFree:         3981100 kB
MemAvailable:    5768120 kB
Buffers:            2020 kB
Cached:          2011052 kB
SwapCached:        22620 kB
Active:           399976 kB
Inactive:        1878480 kB
Active(anon):     214656 kB
Inactive(anon):   217372 kB
Active(file):     185320 kB
Inactive(file):  1661108 kB
Unevictable:      165300 kB
Mlocked:          165300 kB
SwapTotal:       4145148 kB
SwapFree:        3509808 kB
Dirty:                72 kB
Writeback:             0 kB
AnonPages:        428212 kB
Mapped:           317308 kB
Shmem:              2572 kB
Slab:             268352 kB
SReclaimable:      60340 kB
SUnreclaim:       208012 kB
KernelStack:       43328 kB
PageTables:        63040 kB
NFS_Unstable:          0 kB
Bounce:                0 kB
WritebackTmp:          0 kB
CommitLimit:     7925708 kB
Committed_AS:   68417436 kB
VmallocTotal:   263061440 kB
VmallocUsed:      105528 kB
VmallocChunk:          0 kB
Percpu:             2816 kB
CmaTotal:         262144 kB
CmaFree:          106712 kB

END


NEW DATA 1610553615054
usb_current 60985
usb_voltage 5068848
battery_current -2136
battery_voltage 4438502

system status
cpu  4537369 105334 3957133 10833639 3514 197897 67834 0 0 0
cpu0 634834 14539 471375 7401122 1509 53290 12099 0 0 0
cpu1 672295 13956 383021 565759 340 48531 12131 0 0 0
cpu2 527857 2610 305148 562503 202 18484 8889 0 0 0
cpu3 513862 3440 283370 565620 174 18183 9831 0 0 0
cpu4 489571 12759 267951 571988 127 19237 9578 0 0 0
cpu5 495148 14116 256001 544619 207 17297 8385 0 0 0
cpu6 621201 19215 992379 309189 489 11898 3807 0 0 0
cpu7 582599 24694 997885 312835 463 10973 3111 0 0 0
intr 139485575 0 0 0 28994921 0 5157106 0 11 11 588059 115424 0 0 5826799 522 118133 0 0 0 0 0 0 0 0 0 0 0 0 0 0 0 0 0 0 0 0 0 0 23 33 0 0 0 0 0 0 0 0 0 0 0 0 6 0 0 0 0 0 0 0 0 0 0 0 0 0 0 396240 0 0 0 0 0 0 0 0 257237 0 0 0 0 0 0 0 0 0 0 0 0 0 0 0 0 0 0 0 0 1 0 33 0 0 0 0 5 397 4 1 12 0 0 559 86 0 1438258 1212808 0 0 6 1 21282 2158 0 0 0 0 0 0 0 16388 1 799 0 3 0 0 7332 0 0 0 0 1 11 0 0 0 0 75 91 1 0 2 0 2 0 2 0 2 3 0 0 1 0 0 0 0 0 0 0 0 0 0 0 0 0 0 0 0 0 0 0 0 0 0 0 0 0 0 0 0 0 0 0 0 0 0 0 0 0 0 0 0 0 0 0 0 0 0 0 0 0 0 0 0 0 0 0 0 0 0 0 0 0 0 0 0 0 0 0 0 0 0 0 0 0 0 0 0 0 0 0 0 0 0 0 0 0 0 0 0 0 0 0 0 0 0 0 0 0 0 0 0 0 0 5 0 0 0 0 0 0 0 0 0 641 0 0 0 0 0 0 0 0 0 0 0 0 2438 478 0 1368562 0 0 0 25 11478 0 0 0 0 0 0 0 0 0 1 0 1 0 1 0 1 0 1 0 1 0 0 192 0 287649 0 153 0 95 0 0 0 0 0 0 0 0 0 0 0 3 0 4843 0 0 7 0 0 0 0 0 0 0 0 0 0 4 21 0 1 0 0 0 0 0 0 0 0 1 2 0 2 0 3 79 0 0 0 0 0 0 0 0 0 5 0 0 2 0 0 10519 1314 0 166 0 0 0 0 34 0 0 0 63 1324 131 0 0 175 106669 74 2 8 0 0 0 0 0 0 0 0 0 0 0 10480 0 0 1
ctxt 177349111
btime 1610463534
processes 898806
procs_running 1
procs_blocked 0
softirq 56837887 286 27099613 9071 236 454984 0 40471 8576957 0 20656269
MemTotal:        7561120 kB
MemFree:         3981432 kB
MemAvailable:    5768416 kB
Buffers:            2020 kB
Cached:          2011056 kB
SwapCached:        22620 kB
Active:           399916 kB
Inactive:        1878484 kB
Active(anon):     214596 kB
Inactive(anon):   217372 kB
Active(file):     185320 kB
Inactive(file):  1661112 kB
Unevictable:      165300 kB
Mlocked:          165300 kB
SwapTotal:       4145148 kB
SwapFree:        3509808 kB
Dirty:                76 kB
Writeback:             0 kB
AnonPages:        428212 kB
Mapped:           317308 kB
Shmem:              2572 kB
Slab:             268192 kB
SReclaimable:      60260 kB
SUnreclaim:       207932 kB
KernelStack:       43296 kB
PageTables:        62944 kB
NFS_Unstable:          0 kB
Bounce:                0 kB
WritebackTmp:          0 kB
CommitLimit:     7925708 kB
Committed_AS:   68417792 kB
VmallocTotal:   263061440 kB
VmallocUsed:      105496 kB
VmallocChunk:          0 kB
Percpu:             2816 kB
CmaTotal:         262144 kB
CmaFree:          106860 kB

END


NEW DATA 1610553615413
usb_current 57740
usb_voltage 5063664
battery_current -2136
battery_voltage 4438502

system status
cpu  4537382 105334 3957145 10833897 3514 197899 67834 0 0 0
cpu0 634834 14539 471375 7401156 1509 53291 12099 0 0 0
cpu1 672297 13956 383023 565790 340 48531 12131 0 0 0
cpu2 527859 2610 305149 562535 202 18485 8889 0 0 0
cpu3 513862 3440 283370 565655 174 18183 9831 0 0 0
cpu4 489577 12759 267956 572012 127 19238 9578 0 0 0
cpu5 495150 14116 256003 544649 207 17297 8385 0 0 0
cpu6 621201 19215 992379 309226 489 11898 3807 0 0 0
cpu7 582599 24694 997886 312870 463 10973 3111 0 0 0
intr 139486479 0 0 0 28995125 0 5157184 0 11 11 588064 115427 0 0 5826911 522 118133 0 0 0 0 0 0 0 0 0 0 0 0 0 0 0 0 0 0 0 0 0 0 23 33 0 0 0 0 0 0 0 0 0 0 0 0 6 0 0 0 0 0 0 0 0 0 0 0 0 0 0 396242 0 0 0 0 0 0 0 0 257237 0 0 0 0 0 0 0 0 0 0 0 0 0 0 0 0 0 0 0 0 1 0 33 0 0 0 0 5 397 4 1 12 0 0 559 86 0 1438281 1212812 0 0 6 1 21282 2158 0 0 0 0 0 0 0 16388 1 799 0 3 0 0 7332 0 0 0 0 1 11 0 0 0 0 75 91 1 0 2 0 2 0 2 0 2 3 0 0 1 0 0 0 0 0 0 0 0 0 0 0 0 0 0 0 0 0 0 0 0 0 0 0 0 0 0 0 0 0 0 0 0 0 0 0 0 0 0 0 0 0 0 0 0 0 0 0 0 0 0 0 0 0 0 0 0 0 0 0 0 0 0 0 0 0 0 0 0 0 0 0 0 0 0 0 0 0 0 0 0 0 0 0 0 0 0 0 0 0 0 0 0 0 0 0 0 0 0 0 0 0 0 5 0 0 0 0 0 0 0 0 0 641 0 0 0 0 0 0 0 0 0 0 0 0 2438 478 0 1368562 0 0 0 25 11478 0 0 0 0 0 0 0 0 0 1 0 1 0 1 0 1 0 1 0 1 0 0 192 0 287649 0 153 0 95 0 0 0 0 0 0 0 0 0 0 0 3 0 4843 0 0 7 0 0 0 0 0 0 0 0 0 0 4 21 0 1 0 0 0 0 0 0 0 0 1 2 0 2 0 3 79 0 0 0 0 0 0 0 0 0 5 0 0 2 0 0 10519 1314 0 166 0 0 0 0 34 0 0 0 63 1324 131 0 0 175 106672 74 2 8 0 0 0 0 0 0 0 0 0 0 0 10480 0 0 1
ctxt 177350024
btime 1610463534
processes 898815
procs_running 1
procs_blocked 0
softirq 56838256 286 27099742 9071 236 454986 0 40471 8577086 0 20656378
MemTotal:        7561120 kB
MemFree:         3980904 kB
MemAvailable:    5767892 kB
Buffers:            2020 kB
Cached:          2011060 kB
SwapCached:        22620 kB
Active:           400040 kB
Inactive:        1878488 kB
Active(anon):     214720 kB
Inactive(anon):   217372 kB
Active(file):     185320 kB
Inactive(file):  1661116 kB
Unevictable:      165300 kB
Mlocked:          165300 kB
SwapTotal:       4145148 kB
SwapFree:        3509808 kB
Dirty:                80 kB
Writeback:             0 kB
AnonPages:        428424 kB
Mapped:           317420 kB
Shmem:              2572 kB
Slab:             268188 kB
SReclaimable:      60260 kB
SUnreclaim:       207928 kB
KernelStack:       43280 kB
PageTables:        62956 kB
NFS_Unstable:          0 kB
Bounce:                0 kB
WritebackTmp:          0 kB
CommitLimit:     7925708 kB
Committed_AS:   68418480 kB
VmallocTotal:   263061440 kB
VmallocUsed:      105512 kB
VmallocChunk:          0 kB
Percpu:             2816 kB
CmaTotal:         262144 kB
CmaFree:          106732 kB

END


NEW DATA 1610553615774
usb_current 62930
usb_voltage 5067808
battery_current -2136
battery_voltage 4438502

system status
cpu  4537395 105334 3957157 10834153 3514 197900 67835 0 0 0
cpu0 634834 14539 471375 7401191 1509 53291 12099 0 0 0
cpu1 672297 13956 383024 565824 340 48531 12131 0 0 0
cpu2 527862 2610 305151 562566 202 18485 8889 0 0 0
cpu3 513866 3440 283375 565681 174 18183 9831 0 0 0
cpu4 489581 12759 267957 572043 127 19238 9578 0 0 0
cpu5 495153 14116 256006 544679 207 17297 8385 0 0 0
cpu6 621201 19215 992379 309262 489 11898 3807 0 0 0
cpu7 582599 24694 997887 312905 463 10973 3111 0 0 0
intr 139487275 0 0 0 28995323 0 5157247 0 11 11 588064 115429 0 0 5826993 522 118133 0 0 0 0 0 0 0 0 0 0 0 0 0 0 0 0 0 0 0 0 0 0 23 33 0 0 0 0 0 0 0 0 0 0 0 0 6 0 0 0 0 0 0 0 0 0 0 0 0 0 0 396244 0 0 0 0 0 0 0 0 257237 0 0 0 0 0 0 0 0 0 0 0 0 0 0 0 0 0 0 0 0 1 0 33 0 0 0 0 5 397 4 1 12 0 0 559 86 0 1438299 1212815 0 0 6 1 21282 2158 0 0 0 0 0 0 0 16388 1 799 0 3 0 0 7332 0 0 0 0 1 11 0 0 0 0 75 91 1 0 2 0 2 0 2 0 2 3 0 0 1 0 0 0 0 0 0 0 0 0 0 0 0 0 0 0 0 0 0 0 0 0 0 0 0 0 0 0 0 0 0 0 0 0 0 0 0 0 0 0 0 0 0 0 0 0 0 0 0 0 0 0 0 0 0 0 0 0 0 0 0 0 0 0 0 0 0 0 0 0 0 0 0 0 0 0 0 0 0 0 0 0 0 0 0 0 0 0 0 0 0 0 0 0 0 0 0 0 0 0 0 0 0 5 0 0 0 0 0 0 0 0 0 641 0 0 0 0 0 0 0 0 0 0 0 0 2438 478 0 1368562 0 0 0 25 11478 0 0 0 0 0 0 0 0 0 1 0 1 0 1 0 1 0 1 0 1 0 0 192 0 287649 0 153 0 95 0 0 0 0 0 0 0 0 0 0 0 3 0 4843 0 0 7 0 0 0 0 0 0 0 0 0 0 4 21 0 1 0 0 0 0 0 0 0 0 1 2 0 2 0 3 79 0 0 0 0 0 0 0 0 0 5 0 0 2 0 0 10519 1314 0 166 0 0 0 0 34 0 0 0 63 1324 131 0 0 175 106674 74 2 8 0 0 0 0 0 0 0 0 0 0 0 10480 0 0 1
ctxt 177350850
btime 1610463534
processes 898824
procs_running 3
procs_blocked 0
softirq 56838615 286 27099871 9071 236 454986 0 40471 8577214 0 20656480
MemTotal:        7561120 kB
MemFree:         3980304 kB
MemAvailable:    5767292 kB
Buffers:            2020 kB
Cached:          2011060 kB
SwapCached:        22620 kB
Active:           400312 kB
Inactive:        1878488 kB
Active(anon):     214992 kB
Inactive(anon):   217372 kB
Active(file):     185320 kB
Inactive(file):  1661116 kB
Unevictable:      165300 kB
Mlocked:          165300 kB
SwapTotal:       4145148 kB
SwapFree:        3509808 kB
Dirty:                80 kB
Writeback:             0 kB
AnonPages:        428520 kB
Mapped:           317648 kB
Shmem:              2572 kB
Slab:             268200 kB
SReclaimable:      60260 kB
SUnreclaim:       207940 kB
KernelStack:       43344 kB
PageTables:        63148 kB
NFS_Unstable:          0 kB
Bounce:                0 kB
WritebackTmp:          0 kB
CommitLimit:     7925708 kB
Committed_AS:   68416732 kB
VmallocTotal:   263061440 kB
VmallocUsed:      105496 kB
VmallocChunk:          0 kB
Percpu:             2816 kB
CmaTotal:         262144 kB
CmaFree:          106840 kB

END


NEW DATA 1610553616134
usb_current 59035
usb_voltage 5062624
battery_current -2136
battery_voltage 4438502

system status
cpu  4537408 105334 3957170 10834410 3514 197901 67836 0 0 0
cpu0 634836 14539 471376 7401222 1509 53291 12099 0 0 0
cpu1 672298 13956 383025 565855 340 48532 12131 0 0 0
cpu2 527864 2610 305152 562597 202 18485 8889 0 0 0
cpu3 513867 3440 283377 565713 174 18184 9831 0 0 0
cpu4 489583 12759 267960 572073 127 19238 9578 0 0 0
cpu5 495156 14116 256010 544707 207 17298 8386 0 0 0
cpu6 621201 19215 992379 309297 489 11898 3807 0 0 0
cpu7 582599 24694 997888 312940 463 10973 3111 0 0 0
intr 139488021 0 0 0 28995488 0 5157319 0 11 11 588064 115432 0 0 5827086 522 118133 0 0 0 0 0 0 0 0 0 0 0 0 0 0 0 0 0 0 0 0 0 0 23 33 0 0 0 0 0 0 0 0 0 0 0 0 6 0 0 0 0 0 0 0 0 0 0 0 0 0 0 396246 0 0 0 0 0 0 0 0 257237 0 0 0 0 0 0 0 0 0 0 0 0 0 0 0 0 0 0 0 0 1 0 33 0 0 0 0 5 397 4 1 12 0 0 559 86 0 1438318 1212818 0 0 6 1 21282 2158 0 0 0 0 0 0 0 16388 1 799 0 3 0 0 7332 0 0 0 0 1 11 0 0 0 0 75 91 1 0 2 0 2 0 2 0 2 3 0 0 1 0 0 0 0 0 0 0 0 0 0 0 0 0 0 0 0 0 0 0 0 0 0 0 0 0 0 0 0 0 0 0 0 0 0 0 0 0 0 0 0 0 0 0 0 0 0 0 0 0 0 0 0 0 0 0 0 0 0 0 0 0 0 0 0 0 0 0 0 0 0 0 0 0 0 0 0 0 0 0 0 0 0 0 0 0 0 0 0 0 0 0 0 0 0 0 0 0 0 0 0 0 0 5 0 0 0 0 0 0 0 0 0 641 0 0 0 0 0 0 0 0 0 0 0 0 2438 478 0 1368562 0 0 0 25 11478 0 0 0 0 0 0 0 0 0 1 0 1 0 1 0 1 0 1 0 1 0 0 192 0 287649 0 153 0 95 0 0 0 0 0 0 0 0 0 0 0 3 0 4843 0 0 7 0 0 0 0 0 0 0 0 0 0 4 21 0 1 0 0 0 0 0 0 0 0 1 2 0 2 0 3 79 0 0 0 0 0 0 0 0 0 5 0 0 2 0 0 10519 1314 0 166 0 0 0 0 34 0 0 0 63 1324 131 0 0 175 106677 74 2 8 0 0 0 0 0 0 0 0 0 0 0 10480 0 0 1
ctxt 177351641
btime 1610463534
processes 898833
procs_running 1
procs_blocked 0
softirq 56838985 286 27100002 9071 236 454986 0 40471 8577347 0 20656586
MemTotal:        7561120 kB
MemFree:         3982056 kB
MemAvailable:    5769044 kB
Buffers:            2020 kB
Cached:          2011060 kB
SwapCached:        22620 kB
Active:           400244 kB
Inactive:        1878488 kB
Active(anon):     214924 kB
Inactive(anon):   217372 kB
Active(file):     185320 kB
Inactive(file):  1661116 kB
Unevictable:      165300 kB
Mlocked:          165300 kB
SwapTotal:       4145148 kB
SwapFree:        3509808 kB
Dirty:                80 kB
Writeback:             0 kB
AnonPages:        428424 kB
Mapped:           317420 kB
Shmem:              2572 kB
Slab:             268244 kB
SReclaimable:      60260 kB
SUnreclaim:       207984 kB
KernelStack:       43316 kB
PageTables:        62904 kB
NFS_Unstable:          0 kB
Bounce:                0 kB
WritebackTmp:          0 kB
CommitLimit:     7925708 kB
Committed_AS:   68417104 kB
VmallocTotal:   263061440 kB
VmallocUsed:      105496 kB
VmallocChunk:          0 kB
Percpu:             2816 kB
CmaTotal:         262144 kB
CmaFree:          107300 kB

END


NEW DATA 1610553616474
usb_current 61310
usb_voltage 5061584
battery_current -2136
battery_voltage 4438502

system status
cpu  4537419 105334 3957182 10834653 3514 197903 67836 0 0 0
cpu0 634837 14539 471377 7401254 1509 53291 12099 0 0 0
cpu1 672301 13956 383028 565883 340 48532 12132 0 0 0
cpu2 527865 2610 305153 562629 202 18485 8889 0 0 0
cpu3 513868 3440 283379 565743 174 18184 9831 0 0 0
cpu4 489585 12759 267961 572104 127 19238 9578 0 0 0
cpu5 495160 14116 256013 544733 207 17298 8386 0 0 0
cpu6 621201 19215 992379 309332 489 11898 3807 0 0 0
cpu7 582600 24694 997888 312973 463 10973 3111 0 0 0
intr 139488765 0 0 0 28995668 0 5157392 0 11 11 588064 115434 0 0 5827170 522 118135 0 0 0 0 0 0 0 0 0 0 0 0 0 0 0 0 0 0 0 0 0 0 23 33 0 0 0 0 0 0 0 0 0 0 0 0 6 0 0 0 0 0 0 0 0 0 0 0 0 0 0 396248 0 0 0 0 0 0 0 0 257237 0 0 0 0 0 0 0 0 0 0 0 0 0 0 0 0 0 0 0 0 1 0 33 0 0 0 0 5 397 4 1 12 0 0 559 86 0 1438337 1212821 0 0 6 1 21282 2158 0 0 0 0 0 0 0 16388 1 799 0 3 0 0 7332 0 0 0 0 1 11 0 0 0 0 75 91 1 0 2 0 2 0 2 0 2 3 0 0 1 0 0 0 0 0 0 0 0 0 0 0 0 0 0 0 0 0 0 0 0 0 0 0 0 0 0 0 0 0 0 0 0 0 0 0 0 0 0 0 0 0 0 0 0 0 0 0 0 0 0 0 0 0 0 0 0 0 0 0 0 0 0 0 0 0 0 0 0 0 0 0 0 0 0 0 0 0 0 0 0 0 0 0 0 0 0 0 0 0 0 0 0 0 0 0 0 0 0 0 0 0 0 5 0 0 0 0 0 0 0 0 0 641 0 0 0 0 0 0 0 0 0 0 0 0 2438 478 0 1368562 0 0 0 25 11478 0 0 0 0 0 0 0 0 0 1 0 1 0 1 0 1 0 1 0 1 0 0 192 0 287649 0 153 0 95 0 0 0 0 0 0 0 0 0 0 0 3 0 4843 0 0 7 0 0 0 0 0 0 0 0 0 0 4 21 0 1 0 0 0 0 0 0 0 0 1 2 0 2 0 3 79 0 0 0 0 0 0 0 0 0 5 0 0 2 0 0 10519 1314 0 166 0 0 0 0 34 0 0 0 63 1324 131 0 0 175 106679 74 2 8 0 0 0 0 0 0 0 0 0 0 0 10480 0 0 1
ctxt 177352416
btime 1610463534
processes 898842
procs_running 2
procs_blocked 0
softirq 56839413 286 27100145 9071 236 454986 0 40471 8577494 0 20656724
MemTotal:        7561120 kB
MemFree:         3981000 kB
MemAvailable:    5767996 kB
Buffers:            2020 kB
Cached:          2011068 kB
SwapCached:        22620 kB
Active:           400072 kB
Inactive:        1878496 kB
Active(anon):     214752 kB
Inactive(anon):   217372 kB
Active(file):     185320 kB
Inactive(file):  1661124 kB
Unevictable:      165300 kB
Mlocked:          165300 kB
SwapTotal:       4145148 kB
SwapFree:        3509808 kB
Dirty:                88 kB
Writeback:             0 kB
AnonPages:        428736 kB
Mapped:           317304 kB
Shmem:              2572 kB
Slab:             268236 kB
SReclaimable:      60260 kB
SUnreclaim:       207976 kB
KernelStack:       43280 kB
PageTables:        62948 kB
NFS_Unstable:          0 kB
Bounce:                0 kB
WritebackTmp:          0 kB
CommitLimit:     7925708 kB
Committed_AS:   68417420 kB
VmallocTotal:   263061440 kB
VmallocUsed:      105528 kB
VmallocChunk:          0 kB
Percpu:             2816 kB
CmaTotal:         262144 kB
CmaFree:          107056 kB

END


NEW DATA 1610553616833
usb_current 63255
usb_voltage 5062624
battery_current -2136
battery_voltage 4438502

system status
cpu  4537431 105334 3957196 10834910 3514 197904 67837 0 0 0
cpu0 634839 14539 471379 7401285 1509 53291 12100 0 0 0
cpu1 672303 13956 383030 565914 340 48533 12132 0 0 0
cpu2 527868 2610 305156 562658 202 18485 8889 0 0 0
cpu3 513868 3440 283380 565777 174 18184 9831 0 0 0
cpu4 489586 12759 267962 572137 127 19238 9578 0 0 0
cpu5 495163 14116 256019 544761 207 17298 8386 0 0 0
cpu6 621201 19215 992379 309367 489 11898 3807 0 0 0
cpu7 582600 24694 997889 313008 463 10973 3111 0 0 0
intr 139489521 0 0 0 28995839 0 5157461 0 11 11 588064 115435 0 0 5827241 522 118135 0 0 0 0 0 0 0 0 0 0 0 0 0 0 0 0 0 0 0 0 0 0 23 33 0 0 0 0 0 0 0 0 0 0 0 0 6 0 0 0 0 0 0 0 0 0 0 0 0 0 0 396252 0 0 0 0 0 0 0 0 257242 0 0 0 0 0 0 0 0 0 0 0 0 0 0 0 0 0 0 0 0 1 0 33 0 0 0 0 5 397 4 1 12 0 0 559 86 0 1438352 1212825 0 0 6 1 21282 2158 0 0 0 0 0 0 0 16388 1 799 0 3 0 0 7332 0 0 0 0 1 11 0 0 0 0 75 91 1 0 2 0 2 0 2 0 2 3 0 0 1 0 0 0 0 0 0 0 0 0 0 0 0 0 0 0 0 0 0 0 0 0 0 0 0 0 0 0 0 0 0 0 0 0 0 0 0 0 0 0 0 0 0 0 0 0 0 0 0 0 0 0 0 0 0 0 0 0 0 0 0 0 0 0 0 0 0 0 0 0 0 0 0 0 0 0 0 0 0 0 0 0 0 0 0 0 0 0 0 0 0 0 0 0 0 0 0 0 0 0 0 0 0 5 0 0 0 0 0 0 0 0 0 641 0 0 0 0 0 0 0 0 0 0 0 0 2438 478 0 1368562 0 0 0 25 11479 0 0 0 0 0 0 0 0 0 1 0 1 0 1 0 1 0 1 0 1 0 0 192 0 287649 0 153 0 95 0 0 0 0 0 0 0 0 0 0 0 3 0 4844 0 0 7 0 0 0 0 0 0 0 0 0 0 4 21 0 1 0 0 0 0 0 0 0 0 1 2 0 2 0 3 79 0 0 0 0 0 0 0 0 0 5 0 0 2 0 0 10519 1314 0 166 0 0 0 0 34 0 0 0 63 1324 131 0 0 175 106680 74 2 8 0 0 0 0 0 0 0 0 0 0 0 10480 0 0 1
ctxt 177353210
btime 1610463534
processes 898851
procs_running 1
procs_blocked 0
softirq 56839828 286 27100290 9071 236 454986 0 40471 8577636 0 20656852
MemTotal:        7561120 kB
MemFree:         3980448 kB
MemAvailable:    5767444 kB
Buffers:            2020 kB
Cached:          2011068 kB
SwapCached:        22620 kB
Active:           400284 kB
Inactive:        1878496 kB
Active(anon):     214964 kB
Inactive(anon):   217372 kB
Active(file):     185320 kB
Inactive(file):  1661124 kB
Unevictable:      165300 kB
Mlocked:          165300 kB
SwapTotal:       4145148 kB
SwapFree:        3509808 kB
Dirty:                88 kB
Writeback:             0 kB
AnonPages:        428568 kB
Mapped:           317304 kB
Shmem:              2572 kB
Slab:             268268 kB
SReclaimable:      60260 kB
SUnreclaim:       208008 kB
KernelStack:       43328 kB
PageTables:        63092 kB
NFS_Unstable:          0 kB
Bounce:                0 kB
WritebackTmp:          0 kB
CommitLimit:     7925708 kB
Committed_AS:   68416044 kB
VmallocTotal:   263061440 kB
VmallocUsed:      105496 kB
VmallocChunk:          0 kB
Percpu:             2816 kB
CmaTotal:         262144 kB
CmaFree:          106584 kB

END


NEW DATA 1610553617174
usb_current 58065
usb_voltage 5066768
battery_current -2136
battery_voltage 4438502

system status
cpu  4537443 105334 3957209 10835153 3514 197905 67838 0 0 0
cpu0 634843 14539 471384 7401308 1509 53292 12100 0 0 0
cpu1 672304 13956 383031 565945 340 48533 12132 0 0 0
cpu2 527870 2610 305157 562688 202 18485 8889 0 0 0
cpu3 513869 3440 283382 565806 174 18184 9832 0 0 0
cpu4 489586 12759 267962 572169 127 19238 9578 0 0 0
cpu5 495165 14116 256021 544791 207 17298 8386 0 0 0
cpu6 621201 19215 992379 309401 489 11898 3807 0 0 0
cpu7 582601 24694 997889 313040 463 10973 3111 0 0 0
intr 139490389 0 0 0 28996034 0 5157524 0 11 11 588070 115438 0 0 5827336 522 118135 0 0 0 0 0 0 0 0 0 0 0 0 0 0 0 0 0 0 0 0 0 0 23 33 0 0 0 0 0 0 0 0 0 0 0 0 6 0 0 0 0 0 0 0 0 0 0 0 0 0 0 396254 0 0 0 0 0 0 0 0 257242 0 0 0 0 0 0 0 0 0 0 0 0 0 0 0 0 0 0 0 0 1 0 33 0 0 0 0 5 397 4 1 12 0 0 559 86 0 1438370 1212829 0 0 6 1 21282 2158 0 0 0 0 0 0 0 16388 1 799 0 3 0 0 7332 0 0 0 0 1 11 0 0 0 0 75 91 1 0 2 0 2 0 2 0 2 3 0 0 1 0 0 0 0 0 0 0 0 0 0 0 0 0 0 0 0 0 0 0 0 0 0 0 0 0 0 0 0 0 0 0 0 0 0 0 0 0 0 0 0 0 0 0 0 0 0 0 0 0 0 0 0 0 0 0 0 0 0 0 0 0 0 0 0 0 0 0 0 0 0 0 0 0 0 0 0 0 0 0 0 0 0 0 0 0 0 0 0 0 0 0 0 0 0 0 0 0 0 0 0 0 0 5 0 0 0 0 0 0 0 0 0 641 0 0 0 0 0 0 0 0 0 0 0 0 2438 478 0 1368562 0 0 0 25 11479 0 0 0 0 0 0 0 0 0 1 0 1 0 1 0 1 0 1 0 1 0 0 192 0 287649 0 153 0 95 0 0 0 0 0 0 0 0 0 0 0 3 0 4844 0 0 7 0 0 0 0 0 0 0 0 0 0 4 21 0 1 0 0 0 0 0 0 0 0 1 2 0 2 0 3 79 0 0 0 0 0 0 0 0 0 5 0 0 2 0 0 10519 1314 0 166 0 0 0 0 34 0 0 0 63 1324 131 0 0 175 106683 74 2 8 0 0 0 0 0 0 0 0 0 0 0 10480 0 0 1
ctxt 177354054
btime 1610463534
processes 898860
procs_running 1
procs_blocked 0
softirq 56840233 286 27100427 9071 236 454989 0 40471 8577778 0 20656975
MemTotal:        7561120 kB
MemFree:         3981108 kB
MemAvailable:    5768108 kB
Buffers:            2020 kB
Cached:          2011072 kB
SwapCached:        22620 kB
Active:           400340 kB
Inactive:        1878500 kB
Active(anon):     215020 kB
Inactive(anon):   217372 kB
Active(file):     185320 kB
Inactive(file):  1661128 kB
Unevictable:      165300 kB
Mlocked:          165300 kB
SwapTotal:       4145148 kB
SwapFree:        3509808 kB
Dirty:                92 kB
Writeback:             0 kB
AnonPages:        428632 kB
Mapped:           317304 kB
Shmem:              2572 kB
Slab:             268300 kB
SReclaimable:      60260 kB
SUnreclaim:       208040 kB
KernelStack:       43344 kB
PageTables:        63140 kB
NFS_Unstable:          0 kB
Bounce:                0 kB
WritebackTmp:          0 kB
CommitLimit:     7925708 kB
Committed_AS:   68416732 kB
VmallocTotal:   263061440 kB
VmallocUsed:      105480 kB
VmallocChunk:          0 kB
Percpu:             2816 kB
CmaTotal:         262144 kB
CmaFree:          107288 kB

END


NEW DATA 1610553617534
usb_current 53200
usb_voltage 5073008
battery_current -2136
battery_voltage 4438502

system status
cpu  4537455 105334 3957223 10835409 3514 197907 67838 0 0 0
cpu0 634844 14539 471385 7401341 1509 53292 12100 0 0 0
cpu1 672309 13956 383034 565971 340 48534 12132 0 0 0
cpu2 527873 2610 305160 562717 202 18486 8889 0 0 0
cpu3 513869 3440 283382 565842 174 18184 9832 0 0 0
cpu4 489589 12759 267965 572198 127 19238 9578 0 0 0
cpu5 495166 14116 256022 544824 207 17298 8386 0 0 0
cpu6 621201 19215 992379 309437 489 11898 3807 0 0 0
cpu7 582601 24694 997890 313075 463 10973 3111 0 0 0
intr 139491194 0 0 0 28996212 0 5157599 0 11 11 588070 115440 0 0 5827413 522 118135 0 0 0 0 0 0 0 0 0 0 0 0 0 0 0 0 0 0 0 0 0 0 23 33 0 0 0 0 0 0 0 0 0 0 0 0 6 0 0 0 0 0 0 0 0 0 0 0 0 0 0 396256 0 0 0 0 0 0 0 0 257242 0 0 0 0 0 0 0 0 0 0 0 0 0 0 0 0 0 0 0 0 1 0 33 0 0 0 0 5 397 4 1 12 0 0 559 86 0 1438388 1212832 0 0 6 1 21282 2158 0 0 0 0 0 0 0 16388 1 799 0 3 0 0 7332 0 0 0 0 1 11 0 0 0 0 75 91 1 0 2 0 2 0 2 0 2 3 0 0 1 0 0 0 0 0 0 0 0 0 0 0 0 0 0 0 0 0 0 0 0 0 0 0 0 0 0 0 0 0 0 0 0 0 0 0 0 0 0 0 0 0 0 0 0 0 0 0 0 0 0 0 0 0 0 0 0 0 0 0 0 0 0 0 0 0 0 0 0 0 0 0 0 0 0 0 0 0 0 0 0 0 0 0 0 0 0 0 0 0 0 0 0 0 0 0 0 0 0 0 0 0 0 5 0 0 0 0 0 0 0 0 0 641 0 0 0 0 0 0 0 0 0 0 0 0 2438 478 0 1368562 0 0 0 25 11479 0 0 0 0 0 0 0 0 0 1 0 1 0 1 0 1 0 1 0 1 0 0 192 0 287649 0 153 0 95 0 0 0 0 0 0 0 0 0 0 0 3 0 4844 0 0 7 0 0 0 0 0 0 0 0 0 0 4 21 0 1 0 0 0 0 0 0 0 0 1 2 0 2 0 3 79 0 0 0 0 0 0 0 0 0 5 0 0 2 0 0 10519 1314 0 166 0 0 0 0 34 0 0 0 63 1324 131 0 0 175 106685 74 2 8 0 0 0 0 0 0 0 0 0 0 0 10480 0 0 1
ctxt 177354896
btime 1610463534
processes 898869
procs_running 1
procs_blocked 0
softirq 56840709 286 27100591 9071 236 454989 0 40471 8577940 0 20657125
MemTotal:        7561120 kB
MemFree:         3981360 kB
MemAvailable:    5768364 kB
Buffers:            2020 kB
Cached:          2011076 kB
SwapCached:        22620 kB
Active:           400204 kB
Inactive:        1878504 kB
Active(anon):     214884 kB
Inactive(anon):   217372 kB
Active(file):     185320 kB
Inactive(file):  1661132 kB
Unevictable:      165300 kB
Mlocked:          165300 kB
SwapTotal:       4145148 kB
SwapFree:        3509808 kB
Dirty:                72 kB
Writeback:             0 kB
AnonPages:        428816 kB
Mapped:           317432 kB
Shmem:              2572 kB
Slab:             268196 kB
SReclaimable:      60260 kB
SUnreclaim:       207936 kB
KernelStack:       43248 kB
PageTables:        62860 kB
NFS_Unstable:          0 kB
Bounce:                0 kB
WritebackTmp:          0 kB
CommitLimit:     7925708 kB
Committed_AS:   68417792 kB
VmallocTotal:   263061440 kB
VmallocUsed:      105480 kB
VmallocChunk:          0 kB
Percpu:             2816 kB
CmaTotal:         262144 kB
CmaFree:          107056 kB

END


NEW DATA 1610553617893
usb_current 56765
usb_voltage 5076112
battery_current -2136
battery_voltage 4438502

system status
cpu  4537468 105334 3957234 10835666 3514 197908 67839 0 0 0
cpu0 634852 14539 471391 7401363 1509 53293 12100 0 0 0
cpu1 672312 13956 383036 566001 340 48534 12132 0 0 0
cpu2 527873 2610 305160 562752 202 18486 8889 0 0 0
cpu3 513872 3440 283384 565871 174 18184 9832 0 0 0
cpu4 489589 12759 267965 572233 127 19238 9578 0 0 0
cpu5 495166 14116 256023 544858 207 17298 8386 0 0 0
cpu6 621201 19215 992379 309473 489 11898 3807 0 0 0
cpu7 582601 24694 997891 313110 463 10973 3111 0 0 0
intr 139491941 0 0 0 28996374 0 5157671 0 11 11 588070 115442 0 0 5827499 522 118135 0 0 0 0 0 0 0 0 0 0 0 0 0 0 0 0 0 0 0 0 0 0 23 33 0 0 0 0 0 0 0 0 0 0 0 0 6 0 0 0 0 0 0 0 0 0 0 0 0 0 0 396258 0 0 0 0 0 0 0 0 257242 0 0 0 0 0 0 0 0 0 0 0 0 0 0 0 0 0 0 0 0 1 0 33 0 0 0 0 5 397 4 1 12 0 0 559 86 0 1438407 1212834 0 0 6 1 21282 2158 0 0 0 0 0 0 0 16388 1 799 0 3 0 0 7332 0 0 0 0 1 11 0 0 0 0 75 91 1 0 2 0 2 0 2 0 2 3 0 0 1 0 0 0 0 0 0 0 0 0 0 0 0 0 0 0 0 0 0 0 0 0 0 0 0 0 0 0 0 0 0 0 0 0 0 0 0 0 0 0 0 0 0 0 0 0 0 0 0 0 0 0 0 0 0 0 0 0 0 0 0 0 0 0 0 0 0 0 0 0 0 0 0 0 0 0 0 0 0 0 0 0 0 0 0 0 0 0 0 0 0 0 0 0 0 0 0 0 0 0 0 0 0 5 0 0 0 0 0 0 0 0 0 641 0 0 0 0 0 0 0 0 0 0 0 0 2438 478 0 1368562 0 0 0 25 11479 0 0 0 0 0 0 0 0 0 1 0 1 0 1 0 1 0 1 0 1 0 0 192 0 287649 0 153 0 95 0 0 0 0 0 0 0 0 0 0 0 3 0 4844 0 0 7 0 0 0 0 0 0 0 0 0 0 4 21 0 1 0 0 0 0 0 0 0 0 1 2 0 2 0 3 79 0 0 0 0 0 0 0 0 0 5 0 0 2 0 0 10519 1314 0 166 0 0 0 0 34 0 0 0 63 1324 131 0 0 175 106687 74 2 8 0 0 0 0 0 0 0 0 0 0 0 10480 0 0 1
ctxt 177355711
btime 1610463534
processes 898878
procs_running 1
procs_blocked 0
softirq 56841149 286 27100741 9071 236 454989 0 40471 8578095 0 20657260
MemTotal:        7561120 kB
MemFree:         3980760 kB
MemAvailable:    5767740 kB
Buffers:            2020 kB
Cached:          2011076 kB
SwapCached:        22620 kB
Active:           400660 kB
Inactive:        1878504 kB
Active(anon):     215340 kB
Inactive(anon):   217372 kB
Active(file):     185320 kB
Inactive(file):  1661132 kB
Unevictable:      165300 kB
Mlocked:          165300 kB
SwapTotal:       4145148 kB
SwapFree:        3509808 kB
Dirty:                72 kB
Writeback:             0 kB
AnonPages:        428272 kB
Mapped:           317660 kB
Shmem:              2572 kB
Slab:             268148 kB
SReclaimable:      60212 kB
SUnreclaim:       207936 kB
KernelStack:       43308 kB
PageTables:        62860 kB
NFS_Unstable:          0 kB
Bounce:                0 kB
WritebackTmp:          0 kB
CommitLimit:     7925708 kB
Committed_AS:   68416732 kB
VmallocTotal:   263061440 kB
VmallocUsed:      105480 kB
VmallocChunk:          0 kB
Percpu:             2816 kB
CmaTotal:         262144 kB
CmaFree:          107060 kB

END


NEW DATA 1610553618254
usb_current 57090
usb_voltage 5080272
battery_current -2136
battery_voltage 4438502

system status
cpu  4537479 105334 3957248 10835925 3514 197909 67840 0 0 0
cpu0 634853 14539 471394 7401395 1509 53293 12100 0 0 0
cpu1 672313 13956 383038 566032 340 48535 12132 0 0 0
cpu2 527873 2610 305160 562788 202 18486 8889 0 0 0
cpu3 513875 3440 283388 565898 174 18185 9832 0 0 0
cpu4 489593 12759 267970 572260 127 19238 9578 0 0 0
cpu5 495166 14116 256023 544895 207 17298 8386 0 0 0
cpu6 621201 19215 992379 309510 489 11898 3807 0 0 0
cpu7 582601 24694 997892 313145 463 10973 3111 0 0 0
intr 139492688 0 0 0 28996547 0 5157737 0 11 11 588070 115444 0 0 5827577 522 118135 0 0 0 0 0 0 0 0 0 0 0 0 0 0 0 0 0 0 0 0 0 0 23 33 0 0 0 0 0 0 0 0 0 0 0 0 6 0 0 0 0 0 0 0 0 0 0 0 0 0 0 396260 0 0 0 0 0 0 0 0 257242 0 0 0 0 0 0 0 0 0 0 0 0 0 0 0 0 0 0 0 0 1 0 33 0 0 0 0 5 397 4 1 12 0 0 559 86 0 1438428 1212836 0 0 6 1 21282 2158 0 0 0 0 0 0 0 16388 1 799 0 3 0 0 7332 0 0 0 0 1 11 0 0 0 0 75 91 1 0 2 0 2 0 2 0 2 3 0 0 1 0 0 0 0 0 0 0 0 0 0 0 0 0 0 0 0 0 0 0 0 0 0 0 0 0 0 0 0 0 0 0 0 0 0 0 0 0 0 0 0 0 0 0 0 0 0 0 0 0 0 0 0 0 0 0 0 0 0 0 0 0 0 0 0 0 0 0 0 0 0 0 0 0 0 0 0 0 0 0 0 0 0 0 0 0 0 0 0 0 0 0 0 0 0 0 0 0 0 0 0 0 0 5 0 0 0 0 0 0 0 0 0 641 0 0 0 0 0 0 0 0 0 0 0 0 2438 478 0 1368562 0 0 0 25 11479 0 0 0 0 0 0 0 0 0 1 0 1 0 1 0 1 0 1 0 1 0 0 192 0 287649 0 153 0 95 0 0 0 0 0 0 0 0 0 0 0 3 0 4844 0 0 7 0 0 0 0 0 0 0 0 0 0 4 21 0 1 0 0 0 0 0 0 0 0 1 2 0 2 0 3 79 0 0 0 0 0 0 0 0 0 5 0 0 2 0 0 10519 1314 0 166 0 0 0 0 34 0 0 0 63 1324 131 0 0 175 106689 74 2 8 0 0 0 0 0 0 0 0 0 0 0 10480 0 0 1
ctxt 177356528
btime 1610463534
processes 898887
procs_running 2
procs_blocked 0
softirq 56841492 286 27100862 9071 236 454989 0 40471 8578219 0 20657358
MemTotal:        7561120 kB
MemFree:         3981396 kB
MemAvailable:    5768380 kB
Buffers:            2020 kB
Cached:          2011080 kB
SwapCached:        22620 kB
Active:           400464 kB
Inactive:        1878508 kB
Active(anon):     215144 kB
Inactive(anon):   217372 kB
Active(file):     185320 kB
Inactive(file):  1661136 kB
Unevictable:      165300 kB
Mlocked:          165300 kB
SwapTotal:       4145148 kB
SwapFree:        3509808 kB
Dirty:                76 kB
Writeback:             0 kB
AnonPages:        428240 kB
Mapped:           317576 kB
Shmem:              2572 kB
Slab:             268148 kB
SReclaimable:      60212 kB
SUnreclaim:       207936 kB
KernelStack:       43276 kB
PageTables:        62776 kB
NFS_Unstable:          0 kB
Bounce:                0 kB
WritebackTmp:          0 kB
CommitLimit:     7925708 kB
Committed_AS:   68416044 kB
VmallocTotal:   263061440 kB
VmallocUsed:      105496 kB
VmallocChunk:          0 kB
Percpu:             2816 kB
CmaTotal:         262144 kB
CmaFree:          106656 kB

END


NEW DATA 1610553618592
usb_current 101210
usb_voltage 5060544
battery_current -2136
battery_voltage 4438502

system status
cpu  4537493 105334 3957277 10836141 3514 197913 67840 0 0 0
cpu0 634855 14539 471403 7401414 1509 53295 12100 0 0 0
cpu1 672314 13956 383046 566056 340 48535 12132 0 0 0
cpu2 527875 2610 305164 562813 202 18486 8890 0 0 0
cpu3 513879 3440 283393 565921 174 18185 9832 0 0 0
cpu4 489597 12759 267973 572284 127 19239 9579 0 0 0
cpu5 495166 14116 256023 544928 207 17298 8386 0 0 0
cpu6 621201 19215 992379 309543 489 11898 3807 0 0 0
cpu7 582603 24694 997892 313178 463 10973 3111 0 0 0
intr 139495509 0 0 0 28996827 0 5157798 0 11 11 588070 115446 0 0 5827693 522 118135 0 0 0 0 0 0 0 0 0 0 0 0 0 0 0 0 0 0 0 0 0 0 23 33 0 0 0 0 0 0 0 0 0 0 0 0 6 0 0 0 0 0 0 0 0 0 0 0 0 0 0 396262 0 0 0 0 0 0 0 0 257242 0 0 0 0 0 0 0 0 0 0 0 0 0 0 0 0 0 0 0 0 1 0 33 0 0 0 0 5 397 4 1 12 0 0 559 86 0 1438450 1212850 0 0 6 1 21282 2158 0 0 0 0 0 0 0 16388 1 799 0 3 0 0 7332 0 0 0 0 1 11 0 0 0 0 75 91 1 0 2 0 2 0 2 0 2 3 0 0 1 0 0 0 0 0 0 0 0 0 0 0 0 0 0 0 0 0 0 0 0 0 0 0 0 0 0 0 0 0 0 0 0 0 0 0 0 0 0 0 0 0 0 0 0 0 0 0 0 0 0 0 0 0 0 0 0 0 0 0 0 0 0 0 0 0 0 0 0 0 0 0 0 0 0 0 0 0 0 0 0 0 0 0 0 0 0 0 0 0 0 0 0 0 0 0 0 0 0 0 0 0 0 5 0 0 0 0 0 0 0 0 0 641 0 0 0 0 0 0 0 0 0 0 0 0 2438 478 0 1368562 0 0 0 25 11479 0 0 0 0 0 0 0 0 0 1 0 1 0 1 0 1 0 1 0 1 0 0 192 0 288200 0 153 0 95 0 0 0 0 0 0 0 0 0 0 0 3 0 4844 0 0 7 0 0 0 0 0 0 0 0 0 0 4 21 0 1 0 0 0 0 0 0 0 0 1 2 0 2 0 3 79 0 0 0 0 0 0 0 0 0 5 0 0 2 0 0 10519 1314 0 166 0 0 0 0 34 0 0 0 63 1324 131 0 0 175 106691 74 2 8 0 0 0 0 0 0 0 0 0 0 0 10480 0 0 1
ctxt 177360530
btime 1610463534
processes 898901
procs_running 2
procs_blocked 0
softirq 56842060 286 27101058 9071 236 454989 0 40471 8578419 0 20657530
MemTotal:        7561120 kB
MemFree:         3981032 kB
MemAvailable:    5767072 kB
Buffers:            2020 kB
Cached:          2010148 kB
SwapCached:        22620 kB
Active:           397884 kB
Inactive:        1880060 kB
Active(anon):     215068 kB
Inactive(anon):   217372 kB
Active(file):     182816 kB
Inactive(file):  1662688 kB
Unevictable:      165300 kB
Mlocked:          165300 kB
SwapTotal:       4145148 kB
SwapFree:        3509808 kB
Dirty:              6344 kB
Writeback:             0 kB
AnonPages:        428568 kB
Mapped:           317304 kB
Shmem:              2572 kB
Slab:             268128 kB
SReclaimable:      60228 kB
SUnreclaim:       207900 kB
KernelStack:       43216 kB
PageTables:        62804 kB
NFS_Unstable:          0 kB
Bounce:                0 kB
WritebackTmp:          0 kB
CommitLimit:     7925708 kB
Committed_AS:   68417836 kB
VmallocTotal:   263061440 kB
VmallocUsed:      105480 kB
VmallocChunk:          0 kB
Percpu:             2816 kB
CmaTotal:         262144 kB
CmaFree:          106424 kB

END


NEW DATA 1610553618952
usb_current 93750
usb_voltage 5067808
battery_current -2136
battery_voltage 4438502

system status
cpu  4537506 105334 3957325 10836358 3515 197917 67841 0 0 0
cpu0 634856 14539 471412 7401434 1509 53298 12100 0 0 0
cpu1 672315 13956 383056 566081 340 48536 12132 0 0 0
cpu2 527876 2610 305171 562840 202 18486 8890 0 0 0
cpu3 513883 3440 283404 565943 174 18185 9832 0 0 0
cpu4 489601 12759 267977 572308 127 19239 9579 0 0 0
cpu5 495168 14116 256028 544957 207 17298 8386 0 0 0
cpu6 621201 19215 992379 309579 489 11898 3807 0 0 0
cpu7 582603 24694 997893 313213 463 10973 3111 0 0 0
intr 139499431 0 0 0 28997141 0 5157856 0 11 11 588073 115448 0 0 5827857 522 118135 0 0 0 0 0 0 0 0 0 0 0 0 0 0 0 0 0 0 0 0 0 0 23 33 0 0 0 0 0 0 0 0 0 0 0 0 6 0 0 0 0 0 0 0 0 0 0 0 0 0 0 396268 0 0 0 0 0 0 0 0 257252 0 0 0 0 0 0 0 0 0 0 0 0 0 0 0 0 0 0 0 0 1 0 33 0 0 0 0 5 397 4 1 12 0 0 559 86 0 1438484 1212884 0 0 6 1 21282 2158 0 0 0 0 0 0 0 16388 1 799 0 3 0 0 7332 0 0 0 0 1 11 0 0 0 0 75 91 1 0 2 0 2 0 2 0 2 3 0 0 1 0 0 0 0 0 0 0 0 0 0 0 0 0 0 0 0 0 0 0 0 0 0 0 0 0 0 0 0 0 0 0 0 0 0 0 0 0 0 0 0 0 0 0 0 0 0 0 0 0 0 0 0 0 0 0 0 0 0 0 0 0 0 0 0 0 0 0 0 0 0 0 0 0 0 0 0 0 0 0 0 0 0 0 0 0 0 0 0 0 0 0 0 0 0 0 0 0 0 0 0 0 0 5 0 0 0 0 0 0 0 0 0 641 0 0 0 0 0 0 0 0 0 0 0 0 2438 478 0 1368562 0 0 0 25 11479 0 0 0 0 0 0 0 0 0 1 0 1 0 1 0 1 0 1 0 1 0 0 192 0 289052 0 153 0 95 0 0 0 0 0 0 0 0 0 0 0 3 0 4844 0 0 7 0 0 0 0 0 0 0 0 0 0 4 21 0 1 0 0 0 0 0 0 0 0 1 2 0 2 0 3 79 0 0 0 0 0 0 0 0 0 5 0 0 2 0 0 10519 1314 0 166 0 0 0 0 34 0 0 0 63 1324 131 0 0 175 106693 74 2 8 0 0 0 0 0 0 0 0 0 0 0 10480 0 0 1
ctxt 177366299
btime 1610463534
processes 898910
procs_running 1
procs_blocked 0
softirq 56842789 286 27101305 9071 236 454990 0 40471 8578668 0 20657762
MemTotal:        7561120 kB
MemFree:         3983428 kB
MemAvailable:    5768484 kB
Buffers:            2020 kB
Cached:          2009496 kB
SwapCached:        22620 kB
Active:           397204 kB
Inactive:        1879728 kB
Active(anon):     214808 kB
Inactive(anon):   217372 kB
Active(file):     182396 kB
Inactive(file):  1662356 kB
Unevictable:      165300 kB
Mlocked:          165300 kB
SwapTotal:       4145148 kB
SwapFree:        3509808 kB
Dirty:             20164 kB
Writeback:             0 kB
AnonPages:        428640 kB
Mapped:           317304 kB
Shmem:              2572 kB
Slab:             267644 kB
SReclaimable:      59764 kB
SUnreclaim:       207880 kB
KernelStack:       43228 kB
PageTables:        62660 kB
NFS_Unstable:          0 kB
Bounce:                0 kB
WritebackTmp:          0 kB
CommitLimit:     7925708 kB
Committed_AS:   68416088 kB
VmallocTotal:   263061440 kB
VmallocUsed:      105480 kB
VmallocChunk:          0 kB
Percpu:             2816 kB
CmaTotal:         262144 kB
CmaFree:          106304 kB

END


NEW DATA 1610553619295
usb_current 90180
usb_voltage 5064704
battery_current -2136
battery_voltage 4438502

system status
cpu  4537523 105334 3957365 10836560 3515 197922 67842 0 0 0
cpu0 634858 14539 471418 7401454 1509 53300 12101 0 0 0
cpu1 672318 13956 383061 566105 340 48537 12132 0 0 0
cpu2 527878 2610 305178 562864 202 18487 8890 0 0 0
cpu3 513884 3440 283415 565966 174 18185 9832 0 0 0
cpu4 489604 12759 267983 572328 127 19239 9579 0 0 0
cpu5 495174 14116 256034 544979 207 17298 8386 0 0 0
cpu6 621201 19215 992379 309614 489 11898 3807 0 0 0
cpu7 582603 24694 997894 313246 463 10973 3111 0 0 0
intr 139503442 0 0 0 28997456 0 5157895 0 11 11 588077 115451 0 0 5828001 522 118135 0 0 0 0 0 0 0 0 0 0 0 0 0 0 0 0 0 0 0 0 0 0 23 33 0 0 0 0 0 0 0 0 0 0 0 0 6 0 0 0 0 0 0 0 0 0 0 0 0 0 0 396286 0 0 0 0 0 0 0 0 257252 0 0 0 0 0 0 0 0 0 0 0 0 0 0 0 0 0 0 0 0 1 0 33 0 0 0 0 5 397 4 1 12 0 0 559 86 0 1438513 1212914 0 0 6 1 21282 2158 0 0 0 0 0 0 0 16388 1 799 0 3 0 0 7332 0 0 0 0 1 11 0 0 0 0 75 91 1 0 2 0 2 0 2 0 2 3 0 0 1 0 0 0 0 0 0 0 0 0 0 0 0 0 0 0 0 0 0 0 0 0 0 0 0 0 0 0 0 0 0 0 0 0 0 0 0 0 0 0 0 0 0 0 0 0 0 0 0 0 0 0 0 0 0 0 0 0 0 0 0 0 0 0 0 0 0 0 0 0 0 0 0 0 0 0 0 0 0 0 0 0 0 0 0 0 0 0 0 0 0 0 0 0 0 0 0 0 0 0 0 0 0 5 0 0 0 0 0 0 0 0 0 641 0 0 0 0 0 0 0 0 0 0 0 0 2438 478 0 1368630 0 0 0 25 11479 0 0 0 0 0 0 0 0 0 1 0 1 0 1 0 1 0 1 0 1 0 0 192 0 289852 0 153 0 95 0 0 0 0 0 0 0 0 0 0 0 3 0 4844 0 0 7 0 0 0 0 0 0 0 0 0 0 4 21 0 1 0 0 0 0 0 0 0 0 1 2 0 2 0 3 79 0 0 0 0 0 0 0 0 0 5 0 0 2 0 0 10520 1314 0 166 0 0 0 0 34 0 0 0 63 1324 131 0 0 175 106696 74 2 8 0 0 0 0 0 0 0 0 0 0 0 10480 0 0 1
ctxt 177372095
btime 1610463534
processes 898919
procs_running 1
procs_blocked 0
softirq 56843459 286 27101534 9071 236 454992 0 40471 8578897 0 20657972
MemTotal:        7561120 kB
MemFree:         3980676 kB
MemAvailable:    5769024 kB
Buffers:            2020 kB
Cached:          2012668 kB
SwapCached:        22620 kB
Active:           398620 kB
Inactive:        1883084 kB
Active(anon):     216320 kB
Inactive(anon):   217372 kB
Active(file):     182300 kB
Inactive(file):  1665712 kB
Unevictable:      165300 kB
Mlocked:          165300 kB
SwapTotal:       4145148 kB
SwapFree:        3509808 kB
Dirty:             32712 kB
Writeback:             0 kB
AnonPages:        429884 kB
Mapped:           317376 kB
Shmem:              2572 kB
Slab:             267760 kB
SReclaimable:      59828 kB
SUnreclaim:       207932 kB
KernelStack:       43296 kB
PageTables:        62944 kB
NFS_Unstable:          0 kB
Bounce:                0 kB
WritebackTmp:          0 kB
CommitLimit:     7925708 kB
Committed_AS:   68417836 kB
VmallocTotal:   263061440 kB
VmallocUsed:      105496 kB
VmallocChunk:          0 kB
Percpu:             2816 kB
CmaTotal:         262144 kB
CmaFree:          106052 kB

END


NEW DATA 1610553619656
usb_current 179390
usb_voltage 5064704
battery_current -2136
battery_voltage 4438502

system status
cpu  4537540 105334 3957407 10836779 3515 197926 67843 0 0 0
cpu0 634866 14539 471426 7401468 1509 53304 12101 0 0 0
cpu1 672320 13956 383071 566129 340 48537 12132 0 0 0
cpu2 527879 2610 305183 562890 202 18487 8890 0 0 0
cpu3 513887 3440 283421 565992 174 18186 9833 0 0 0
cpu4 489607 12759 267989 572355 127 19240 9579 0 0 0
cpu5 495175 14116 256039 545011 207 17298 8386 0 0 0
cpu6 621201 19215 992379 309649 489 11898 3807 0 0 0
cpu7 582603 24694 997895 313280 463 10973 3111 0 0 0
intr 139507664 0 0 0 28997758 0 5157934 0 11 11 588077 115452 0 0 5828155 522 118137 0 0 0 0 0 0 0 0 0 0 0 0 0 0 0 0 0 0 0 0 0 0 23 33 0 0 0 0 0 0 0 0 0 0 0 0 6 0 0 0 0 0 0 0 0 0 0 0 0 0 0 396288 0 0 0 0 0 0 0 0 257252 0 0 0 0 0 0 0 0 0 0 0 0 0 0 0 0 0 0 0 0 1 0 33 0 0 0 0 5 397 4 1 12 0 0 559 86 0 1438548 1212952 0 0 6 1 21282 2158 0 0 0 0 0 0 0 16388 1 799 0 3 0 0 7332 0 0 0 0 1 11 0 0 0 0 75 91 1 0 2 0 2 0 2 0 2 3 0 0 1 0 0 0 0 0 0 0 0 0 0 0 0 0 0 0 0 0 0 0 0 0 0 0 0 0 0 0 0 0 0 0 0 0 0 0 0 0 0 0 0 0 0 0 0 0 0 0 0 0 0 0 0 0 0 0 0 0 0 0 0 0 0 0 0 0 0 0 0 0 0 0 0 0 0 0 0 0 0 0 0 0 0 0 0 0 0 0 0 0 0 0 0 0 0 0 0 0 0 0 0 0 0 5 0 0 0 0 0 0 0 0 0 641 0 0 0 0 0 0 0 0 0 0 0 0 2438 478 0 1368630 0 0 0 25 11479 0 0 0 0 0 0 0 0 0 1 0 1 0 1 0 1 0 1 0 1 0 0 192 0 290716 0 153 0 95 0 0 0 0 0 0 0 0 0 0 0 3 0 4844 0 0 7 0 0 0 0 0 0 0 0 0 0 4 21 0 1 0 0 0 0 0 0 0 0 1 2 0 2 0 3 79 0 0 0 0 0 0 0 0 0 5 0 0 2 0 0 10520 1314 0 166 0 0 0 0 34 0 0 0 63 1324 131 0 0 175 106697 74 2 8 0 0 0 0 0 0 0 0 0 0 0 10480 0 0 1
ctxt 177377957
btime 1610463534
processes 898928
procs_running 1
procs_blocked 0
softirq 56844205 286 27101783 9071 236 454992 0 40471 8579156 0 20658210
MemTotal:        7561120 kB
MemFree:         3980592 kB
MemAvailable:    5767804 kB
Buffers:            2020 kB
Cached:          2011584 kB
SwapCached:        22620 kB
Active:           397704 kB
Inactive:        1881996 kB
Active(anon):     215420 kB
Inactive(anon):   217372 kB
Active(file):     182284 kB
Inactive(file):  1664624 kB
Unevictable:      165300 kB
Mlocked:          165300 kB
SwapTotal:       4145148 kB
SwapFree:        3509808 kB
Dirty:             45060 kB
Writeback:             0 kB
AnonPages:        429008 kB
Mapped:           317344 kB
Shmem:              2572 kB
Slab:             267724 kB
SReclaimable:      59796 kB
SUnreclaim:       207928 kB
KernelStack:       43328 kB
PageTables:        63060 kB
NFS_Unstable:          0 kB
Bounce:                0 kB
WritebackTmp:          0 kB
CommitLimit:     7925708 kB
Committed_AS:   68417836 kB
VmallocTotal:   263061440 kB
VmallocUsed:      105480 kB
VmallocChunk:          0 kB
Percpu:             2816 kB
CmaTotal:         262144 kB
CmaFree:          106308 kB

END


NEW DATA 1610553619997
usb_current 140785
usb_voltage 5061584
battery_current -2136
battery_voltage 4438502

system status
cpu  4537552 105334 3957449 10836983 3515 197931 67844 0 0 0
cpu0 634871 14539 471437 7401482 1509 53306 12101 0 0 0
cpu1 672322 13956 383079 566151 340 48538 12133 0 0 0
cpu2 527879 2610 305190 562915 202 18487 8890 0 0 0
cpu3 513887 3440 283429 566017 174 18186 9833 0 0 0
cpu4 489609 12759 267992 572380 127 19240 9580 0 0 0
cpu5 495176 14116 256042 545038 207 17299 8386 0 0 0
cpu6 621201 19215 992379 309683 489 11898 3807 0 0 0
cpu7 582603 24694 997896 313312 463 10973 3111 0 0 0
intr 139511510 0 0 0 28998063 0 5157983 0 11 11 588077 115454 0 0 5828293 522 118138 0 0 0 0 0 0 0 0 0 0 0 0 0 0 0 0 0 0 0 0 0 0 23 33 0 0 0 0 0 0 0 0 0 0 0 0 6 0 0 0 0 0 0 0 0 0 0 0 0 0 0 396290 0 0 0 0 0 0 0 0 257252 0 0 0 0 0 0 0 0 0 0 0 0 0 0 0 0 0 0 0 0 1 0 33 0 0 0 0 5 397 4 1 12 0 0 559 86 0 1438577 1212985 0 0 6 1 21282 2158 0 0 0 0 0 0 0 16388 1 799 0 3 0 0 7332 0 0 0 0 1 11 0 0 0 0 75 91 1 0 2 0 2 0 2 0 2 3 0 0 1 0 0 0 0 0 0 0 0 0 0 0 0 0 0 0 0 0 0 0 0 0 0 0 0 0 0 0 0 0 0 0 0 0 0 0 0 0 0 0 0 0 0 0 0 0 0 0 0 0 0 0 0 0 0 0 0 0 0 0 0 0 0 0 0 0 0 0 0 0 0 0 0 0 0 0 0 0 0 0 0 0 0 0 0 0 0 0 0 0 0 0 0 0 0 0 0 0 0 0 0 0 0 5 0 0 0 0 0 0 0 0 0 641 0 0 0 0 0 0 0 0 0 0 0 0 2438 478 0 1368630 0 0 0 25 11480 0 0 0 0 0 0 0 0 0 1 0 1 0 1 0 1 0 1 0 1 0 0 192 0 291533 0 153 0 95 0 0 0 0 0 0 0 0 0 0 0 3 0 4845 0 0 7 0 0 0 0 0 0 0 0 0 0 4 21 0 1 0 0 0 0 0 0 0 0 1 2 0 2 0 3 79 0 0 0 0 0 0 0 0 0 5 0 0 2 0 0 10520 1314 0 166 0 0 0 0 34 0 0 0 63 1324 131 0 0 175 106699 74 2 8 0 0 0 0 0 0 0 0 0 0 0 10480 0 0 1
ctxt 177383596
btime 1610463534
processes 898937
procs_running 4
procs_blocked 0
softirq 56844868 286 27102007 9071 236 454992 0 40471 8579386 0 20658419
MemTotal:        7561120 kB
MemFree:         4011956 kB
MemAvailable:    5762888 kB
Buffers:            2020 kB
Cached:          1979600 kB
SwapCached:        22620 kB
Active:           397708 kB
Inactive:        1849876 kB
Active(anon):     215504 kB
Inactive(anon):   217372 kB
Active(file):     182204 kB
Inactive(file):  1632504 kB
Unevictable:      165300 kB
Mlocked:          165300 kB
SwapTotal:       4145148 kB
SwapFree:        3509808 kB
Dirty:             57280 kB
Writeback:             0 kB
AnonPages:        428892 kB
Mapped:           317336 kB
Shmem:              2572 kB
Slab:             267716 kB
SReclaimable:      59764 kB
SUnreclaim:       207952 kB
KernelStack:       43360 kB
PageTables:        63176 kB
NFS_Unstable:          0 kB
Bounce:                0 kB
WritebackTmp:          0 kB
CommitLimit:     7925708 kB
Committed_AS:   68418524 kB
VmallocTotal:   263061440 kB
VmallocUsed:      105480 kB
VmallocChunk:          0 kB
Percpu:             2816 kB
CmaTotal:         262144 kB
CmaFree:          106676 kB

END


NEW DATA 1610553620335
usb_current 217990
usb_voltage 5071968
battery_current -2136
battery_voltage 4438502

system status
cpu  4537566 105334 3957487 10837188 3515 197934 67845 0 0 0
cpu0 634877 14539 471448 7401498 1509 53309 12101 0 0 0
cpu1 672323 13956 383082 566178 340 48539 12133 0 0 0
cpu2 527879 2610 305193 562945 202 18487 8890 0 0 0
cpu3 513888 3440 283434 566041 174 18186 9833 0 0 0
cpu4 489614 12759 267998 572401 127 19240 9580 0 0 0
cpu5 495178 14116 256048 545063 207 17299 8386 0 0 0
cpu6 621201 19215 992379 309717 489 11898 3807 0 0 0
cpu7 582603 24694 997901 313341 463 10973 3111 0 0 0
intr 139515552 0 0 0 28998380 0 5158024 0 11 11 588077 115457 0 0 5828439 522 118138 0 0 0 0 0 0 0 0 0 0 0 0 0 0 0 0 0 0 0 0 0 0 23 33 0 0 0 0 0 0 0 0 0 0 0 0 6 0 0 0 0 0 0 0 0 0 0 0 0 0 0 396292 0 0 0 0 0 0 0 0 257252 0 0 0 0 0 0 0 0 0 0 0 0 0 0 0 0 0 0 0 0 1 0 33 0 0 0 0 5 397 4 1 12 0 0 559 86 0 1438602 1213014 0 0 6 1 21282 2158 0 0 0 0 0 0 0 16388 1 799 0 3 0 0 7332 0 0 0 0 1 11 0 0 0 0 75 91 1 0 2 0 2 0 2 0 2 3 0 0 1 0 0 0 0 0 0 0 0 0 0 0 0 0 0 0 0 0 0 0 0 0 0 0 0 0 0 0 0 0 0 0 0 0 0 0 0 0 0 0 0 0 0 0 0 0 0 0 0 0 0 0 0 0 0 0 0 0 0 0 0 0 0 0 0 0 0 0 0 0 0 0 0 0 0 0 0 0 0 0 0 0 0 0 0 0 0 0 0 0 0 0 0 0 0 0 0 0 0 0 0 0 0 5 0 0 0 0 0 0 0 0 0 641 0 0 0 0 0 0 0 0 0 0 0 0 2438 478 0 1368630 0 0 0 25 11480 0 0 0 0 0 0 0 0 0 1 0 1 0 1 0 1 0 1 0 1 0 0 192 0 292343 0 153 0 95 0 0 0 0 0 0 0 0 0 0 0 3 0 4845 0 0 7 0 0 0 0 0 0 0 0 0 0 4 21 0 1 0 0 0 0 0 0 0 0 1 2 0 2 0 3 79 0 0 0 0 0 0 0 0 0 5 0 0 2 0 0 10520 1314 0 166 0 0 0 0 34 0 0 0 63 1324 131 0 0 175 106702 74 2 8 0 0 0 0 0 0 0 0 0 0 0 10480 0 0 1
ctxt 177389331
btime 1610463534
processes 898946
procs_running 2
procs_blocked 0
softirq 56845496 286 27102225 9071 236 454992 0 40471 8579608 0 20658607
MemTotal:        7561120 kB
MemFree:         4019008 kB
MemAvailable:    5768572 kB
Buffers:            2020 kB
Cached:          1973932 kB
SwapCached:        22620 kB
Active:           397412 kB
Inactive:        1844288 kB
Active(anon):     215244 kB
Inactive(anon):   217372 kB
Active(file):     182168 kB
Inactive(file):  1626916 kB
Unevictable:      165300 kB
Mlocked:          165300 kB
SwapTotal:       4145148 kB
SwapFree:        3509808 kB
Dirty:             69520 kB
Writeback:             0 kB
AnonPages:        429004 kB
Mapped:           317300 kB
Shmem:              2572 kB
Slab:             268092 kB
SReclaimable:      60116 kB
SUnreclaim:       207976 kB
KernelStack:       43296 kB
PageTables:        62948 kB
NFS_Unstable:          0 kB
Bounce:                0 kB
WritebackTmp:          0 kB
CommitLimit:     7925708 kB
Committed_AS:   68416776 kB
VmallocTotal:   263061440 kB
VmallocUsed:      105480 kB
VmallocChunk:          0 kB
Percpu:             2816 kB
CmaTotal:         262144 kB
CmaFree:          106140 kB

END


NEW DATA 1610553620669
usb_current 134945
usb_voltage 5064704
battery_current -2136
battery_voltage 4438502

system status
cpu  4537583 105334 3957528 10837390 3515 197938 67846 0 0 0
cpu0 634880 14539 471458 7401515 1509 53311 12101 0 0 0
cpu1 672326 13956 383094 566201 340 48540 12133 0 0 0
cpu2 527881 2610 305197 562971 202 18487 8890 0 0 0
cpu3 513888 3440 283438 566067 174 18186 9833 0 0 0
cpu4 489620 12759 268003 572421 127 19240 9580 0 0 0
cpu5 495181 14116 256053 545088 207 17299 8386 0 0 0
cpu6 621201 19215 992379 309750 489 11898 3807 0 0 0
cpu7 582603 24694 997901 313374 463 10973 3111 0 0 0
intr 139519708 0 0 0 28998705 0 5158063 0 11 11 588077 115458 0 0 5828591 522 118139 0 0 0 0 0 0 0 0 0 0 0 0 0 0 0 0 0 0 0 0 0 0 23 33 0 0 0 0 0 0 0 0 0 0 0 0 6 0 0 0 0 0 0 0 0 0 0 0 0 0 0 396294 0 0 0 0 0 0 0 0 257252 0 0 0 0 0 0 0 0 0 0 0 0 0 0 0 0 0 0 0 0 1 0 33 0 0 0 0 5 397 4 1 12 0 0 559 86 0 1438637 1213049 0 0 6 1 21282 2158 0 0 0 0 0 0 0 16388 1 799 0 3 0 0 7332 0 0 0 0 1 11 0 0 0 0 75 91 1 0 2 0 2 0 2 0 2 3 0 0 1 0 0 0 0 0 0 0 0 0 0 0 0 0 0 0 0 0 0 0 0 0 0 0 0 0 0 0 0 0 0 0 0 0 0 0 0 0 0 0 0 0 0 0 0 0 0 0 0 0 0 0 0 0 0 0 0 0 0 0 0 0 0 0 0 0 0 0 0 0 0 0 0 0 0 0 0 0 0 0 0 0 0 0 0 0 0 0 0 0 0 0 0 0 0 0 0 0 0 0 0 0 0 5 0 0 0 0 0 0 0 0 0 641 0 0 0 0 0 0 0 0 0 0 0 0 2438 478 0 1368630 0 0 0 25 11480 0 0 0 0 0 0 0 0 0 1 0 1 0 1 0 1 0 1 0 1 0 0 192 0 293146 0 153 0 95 0 0 0 0 0 0 0 0 0 0 0 3 0 4845 0 0 7 0 0 0 0 0 0 0 0 0 0 4 21 0 1 0 0 0 0 0 0 0 0 1 2 0 2 0 3 79 0 0 0 0 0 0 0 0 0 5 0 0 2 0 0 10520 1314 0 166 0 0 0 0 34 0 0 0 63 1324 131 0 0 175 106703 74 2 8 0 0 0 0 0 0 0 0 0 0 0 10480 0 0 1
ctxt 177394986
btime 1610463534
processes 898955
procs_running 1
procs_blocked 0
softirq 56846166 286 27102463 9071 236 454992 0 40471 8579835 0 20658812
MemTotal:        7561120 kB
MemFree:         4006596 kB
MemAvailable:    5768464 kB
Buffers:            2020 kB
Cached:          1986148 kB
SwapCached:        22620 kB
Active:           397416 kB
Inactive:        1856564 kB
Active(anon):     215252 kB
Inactive(anon):   217372 kB
Active(file):     182164 kB
Inactive(file):  1639192 kB
Unevictable:      165300 kB
Mlocked:          165300 kB
SwapTotal:       4145148 kB
SwapFree:        3509808 kB
Dirty:             81832 kB
Writeback:             0 kB
AnonPages:        429124 kB
Mapped:           317332 kB
Shmem:              2572 kB
Slab:             268152 kB
SReclaimable:      60148 kB
SUnreclaim:       208004 kB
KernelStack:       43296 kB
PageTables:        62932 kB
NFS_Unstable:          0 kB
Bounce:                0 kB
WritebackTmp:          0 kB
CommitLimit:     7925708 kB
Committed_AS:   68418524 kB
VmallocTotal:   263061440 kB
VmallocUsed:      105480 kB
VmallocChunk:          0 kB
Percpu:             2816 kB
CmaTotal:         262144 kB
CmaFree:          106668 kB

END


NEW DATA 1610553621009
usb_current 165115
usb_voltage 5071968
battery_current -2136
battery_voltage 4438502

system status
cpu  4537597 105334 3957568 10837602 3515 197943 67847 0 0 0
cpu0 634883 14539 471471 7401531 1509 53314 12102 0 0 0
cpu1 672327 13956 383104 566225 340 48541 12133 0 0 0
cpu2 527884 2610 305200 562995 202 18487 8890 0 0 0
cpu3 513890 3440 283444 566093 174 18187 9834 0 0 0
cpu4 489622 12759 268007 572446 127 19240 9580 0 0 0
cpu5 495183 14116 256057 545117 207 17299 8386 0 0 0
cpu6 621201 19215 992379 309785 489 11898 3807 0 0 0
cpu7 582603 24694 997902 313407 463 10973 3111 0 0 0
intr 139523789 0 0 0 28998987 0 5158101 0 11 11 588077 115460 0 0 5828726 522 118139 0 0 0 0 0 0 0 0 0 0 0 0 0 0 0 0 0 0 0 0 0 0 23 33 0 0 0 0 0 0 0 0 0 0 0 0 6 0 0 0 0 0 0 0 0 0 0 0 0 0 0 396298 0 0 0 0 0 0 0 0 257257 0 0 0 0 0 0 0 0 0 0 0 0 0 0 0 0 0 0 0 0 1 0 33 0 0 0 0 5 397 4 1 12 0 0 559 86 0 1438674 1213083 0 0 6 1 21282 2158 0 0 0 0 0 0 0 16388 1 799 0 3 0 0 7332 0 0 0 0 1 11 0 0 0 0 75 91 1 0 2 0 2 0 2 0 2 3 0 0 1 0 0 0 0 0 0 0 0 0 0 0 0 0 0 0 0 0 0 0 0 0 0 0 0 0 0 0 0 0 0 0 0 0 0 0 0 0 0 0 0 0 0 0 0 0 0 0 0 0 0 0 0 0 0 0 0 0 0 0 0 0 0 0 0 0 0 0 0 0 0 0 0 0 0 0 0 0 0 0 0 0 0 0 0 0 0 0 0 0 0 0 0 0 0 0 0 0 0 0 0 0 0 5 0 0 0 0 0 0 0 0 0 641 0 0 0 0 0 0 0 0 0 0 0 0 2438 478 0 1368630 0 0 0 25 11480 0 0 0 0 0 0 0 0 0 1 0 1 0 1 0 1 0 1 0 1 0 0 192 0 293984 0 153 0 95 0 0 0 0 0 0 0 0 0 0 0 3 0 4845 0 0 7 0 0 0 0 0 0 0 0 0 0 4 21 0 1 0 0 0 0 0 0 0 0 1 2 0 2 0 3 79 0 0 0 0 0 0 0 0 0 5 0 0 2 0 0 10520 1314 0 166 0 0 0 0 34 0 0 0 63 1324 131 0 0 175 106705 74 2 8 0 0 0 0 0 0 0 0 0 0 0 10480 0 0 1
ctxt 177400703
btime 1610463534
processes 898964
procs_running 2
procs_blocked 0
softirq 56846792 286 27102682 9071 236 454992 0 40471 8580053 0 20659001
MemTotal:        7561120 kB
MemFree:         3994052 kB
MemAvailable:    5768200 kB
Buffers:            2020 kB
Cached:          1998448 kB
SwapCached:        22620 kB
Active:           397360 kB
Inactive:        1868860 kB
Active(anon):     215196 kB
Inactive(anon):   217372 kB
Active(file):     182164 kB
Inactive(file):  1651488 kB
Unevictable:      165300 kB
Mlocked:          165300 kB
SwapTotal:       4145148 kB
SwapFree:        3509808 kB
Dirty:             94228 kB
Writeback:             0 kB
AnonPages:        429136 kB
Mapped:           317212 kB
Shmem:              2572 kB
Slab:             268140 kB
SReclaimable:      60148 kB
SUnreclaim:       207992 kB
KernelStack:       43312 kB
PageTables:        62976 kB
NFS_Unstable:          0 kB
Bounce:                0 kB
WritebackTmp:          0 kB
CommitLimit:     7925708 kB
Committed_AS:   68417836 kB
VmallocTotal:   263061440 kB
VmallocUsed:      105512 kB
VmallocChunk:          0 kB
Percpu:             2816 kB
CmaTotal:         262144 kB
CmaFree:          106264 kB

END


NEW DATA 1610553621371
usb_current 99260
usb_voltage 5060544
battery_current -2136
battery_voltage 4438307

system status
cpu  4537617 105334 3957616 10837842 3515 197947 67848 0 0 0
cpu0 634889 14539 471480 7401552 1509 53317 12102 0 0 0
cpu1 672330 13956 383110 566252 340 48541 12133 0 0 0
cpu2 527884 2610 305205 563032 202 18487 8890 0 0 0
cpu3 513894 3440 283450 566122 174 18187 9834 0 0 0
cpu4 489625 12759 268014 572473 127 19241 9581 0 0 0
cpu5 495189 14116 256068 545140 207 17299 8387 0 0 0
cpu6 621201 19215 992379 309825 489 11898 3807 0 0 0
cpu7 582603 24694 997906 313443 463 10973 3111 0 0 0
intr 139528525 0 0 0 28999325 0 5158139 0 11 11 588077 115463 0 0 5828884 522 118139 0 0 0 0 0 0 0 0 0 0 0 0 0 0 0 0 0 0 0 0 0 0 23 33 0 0 0 0 0 0 0 0 0 0 0 0 6 0 0 0 0 0 0 0 0 0 0 0 0 0 0 396300 0 0 0 0 0 0 0 0 257257 0 0 0 0 0 0 0 0 0 0 0 0 0 0 0 0 0 0 0 0 1 0 33 0 0 0 0 5 397 4 1 12 0 0 559 86 0 1438711 1213121 0 0 6 1 21282 2158 0 0 0 0 0 0 0 16388 1 799 0 3 0 0 7332 0 0 0 0 1 11 0 0 0 0 75 91 1 0 2 0 2 0 2 0 2 3 0 0 1 0 0 0 0 0 0 0 0 0 0 0 0 0 0 0 0 0 0 0 0 0 0 0 0 0 0 0 0 0 0 0 0 0 0 0 0 0 0 0 0 0 0 0 0 0 0 0 0 0 0 0 0 0 0 0 0 0 0 0 0 0 0 0 0 0 0 0 0 0 0 0 0 0 0 0 0 0 0 0 0 0 0 0 0 0 0 0 0 0 0 0 0 0 0 0 0 0 0 0 0 0 0 5 0 0 0 0 0 0 0 0 0 641 0 0 0 0 0 0 0 0 0 0 0 0 2438 478 0 1368630 0 0 0 25 11480 0 0 0 0 0 0 0 0 0 1 0 1 0 1 0 1 0 1 0 1 0 0 192 0 294950 0 153 0 95 0 0 0 0 0 0 0 0 0 0 0 3 0 4845 0 0 7 0 0 0 0 0 0 0 0 0 0 4 21 0 1 0 0 0 0 0 0 0 0 1 2 0 2 0 3 79 0 0 0 0 0 0 0 0 0 5 0 0 2 0 0 10520 1314 0 166 0 0 0 0 34 0 0 0 63 1324 131 0 0 175 106708 74 2 8 0 0 0 0 0 0 0 0 0 0 0 10480 0 0 1
ctxt 177407445
btime 1610463534
processes 898973
procs_running 3
procs_blocked 0
softirq 56847497 286 27102923 9071 236 454992 0 40471 8580307 0 20659211
MemTotal:        7561120 kB
MemFree:         3984996 kB
MemAvailable:    5769444 kB
Buffers:            2020 kB
Cached:          2008604 kB
SwapCached:        22620 kB
Active:           396796 kB
Inactive:        1879152 kB
Active(anon):     214632 kB
Inactive(anon):   217372 kB
Active(file):     182164 kB
Inactive(file):  1661780 kB
Unevictable:      165300 kB
Mlocked:          165300 kB
SwapTotal:       4145148 kB
SwapFree:        3509808 kB
Dirty:            109204 kB
Writeback:             0 kB
AnonPages:        428348 kB
Mapped:           317300 kB
Shmem:              2572 kB
Slab:             268100 kB
SReclaimable:      60132 kB
SUnreclaim:       207968 kB
KernelStack:       43312 kB
PageTables:        62996 kB
NFS_Unstable:          0 kB
Bounce:                0 kB
WritebackTmp:          0 kB
CommitLimit:     7925708 kB
Committed_AS:   68417836 kB
VmallocTotal:   263061440 kB
VmallocUsed:      105496 kB
VmallocChunk:          0 kB
Percpu:             2816 kB
CmaTotal:         262144 kB
CmaFree:          106684 kB

END


NEW DATA 1610553621772
usb_current 170305
usb_voltage 5057424
battery_current -1220
battery_voltage 4438112

system status
cpu  4537634 105334 3957657 10838061 3515 197952 67848 0 0 0
cpu0 634892 14539 471489 7401571 1509 53320 12102 0 0 0
cpu1 672334 13956 383117 566273 340 48542 12133 0 0 0
cpu2 527887 2610 305212 563057 202 18488 8890 0 0 0
cpu3 513895 3440 283453 566153 174 18187 9834 0 0 0
cpu4 489628 12759 268023 572500 127 19241 9581 0 0 0
cpu5 495190 14116 256074 545166 207 17299 8387 0 0 0
cpu6 621201 19215 992379 309861 489 11898 3807 0 0 0
cpu7 582603 24694 997907 313478 463 10974 3111 0 0 0
intr 139532807 0 0 0 28999638 0 5158187 0 11 11 588077 115465 0 0 5829040 522 118142 0 0 0 0 0 0 0 0 0 0 0 0 0 0 0 0 0 0 0 0 0 0 23 33 0 0 0 0 0 0 0 0 0 0 0 0 6 0 0 0 0 0 0 0 0 0 0 0 0 0 0 396305 0 0 0 0 0 0 0 0 257257 0 0 0 0 0 0 0 0 0 0 0 0 0 0 0 0 0 0 0 0 1 0 33 0 0 0 0 5 397 4 1 12 0 0 559 86 0 1438748 1213159 0 0 6 1 21282 2158 0 0 0 0 0 0 0 16388 1 799 0 3 0 0 7332 0 0 0 0 1 11 0 0 0 0 75 91 1 0 2 0 2 0 2 0 2 3 0 0 1 0 0 0 0 0 0 0 0 0 0 0 0 0 0 0 0 0 0 0 0 0 0 0 0 0 0 0 0 0 0 0 0 0 0 0 0 0 0 0 0 0 0 0 0 0 0 0 0 0 0 0 0 0 0 0 0 0 0 0 0 0 0 0 0 0 0 0 0 0 0 0 0 0 0 0 0 0 0 0 0 0 0 0 0 0 0 0 0 0 0 0 0 0 0 0 0 0 0 0 0 0 0 5 0 0 0 0 0 0 0 0 0 641 0 0 0 0 0 0 0 0 0 0 0 0 2438 478 0 1368630 0 0 0 25 11480 0 0 0 0 0 0 0 0 0 1 0 1 0 1 0 1 0 1 0 1 0 0 192 0 295809 0 153 0 95 0 0 0 0 0 0 0 0 0 0 0 3 0 4845 0 0 7 0 0 0 0 0 0 0 0 0 0 4 21 0 1 0 0 0 0 0 0 0 0 1 2 0 2 0 3 79 0 0 0 0 0 0 0 0 0 5 0 0 2 0 0 10520 1314 0 166 0 0 0 0 34 0 0 0 63 1325 131 0 0 175 106710 74 2 8 0 0 0 0 0 0 0 0 0 0 0 10480 0 0 1
ctxt 177413450
btime 1610463534
processes 898982
procs_running 2
procs_blocked 0
softirq 56848197 286 27103150 9071 236 454992 0 40471 8580553 0 20659438
MemTotal:        7561120 kB
MemFree:         3981912 kB
MemAvailable:    5770564 kB
Buffers:            2020 kB
Cached:          2012948 kB
SwapCached:        22620 kB
Active:           397692 kB
Inactive:        1883424 kB
Active(anon):     215532 kB
Inactive(anon):   217372 kB
Active(file):     182160 kB
Inactive(file):  1666052 kB
Unevictable:      165300 kB
Mlocked:          165300 kB
SwapTotal:       4145148 kB
SwapFree:        3509808 kB
Dirty:            122412 kB
Writeback:             0 kB
AnonPages:        428932 kB
Mapped:           317328 kB
Shmem:              2572 kB
Slab:             268028 kB
SReclaimable:      60068 kB
SUnreclaim:       207960 kB
KernelStack:       43344 kB
PageTables:        63112 kB
NFS_Unstable:          0 kB
Bounce:                0 kB
WritebackTmp:          0 kB
CommitLimit:     7925708 kB
Committed_AS:   68417836 kB
VmallocTotal:   263061440 kB
VmallocUsed:      105480 kB
VmallocChunk:          0 kB
Percpu:             2816 kB
CmaTotal:         262144 kB
CmaFree:          107024 kB

END


NEW DATA 1610553622114
usb_current 198205
usb_voltage 5058464
battery_current -1220
battery_voltage 4438112

system status
cpu  4537647 105334 3957697 10838267 3515 197956 67849 0 0 0
cpu0 634895 14539 471497 7401589 1509 53322 12102 0 0 0
cpu1 672335 13956 383127 566296 340 48543 12133 0 0 0
cpu2 527888 2610 305215 563082 202 18488 8891 0 0 0
cpu3 513901 3440 283461 566171 174 18187 9834 0 0 0
cpu4 489628 12759 268027 572531 127 19241 9581 0 0 0
cpu5 495193 14116 256079 545189 207 17300 8387 0 0 0
cpu6 621201 19215 992379 309895 489 11898 3807 0 0 0
cpu7 582604 24694 997908 313510 463 10974 3111 0 0 0
intr 139536581 0 0 0 28999933 0 5158244 0 11 11 588077 115468 0 0 5829163 522 118142 0 0 0 0 0 0 0 0 0 0 0 0 0 0 0 0 0 0 0 0 0 0 23 33 0 0 0 0 0 0 0 0 0 0 0 0 6 0 0 0 0 0 0 0 0 0 0 0 0 0 0 396307 0 0 0 0 0 0 0 0 257257 0 0 0 0 0 0 0 0 0 0 0 0 0 0 0 0 0 0 0 0 1 0 33 0 0 0 0 5 397 4 1 12 0 0 559 86 0 1438780 1213190 0 0 6 1 21282 2158 0 0 0 0 0 0 0 16388 1 799 0 3 0 0 7332 0 0 0 0 1 11 0 0 0 0 75 91 1 0 2 0 2 0 2 0 2 3 0 0 1 0 0 0 0 0 0 0 0 0 0 0 0 0 0 0 0 0 0 0 0 0 0 0 0 0 0 0 0 0 0 0 0 0 0 0 0 0 0 0 0 0 0 0 0 0 0 0 0 0 0 0 0 0 0 0 0 0 0 0 0 0 0 0 0 0 0 0 0 0 0 0 0 0 0 0 0 0 0 0 0 0 0 0 0 0 0 0 0 0 0 0 0 0 0 0 0 0 0 0 0 0 0 5 0 0 0 0 0 0 0 0 0 641 0 0 0 0 0 0 0 0 0 0 0 0 2438 478 0 1368630 0 0 0 25 11480 0 0 0 0 0 0 0 0 0 1 0 1 0 1 0 1 0 1 0 1 0 0 192 0 296588 0 153 0 95 0 0 0 0 0 0 0 0 0 0 0 3 0 4845 0 0 7 0 0 0 0 0 0 0 0 0 0 4 21 0 1 0 0 0 0 0 0 0 0 1 2 0 2 0 3 79 0 0 0 0 0 0 0 0 0 5 0 0 2 0 0 10520 1314 0 166 0 0 0 0 34 0 0 0 63 1325 131 0 0 175 106713 74 2 8 0 0 0 0 0 0 0 0 0 0 0 10480 0 0 1
ctxt 177418974
btime 1610463534
processes 898991
procs_running 3
procs_blocked 0
softirq 56848822 286 27103361 9071 236 454992 0 40471 8580774 0 20659631
MemTotal:        7561120 kB
MemFree:         3989532 kB
MemAvailable:    5771196 kB
Buffers:            2020 kB
Cached:          2006296 kB
SwapCached:        22620 kB
Active:           396856 kB
Inactive:        1876920 kB
Active(anon):     214684 kB
Inactive(anon):   217368 kB
Active(file):     182172 kB
Inactive(file):  1659552 kB
Unevictable:      165300 kB
Mlocked:          165300 kB
SwapTotal:       4145148 kB
SwapFree:        3509808 kB
Dirty:            133868 kB
Writeback:             0 kB
AnonPages:        428588 kB
Mapped:           317480 kB
Shmem:              2572 kB
Slab:             267920 kB
SReclaimable:      59956 kB
SUnreclaim:       207964 kB
KernelStack:       43312 kB
PageTables:        63024 kB
NFS_Unstable:          0 kB
Bounce:                0 kB
WritebackTmp:          0 kB
CommitLimit:     7925708 kB
Committed_AS:   68416776 kB
VmallocTotal:   263061440 kB
VmallocUsed:      105480 kB
VmallocChunk:          0 kB
Percpu:             2816 kB
CmaTotal:         262144 kB
CmaFree:          107076 kB

END


NEW DATA 1610553622440
usb_current 501835
usb_voltage 4985808
battery_current -1220
battery_voltage 4438112

system status
cpu  4537660 105334 3957744 10838438 3519 197960 67852 0 0 0
cpu0 634897 14539 471501 7401608 1509 53325 12103 0 0 0
cpu1 672339 13956 383140 566308 340 48544 12133 0 0 0
cpu2 527888 2610 305219 563106 202 18488 8891 0 0 0
cpu3 513905 3440 283470 566191 174 18187 9834 0 0 0
cpu4 489628 12759 268034 572552 127 19241 9581 0 0 0
cpu5 495195 14116 256085 545210 207 17300 8387 0 0 0
cpu6 621201 19215 992381 309925 489 11898 3807 0 0 0
cpu7 582604 24694 997911 313533 468 10974 3111 0 0 0
intr 139540822 0 0 0 29000245 0 5158267 0 11 11 588192 115469 0 0 5829292 522 118142 0 0 0 0 0 0 0 0 0 0 0 0 0 0 0 0 0 0 0 0 0 0 23 33 0 0 0 0 0 0 0 0 0 0 0 0 6 0 0 0 0 0 0 0 0 0 0 0 0 0 0 396314 0 0 0 0 0 0 0 0 257257 0 0 0 0 0 0 0 0 0 0 0 0 0 0 0 0 0 0 0 0 1 0 33 0 0 0 0 5 397 4 1 12 0 0 559 86 0 1438811 1213220 0 0 6 1 21282 2158 0 0 0 0 0 0 0 16388 1 799 0 3 0 0 7332 0 0 0 0 1 11 0 0 0 0 75 91 1 0 2 0 2 0 2 0 2 3 0 0 1 0 0 0 0 0 0 0 0 0 0 0 0 0 0 0 0 0 0 0 0 0 0 0 0 0 0 0 0 0 0 0 0 0 0 0 0 0 0 0 0 0 0 0 0 0 0 0 0 0 0 0 0 0 0 0 0 0 0 0 0 0 0 0 0 0 0 0 0 0 0 0 0 0 0 0 0 0 0 0 0 0 0 0 0 0 0 0 0 0 0 0 0 0 0 0 0 0 0 0 0 0 0 5 0 0 0 0 0 0 0 0 0 641 0 0 0 0 0 0 0 0 0 0 0 0 2438 478 0 1368697 0 0 0 25 11480 0 0 0 0 0 0 0 0 0 1 0 1 0 1 0 1 0 1 0 1 0 0 192 0 297329 0 153 0 95 0 0 0 0 0 0 0 0 0 0 0 3 0 4845 0 0 7 0 0 0 0 0 0 0 0 0 0 4 21 0 1 0 0 0 0 0 0 0 0 1 2 0 2 0 3 79 0 0 0 0 0 0 0 0 0 5 0 0 2 0 0 10520 1314 0 166 0 0 0 0 34 0 0 0 63 1325 131 0 0 175 106714 74 2 8 0 0 0 0 0 0 0 0 0 0 0 10480 0 0 1
ctxt 177424426
btime 1610463534
processes 899001
procs_running 3
procs_blocked 0
softirq 56849621 286 27103609 9071 236 455081 0 40471 8581008 0 20659859
MemTotal:        7561120 kB
MemFree:         3993288 kB
MemAvailable:    5769172 kB
Buffers:            2020 kB
Cached:          2000044 kB
SwapCached:        22620 kB
Active:           397584 kB
Inactive:        1870572 kB
Active(anon):     215416 kB
Inactive(anon):   217368 kB
Active(file):     182168 kB
Inactive(file):  1653204 kB
Unevictable:      165300 kB
Mlocked:          165300 kB
SwapTotal:       4145148 kB
SwapFree:        3509808 kB
Dirty:             74272 kB
Writeback:         25320 kB
AnonPages:        429156 kB
Mapped:           317300 kB
Shmem:              2572 kB
Slab:             268264 kB
SReclaimable:      60148 kB
SUnreclaim:       208116 kB
KernelStack:       43312 kB
PageTables:        62948 kB
NFS_Unstable:          0 kB
Bounce:                0 kB
WritebackTmp:          0 kB
CommitLimit:     7925708 kB
Committed_AS:   68417464 kB
VmallocTotal:   263061440 kB
VmallocUsed:      105544 kB
VmallocChunk:          0 kB
Percpu:             2816 kB
CmaTotal:         262144 kB
CmaFree:          107304 kB

END


NEW DATA 1610553622775
usb_current 393490
usb_voltage 5004496
battery_current -1220
battery_voltage 4438112

system status
cpu  4537675 105337 3957784 10838642 3521 197965 67854 0 0 0
cpu0 634899 14542 471505 7401629 1509 53328 12104 0 0 0
cpu1 672339 13956 383144 566334 340 48545 12133 0 0 0
cpu2 527891 2610 305226 563125 204 18488 8891 0 0 0
cpu3 513909 3440 283478 566215 174 18187 9834 0 0 0
cpu4 489631 12759 268048 572573 127 19242 9581 0 0 0
cpu5 495197 14116 256088 545237 207 17300 8387 0 0 0
cpu6 621201 19215 992381 309960 489 11898 3807 0 0 0
cpu7 582604 24694 997912 313565 468 10974 3111 0 0 0
intr 139545240 0 0 0 29000565 0 5158328 0 11 11 588290 115471 0 0 5829451 522 118143 0 0 0 0 0 0 0 0 0 0 0 0 0 0 0 0 0 0 0 0 0 0 23 33 0 0 0 0 0 0 0 0 0 0 0 0 6 0 0 0 0 0 0 0 0 0 0 0 0 0 0 396319 0 0 0 0 0 0 0 0 257262 0 0 0 0 0 0 0 0 0 0 0 0 0 0 0 0 0 0 0 0 1 0 33 0 0 0 0 5 397 4 1 12 0 0 559 86 0 1438846 1213256 0 0 6 1 21282 2158 0 0 0 0 0 0 0 16388 1 799 0 3 0 0 7332 0 0 0 0 1 11 0 0 0 0 75 91 1 0 2 0 2 0 2 0 2 3 0 0 1 0 0 0 0 0 0 0 0 0 0 0 0 0 0 0 0 0 0 0 0 0 0 0 0 0 0 0 0 0 0 0 0 0 0 0 0 0 0 0 0 0 0 0 0 0 0 0 0 0 0 0 0 0 0 0 0 0 0 0 0 0 0 0 0 0 0 0 0 0 0 0 0 0 0 0 0 0 0 0 0 0 0 0 0 0 0 0 0 0 0 0 0 0 0 0 0 0 0 0 0 0 0 5 0 0 0 0 0 0 0 0 0 641 0 0 0 0 0 0 0 0 0 0 0 0 2438 478 0 1368697 0 0 0 25 11481 0 0 0 0 0 0 0 0 0 1 0 1 0 1 0 1 0 1 0 1 0 0 192 0 298132 0 153 0 95 0 0 0 0 0 0 0 0 0 0 0 3 0 4846 0 0 7 0 0 0 0 0 0 0 0 0 0 4 21 0 1 0 0 0 0 0 0 0 0 1 2 0 2 0 3 79 0 0 0 0 0 0 0 0 0 5 0 0 2 0 0 10520 1314 0 166 0 0 0 0 34 0 0 0 63 1325 131 0 0 175 106716 74 2 8 0 0 0 0 0 0 0 0 0 0 0 10480 0 0 1
ctxt 177430365
btime 1610463534
processes 899010
procs_running 2
procs_blocked 0
softirq 56850512 286 27103872 9071 236 455171 0 40471 8581282 0 20660123
MemTotal:        7561120 kB
MemFree:         3989976 kB
MemAvailable:    5764948 kB
Buffers:            2020 kB
Cached:          2003616 kB
SwapCached:        22620 kB
Active:           397396 kB
Inactive:        1873820 kB
Active(anon):     215236 kB
Inactive(anon):   217368 kB
Active(file):     182160 kB
Inactive(file):  1656452 kB
Unevictable:      165300 kB
Mlocked:          165300 kB
SwapTotal:       4145148 kB
SwapFree:        3509808 kB
Dirty:             86368 kB
Writeback:             0 kB
AnonPages:        429264 kB
Mapped:           317404 kB
Shmem:              2572 kB
Slab:             267944 kB
SReclaimable:      60036 kB
SUnreclaim:       207908 kB
KernelStack:       43328 kB
PageTables:        62988 kB
NFS_Unstable:          0 kB
Bounce:                0 kB
WritebackTmp:          0 kB
CommitLimit:     7925708 kB
Committed_AS:   68416776 kB
VmallocTotal:   263061440 kB
VmallocUsed:      105544 kB
VmallocChunk:          0 kB
Percpu:             2816 kB
CmaTotal:         262144 kB
CmaFree:          107008 kB

END


NEW DATA 1610553623112
usb_current 114835
usb_voltage 5055360
battery_current -1220
battery_voltage 4438112

system status
cpu  4537689 105337 3957818 10838850 3521 197969 67855 0 0 0
cpu0 634902 14542 471511 7401647 1509 53330 12105 0 0 0
cpu1 672342 13956 383147 566359 340 48545 12134 0 0 0
cpu2 527892 2610 305230 563153 204 18489 8891 0 0 0
cpu3 513911 3440 283482 566239 174 18188 9835 0 0 0
cpu4 489633 12759 268055 572595 127 19242 9581 0 0 0
cpu5 495200 14116 256096 545261 207 17300 8388 0 0 0
cpu6 621201 19215 992381 309994 489 11898 3807 0 0 0
cpu7 582604 24694 997913 313598 468 10974 3111 0 0 0
intr 139549266 0 0 0 29000867 0 5158372 0 11 11 588320 115474 0 0 5829612 522 118144 0 0 0 0 0 0 0 0 0 0 0 0 0 0 0 0 0 0 0 0 0 0 23 33 0 0 0 0 0 0 0 0 0 0 0 0 6 0 0 0 0 0 0 0 0 0 0 0 0 0 0 396321 0 0 0 0 0 0 0 0 257262 0 0 0 0 0 0 0 0 0 0 0 0 0 0 0 0 0 0 0 0 1 0 33 0 0 0 0 5 397 4 1 12 0 0 559 86 0 1438882 1213293 0 0 6 1 21282 2158 0 0 0 0 0 0 0 16388 1 799 0 3 0 0 7332 0 0 0 0 1 11 0 0 0 0 75 91 1 0 2 0 2 0 2 0 2 3 0 0 1 0 0 0 0 0 0 0 0 0 0 0 0 0 0 0 0 0 0 0 0 0 0 0 0 0 0 0 0 0 0 0 0 0 0 0 0 0 0 0 0 0 0 0 0 0 0 0 0 0 0 0 0 0 0 0 0 0 0 0 0 0 0 0 0 0 0 0 0 0 0 0 0 0 0 0 0 0 0 0 0 0 0 0 0 0 0 0 0 0 0 0 0 0 0 0 0 0 0 0 0 0 0 5 0 0 0 0 0 0 0 0 0 641 0 0 0 0 0 0 0 0 0 0 0 0 2438 478 0 1368697 0 0 0 25 11481 0 0 0 0 0 0 0 0 0 1 0 1 0 1 0 1 0 1 0 1 0 0 192 0 298937 0 153 0 95 0 0 0 0 0 0 0 0 0 0 0 3 0 4846 0 0 7 0 0 0 0 0 0 0 0 0 0 4 21 0 1 0 0 0 0 0 0 0 0 1 2 0 2 0 3 79 0 0 0 0 0 0 0 0 0 5 0 0 2 0 0 10520 1314 0 166 0 0 0 0 34 0 0 0 63 1325 131 0 0 175 106719 74 2 8 0 0 0 0 0 0 0 0 0 0 0 10480 0 0 1
ctxt 177436244
btime 1610463534
processes 899019
procs_running 5
procs_blocked 0
softirq 56851133 286 27104085 9071 236 455173 0 40471 8581500 0 20660311
MemTotal:        7561120 kB
MemFree:         3990664 kB
MemAvailable:    5768468 kB
Buffers:            2020 kB
Cached:          2002168 kB
SwapCached:        22620 kB
Active:           397676 kB
Inactive:        1872444 kB
Active(anon):     215516 kB
Inactive(anon):   217368 kB
Active(file):     182160 kB
Inactive(file):  1655076 kB
Unevictable:      165300 kB
Mlocked:          165300 kB
SwapTotal:       4145148 kB
SwapFree:        3509808 kB
Dirty:             99020 kB
Writeback:             0 kB
AnonPages:        429076 kB
Mapped:           317560 kB
Shmem:              2572 kB
Slab:             268216 kB
SReclaimable:      60296 kB
SUnreclaim:       207920 kB
KernelStack:       43312 kB
PageTables:        62948 kB
NFS_Unstable:          0 kB
Bounce:                0 kB
WritebackTmp:          0 kB
CommitLimit:     7925708 kB
Committed_AS:   68416088 kB
VmallocTotal:   263061440 kB
VmallocUsed:      105544 kB
VmallocChunk:          0 kB
Percpu:             2816 kB
CmaTotal:         262144 kB
CmaFree:          106140 kB

END


NEW DATA 1610553623492
usb_current 106400
usb_voltage 5052240
battery_current -1220
battery_voltage 4438112

system status
cpu  4537709 105337 3957863 10839089 3521 197975 67856 0 0 0
cpu0 634907 14542 471520 7401665 1509 53334 12105 0 0 0
cpu1 672345 13956 383155 566386 340 48546 12134 0 0 0
cpu2 527896 2610 305238 563182 204 18489 8892 0 0 0
cpu3 513915 3440 283487 566270 174 18188 9835 0 0 0
cpu4 489634 12759 268060 572623 127 19242 9582 0 0 0
cpu5 495204 14116 256105 545287 207 17301 8388 0 0 0
cpu6 621201 19215 992381 310035 489 11898 3807 0 0 0
cpu7 582605 24694 997914 313637 468 10974 3111 0 0 0
intr 139553991 0 0 0 29001228 0 5158445 0 11 11 588324 115476 0 0 5829809 522 118144 0 0 0 0 0 0 0 0 0 0 0 0 0 0 0 0 0 0 0 0 0 0 23 33 0 0 0 0 0 0 0 0 0 0 0 0 6 0 0 0 0 0 0 0 0 0 0 0 0 0 0 396323 0 0 0 0 0 0 0 0 257262 0 0 0 0 0 0 0 0 0 0 0 0 0 0 0 0 0 0 0 0 1 0 33 0 0 0 0 5 397 4 1 12 0 0 559 86 0 1438920 1213333 0 0 6 1 21282 2158 0 0 0 0 0 0 0 16388 1 799 0 3 0 0 7332 0 0 0 0 1 11 0 0 0 0 75 91 1 0 2 0 2 0 2 0 2 3 0 0 1 0 0 0 0 0 0 0 0 0 0 0 0 0 0 0 0 0 0 0 0 0 0 0 0 0 0 0 0 0 0 0 0 0 0 0 0 0 0 0 0 0 0 0 0 0 0 0 0 0 0 0 0 0 0 0 0 0 0 0 0 0 0 0 0 0 0 0 0 0 0 0 0 0 0 0 0 0 0 0 0 0 0 0 0 0 0 0 0 0 0 0 0 0 0 0 0 0 0 0 0 0 0 5 0 0 0 0 0 0 0 0 0 641 0 0 0 0 0 0 0 0 0 0 0 0 2438 478 0 1368697 0 0 0 25 11481 0 0 0 0 0 0 0 0 0 1 0 1 0 1 0 1 0 1 0 1 0 0 192 0 299910 0 153 0 95 0 0 0 0 0 0 0 0 0 0 0 3 0 4846 0 0 7 0 0 0 0 0 0 0 0 0 0 4 21 0 1 0 0 0 0 0 0 0 0 1 2 0 2 0 3 79 0 0 0 0 0 0 0 0 0 5 0 0 2 0 0 10520 1314 0 166 0 0 0 0 34 0 0 0 63 1325 131 0 0 175 106721 74 2 8 0 0 0 0 0 0 0 0 0 0 0 10480 0 0 1
ctxt 177443099
btime 1610463534
processes 899028
procs_running 2
procs_blocked 0
softirq 56851957 286 27104367 9072 236 455175 0 40471 8581787 0 20660563
MemTotal:        7561120 kB
MemFree:         3994028 kB
MemAvailable:    5769760 kB
Buffers:            2020 kB
Cached:          2000332 kB
SwapCached:        22620 kB
Active:           397072 kB
Inactive:        1870504 kB
Active(anon):     214904 kB
Inactive(anon):   217364 kB
Active(file):     182168 kB
Inactive(file):  1653140 kB
Unevictable:      165300 kB
Mlocked:          165300 kB
SwapTotal:       4145148 kB
SwapFree:        3509808 kB
Dirty:            114304 kB
Writeback:             0 kB
AnonPages:        428708 kB
Mapped:           316844 kB
Shmem:              2572 kB
Slab:             267884 kB
SReclaimable:      60008 kB
SUnreclaim:       207876 kB
KernelStack:       43296 kB
PageTables:        62900 kB
NFS_Unstable:          0 kB
Bounce:                0 kB
WritebackTmp:          0 kB
CommitLimit:     7925708 kB
Committed_AS:   68417808 kB
VmallocTotal:   263061440 kB
VmallocUsed:      105528 kB
VmallocChunk:          0 kB
Percpu:             2816 kB
CmaTotal:         262144 kB
CmaFree:          107656 kB

END


NEW DATA 1610553623872
usb_current 113210
usb_voltage 5041856
battery_current -1220
battery_voltage 4438112

system status
cpu  4537725 105337 3957906 10839293 3522 197980 67857 0 0 0
cpu0 634908 14542 471527 7401684 1509 53337 12105 0 0 0
cpu1 672347 13956 383164 566406 341 48547 12134 0 0 0
cpu2 527896 2610 305245 563207 204 18489 8892 0 0 0
cpu3 513915 3440 283492 566299 175 18188 9835 0 0 0
cpu4 489640 12759 268067 572643 127 19242 9582 0 0 0
cpu5 495210 14116 256111 545309 207 17301 8388 0 0 0
cpu6 621201 19215 992381 310070 489 11898 3807 0 0 0
cpu7 582605 24694 997915 313671 468 10974 3111 0 0 0
intr 139558467 0 0 0 29001565 0 5158487 0 11 11 588347 115477 0 0 5829993 522 118144 0 0 0 0 0 0 0 0 0 0 0 0 0 0 0 0 0 0 0 0 0 0 23 33 0 0 0 0 0 0 0 0 0 0 0 0 6 0 0 0 0 0 0 0 0 0 0 0 0 0 0 396325 0 0 0 0 0 0 0 0 257262 0 0 0 0 0 0 0 0 0 0 0 0 0 0 0 0 0 0 0 0 1 0 33 0 0 0 0 5 397 4 1 12 0 0 559 86 0 1438957 1213370 0 0 6 1 21282 2158 0 0 0 0 0 0 0 16388 1 799 0 3 0 0 7332 0 0 0 0 1 11 0 0 0 0 75 91 1 0 2 0 2 0 2 0 2 3 0 0 1 0 0 0 0 0 0 0 0 0 0 0 0 0 0 0 0 0 0 0 0 0 0 0 0 0 0 0 0 0 0 0 0 0 0 0 0 0 0 0 0 0 0 0 0 0 0 0 0 0 0 0 0 0 0 0 0 0 0 0 0 0 0 0 0 0 0 0 0 0 0 0 0 0 0 0 0 0 0 0 0 0 0 0 0 0 0 0 0 0 0 0 0 0 0 0 0 0 0 0 0 0 0 5 0 0 0 0 0 0 0 0 0 641 0 0 0 0 0 0 0 0 0 0 0 0 2438 478 0 1368697 0 0 0 25 11481 0 0 0 0 0 0 0 0 0 1 0 1 0 1 0 1 0 1 0 1 0 0 192 0 300771 0 153 0 95 0 0 0 0 0 0 0 0 0 0 0 3 0 4846 0 0 7 0 0 0 0 0 0 0 0 0 0 4 21 0 1 0 0 0 0 0 0 0 0 1 2 0 2 0 3 79 0 0 0 0 0 0 0 0 0 5 0 0 2 0 0 10520 1314 0 166 0 0 0 0 34 0 0 0 63 1325 131 0 0 175 106722 74 2 8 0 0 0 0 0 0 0 0 0 0 0 10480 0 0 1
ctxt 177449353
btime 1610463534
processes 899037
procs_running 2
procs_blocked 0
softirq 56852674 286 27104605 9072 236 455184 0 40471 8582035 0 20660785
MemTotal:        7561120 kB
MemFree:         4060632 kB
MemAvailable:    5766972 kB
Buffers:            2020 kB
Cached:          1930812 kB
SwapCached:        22620 kB
Active:           397528 kB
Inactive:        1800992 kB
Active(anon):     215352 kB
Inactive(anon):   217364 kB
Active(file):     182176 kB
Inactive(file):  1583628 kB
Unevictable:      165300 kB
Mlocked:          165300 kB
SwapTotal:       4145148 kB
SwapFree:        3509808 kB
Dirty:            126556 kB
Writeback:             0 kB
AnonPages:        428752 kB
Mapped:           311788 kB
Shmem:              2572 kB
Slab:             268072 kB
SReclaimable:      60232 kB
SUnreclaim:       207840 kB
KernelStack:       43280 kB
PageTables:        62840 kB
NFS_Unstable:          0 kB
Bounce:                0 kB
WritebackTmp:          0 kB
CommitLimit:     7925708 kB
Committed_AS:   68417436 kB
VmallocTotal:   263061440 kB
VmallocUsed:      105544 kB
VmallocChunk:          0 kB
Percpu:             2816 kB
CmaTotal:         262144 kB
CmaFree:          106360 kB

END


NEW DATA 1610553624222
usb_current 278650
usb_voltage 5050160
battery_current -1220
battery_voltage 4438112

system status
cpu  4537737 105337 3957960 10839482 3523 197985 67859 0 0 0
cpu0 634908 14542 471533 7401706 1510 53340 12106 0 0 0
cpu1 672347 13956 383180 566424 341 48548 12134 0 0 0
cpu2 527900 2610 305255 563226 205 18489 8892 0 0 0
cpu3 513918 3440 283496 566324 175 18188 9835 0 0 0
cpu4 489641 12759 268076 572664 127 19243 9582 0 0 0
cpu5 495214 14116 256121 545327 207 17301 8388 0 0 0
cpu6 621201 19215 992381 310104 489 11898 3807 0 0 0
cpu7 582606 24694 997915 313703 468 10974 3111 0 0 0
intr 139563086 0 0 0 29001941 0 5158512 0 11 11 588381 115480 0 0 5830185 522 118146 0 0 0 0 0 0 0 0 0 0 0 0 0 0 0 0 0 0 0 0 0 0 23 33 0 0 0 0 0 0 0 0 0 0 0 0 6 0 0 0 0 0 0 0 0 0 0 0 0 0 0 396327 0 0 0 0 0 0 0 0 257262 0 0 0 0 0 0 0 0 0 0 0 0 0 0 0 0 0 0 0 0 1 0 33 0 0 0 0 5 397 4 1 12 0 0 559 86 0 1438989 1213401 0 0 6 1 21282 2158 0 0 0 0 0 0 0 16388 1 799 0 3 0 0 7332 0 0 0 0 1 11 0 0 0 0 75 91 1 0 2 0 2 0 2 0 2 3 0 0 1 0 0 0 0 0 0 0 0 0 0 0 0 0 0 0 0 0 0 0 0 0 0 0 0 0 0 0 0 0 0 0 0 0 0 0 0 0 0 0 0 0 0 0 0 0 0 0 0 0 0 0 0 0 0 0 0 0 0 0 0 0 0 0 0 0 0 0 0 0 0 0 0 0 0 0 0 0 0 0 0 0 0 0 0 0 0 0 0 0 0 0 0 0 0 0 0 0 0 0 0 0 0 5 0 0 0 0 0 0 0 0 0 641 0 0 0 0 0 0 0 0 0 0 0 0 2438 478 0 1368697 0 0 0 25 11481 0 0 0 0 0 0 0 0 0 1 0 1 0 1 0 1 0 1 0 1 0 0 192 0 301598 0 153 0 95 0 0 0 0 0 0 0 0 0 0 0 3 0 4846 0 0 7 0 0 0 0 0 0 0 0 0 0 4 21 0 1 0 0 0 0 0 0 0 0 1 2 0 2 0 3 79 0 0 0 0 0 0 0 0 0 5 0 0 2 0 0 10520 1314 0 166 0 0 0 0 34 0 0 0 63 1325 131 0 0 175 106725 74 2 8 0 0 0 0 0 0 0 0 0 0 0 10480 0 0 1
ctxt 177455796
btime 1610463534
processes 899046
procs_running 1
procs_blocked 0
softirq 56853480 286 27104870 9072 236 455196 0 40471 8582308 0 20661041
MemTotal:        7561120 kB
MemFree:         4209932 kB
MemAvailable:    5763840 kB
Buffers:            2020 kB
Cached:          1782572 kB
SwapCached:        22620 kB
Active:           397320 kB
Inactive:        1652912 kB
Active(anon):     215280 kB
Inactive(anon):   217364 kB
Active(file):     182040 kB
Inactive(file):  1435548 kB
Unevictable:      165300 kB
Mlocked:          165300 kB
SwapTotal:       4145148 kB
SwapFree:        3509808 kB
Dirty:            138896 kB
Writeback:             0 kB
AnonPages:        428956 kB
Mapped:           311560 kB
Shmem:              2572 kB
Slab:             267832 kB
SReclaimable:      59992 kB
SUnreclaim:       207840 kB
KernelStack:       43312 kB
PageTables:        62936 kB
NFS_Unstable:          0 kB
Bounce:                0 kB
WritebackTmp:          0 kB
CommitLimit:     7925708 kB
Committed_AS:   68417808 kB
VmallocTotal:   263061440 kB
VmallocUsed:      105512 kB
VmallocChunk:          0 kB
Percpu:             2816 kB
CmaTotal:         262144 kB
CmaFree:          107868 kB

END


NEW DATA 1610553624557
usb_current 98290
usb_voltage 5071968
battery_current -1220
battery_voltage 4438112

system status
cpu  4537751 105341 3957998 10839681 3524 197989 67860 0 0 0
cpu0 634913 14542 471541 7401723 1510 53342 12106 0 0 0
cpu1 672348 13956 383187 566447 341 48549 12134 0 0 0
cpu2 527902 2615 305261 563245 205 18490 8892 0 0 0
cpu3 513920 3440 283503 566347 175 18189 9835 0 0 0
cpu4 489641 12759 268081 572690 127 19243 9582 0 0 0
cpu5 495217 14116 256124 545351 207 17301 8388 0 0 0
cpu6 621201 19215 992381 310138 489 11898 3807 0 0 0
cpu7 582606 24694 997916 313736 468 10974 3111 0 0 0
intr 139567815 0 0 0 29002328 0 5158547 0 11 11 588417 115482 0 0 5830374 522 118146 0 0 0 0 0 0 0 0 0 0 0 0 0 0 0 0 0 0 0 0 0 0 23 33 0 0 0 0 0 0 0 0 0 0 0 0 6 0 0 0 0 0 0 0 0 0 0 0 0 0 0 396329 0 0 0 0 0 0 0 0 257262 0 0 0 0 0 0 0 0 0 0 0 0 0 0 0 0 0 0 0 0 1 0 33 0 0 0 0 5 397 4 1 12 0 0 559 86 0 1439018 1213430 0 0 6 1 21282 2158 0 0 0 0 0 0 0 16388 1 799 0 3 0 0 7332 0 0 0 0 1 11 0 0 0 0 75 91 1 0 2 0 2 0 2 0 2 3 0 0 1 0 0 0 0 0 0 0 0 0 0 0 0 0 0 0 0 0 0 0 0 0 0 0 0 0 0 0 0 0 0 0 0 0 0 0 0 0 0 0 0 0 0 0 0 0 0 0 0 0 0 0 0 0 0 0 0 0 0 0 0 0 0 0 0 0 0 0 0 0 0 0 0 0 0 0 0 0 0 0 0 0 0 0 0 0 0 0 0 0 0 0 0 0 0 0 0 0 0 0 0 0 0 5 0 0 0 0 0 0 0 0 0 641 0 0 0 0 0 0 0 0 0 0 0 0 2438 478 0 1368697 0 0 0 25 11481 0 0 0 0 0 0 0 0 0 1 0 1 0 1 0 1 0 1 0 1 0 0 192 0 302431 0 153 0 95 0 0 0 0 0 0 0 0 0 0 0 3 0 4846 0 0 7 0 0 0 0 0 0 0 0 0 0 4 21 0 1 0 0 0 0 0 0 0 0 1 2 0 2 0 3 79 0 0 0 0 0 0 0 0 0 5 0 0 2 0 0 10520 1314 0 166 0 0 0 0 34 0 0 0 63 1325 131 0 0 175 106727 74 2 8 0 0 0 0 0 0 0 0 0 0 0 10480 0 0 1
ctxt 177462153
btime 1610463534
processes 899055
procs_running 1
procs_blocked 0
softirq 56854243 286 27105121 9072 236 455210 0 40471 8582568 0 20661279
MemTotal:        7561120 kB
MemFree:         4234564 kB
MemAvailable:    5770744 kB
Buffers:            2020 kB
Cached:          1760436 kB
SwapCached:        22620 kB
Active:           397404 kB
Inactive:        1630956 kB
Active(anon):     215256 kB
Inactive(anon):   217364 kB
Active(file):     182148 kB
Inactive(file):  1413592 kB
Unevictable:      165300 kB
Mlocked:          165300 kB
SwapTotal:       4145148 kB
SwapFree:        3509808 kB
Dirty:            151716 kB
Writeback:             0 kB
AnonPages:        429040 kB
Mapped:           311256 kB
Shmem:              2572 kB
Slab:             267920 kB
SReclaimable:      60072 kB
SUnreclaim:       207848 kB
KernelStack:       43312 kB
PageTables:        62948 kB
NFS_Unstable:          0 kB
Bounce:                0 kB
WritebackTmp:          0 kB
CommitLimit:     7925708 kB
Committed_AS:   68416088 kB
VmallocTotal:   263061440 kB
VmallocUsed:      105512 kB
VmallocChunk:          0 kB
Percpu:             2816 kB
CmaTotal:         262144 kB
CmaFree:          106612 kB

END


NEW DATA 1610553624884
usb_current 232915
usb_voltage 5067808
battery_current -1220
battery_voltage 4438112

system status
cpu  4537767 105341 3958045 10839875 3525 197994 67861 0 0 0
cpu0 634915 14542 471550 7401740 1510 53345 12106 0 0 0
cpu1 672351 13956 383194 566469 341 48550 12134 0 0 0
cpu2 527904 2615 305270 563269 205 18490 8892 0 0 0
cpu3 513927 3440 283508 566367 175 18189 9835 0 0 0
cpu4 489643 12759 268091 572711 127 19243 9582 0 0 0
cpu5 495217 14116 256131 545374 207 17302 8389 0 0 0
cpu6 621201 19215 992381 310172 489 11898 3807 0 0 0
cpu7 582607 24694 997917 313769 468 10974 3111 0 0 0
intr 139572474 0 0 0 29002716 0 5158592 0 11 11 588454 115484 0 0 5830562 522 118148 0 0 0 0 0 0 0 0 0 0 0 0 0 0 0 0 0 0 0 0 0 0 23 33 0 0 0 0 0 0 0 0 0 0 0 0 6 0 0 0 0 0 0 0 0 0 0 0 0 0 0 396333 0 0 0 0 0 0 0 0 257267 0 0 0 0 0 0 0 0 0 0 0 0 0 0 0 0 0 0 0 0 1 0 33 0 0 0 0 5 397 4 1 12 0 0 559 86 0 1439046 1213459 0 0 6 1 21282 2158 0 0 0 0 0 0 0 16388 1 799 0 3 0 0 7332 0 0 0 0 1 11 0 0 0 0 75 91 1 0 2 0 2 0 2 0 2 3 0 0 1 0 0 0 0 0 0 0 0 0 0 0 0 0 0 0 0 0 0 0 0 0 0 0 0 0 0 0 0 0 0 0 0 0 0 0 0 0 0 0 0 0 0 0 0 0 0 0 0 0 0 0 0 0 0 0 0 0 0 0 0 0 0 0 0 0 0 0 0 0 0 0 0 0 0 0 0 0 0 0 0 0 0 0 0 0 0 0 0 0 0 0 0 0 0 0 0 0 0 0 0 0 0 5 0 0 0 0 0 0 0 0 0 641 0 0 0 0 0 0 0 0 0 0 0 0 2438 478 0 1368697 0 0 0 25 11481 0 0 0 0 0 0 0 0 0 1 0 1 0 1 0 1 0 1 0 1 0 0 192 0 303285 0 153 0 95 0 0 0 0 0 0 0 0 0 0 0 3 0 4846 0 0 7 0 0 0 0 0 0 0 0 0 0 4 21 0 1 0 0 0 0 0 0 0 0 1 2 0 2 0 3 79 0 0 0 0 0 0 0 0 0 5 0 0 2 0 0 10520 1314 0 166 0 0 0 0 34 0 0 0 63 1325 131 0 0 175 106729 74 2 8 0 0 0 0 0 0 0 0 0 0 0 10480 0 0 1
ctxt 177468647
btime 1610463534
processes 899064
procs_running 2
procs_blocked 0
softirq 56855093 286 27105397 9072 236 455225 0 40471 8582861 0 20661545
MemTotal:        7561120 kB
MemFree:         4358632 kB
MemAvailable:    5760728 kB
Buffers:            2020 kB
Cached:          1634420 kB
SwapCached:        22620 kB
Active:           397488 kB
Inactive:        1504960 kB
Active(anon):     215204 kB
Inactive(anon):   217364 kB
Active(file):     182284 kB
Inactive(file):  1287596 kB
Unevictable:      165300 kB
Mlocked:          165300 kB
SwapTotal:       4145148 kB
SwapFree:        3509808 kB
Dirty:            164000 kB
Writeback:             0 kB
AnonPages:        428820 kB
Mapped:           309028 kB
Shmem:              2572 kB
Slab:             267824 kB
SReclaimable:      60008 kB
SUnreclaim:       207816 kB
KernelStack:       43296 kB
PageTables:        62900 kB
NFS_Unstable:          0 kB
Bounce:                0 kB
WritebackTmp:          0 kB
CommitLimit:     7925708 kB
Committed_AS:   68417836 kB
VmallocTotal:   263061440 kB
VmallocUsed:      105512 kB
VmallocChunk:          0 kB
Percpu:             2816 kB
CmaTotal:         262144 kB
CmaFree:          107420 kB

END


NEW DATA 1610553625227
usb_current 207285
usb_voltage 5059504
battery_current -1220
battery_voltage 4438112

system status
cpu  4537779 105341 3958095 10840058 3526 197998 67862 0 0 0
cpu0 634915 14542 471562 7401757 1510 53348 12106 0 0 0
cpu1 672354 13956 383200 566489 342 48551 12135 0 0 0
cpu2 527907 2615 305278 563291 205 18490 8892 0 0 0
cpu3 513930 3440 283514 566388 175 18189 9835 0 0 0
cpu4 489644 12759 268098 572732 127 19243 9582 0 0 0
cpu5 495220 14116 256140 545392 207 17302 8389 0 0 0
cpu6 621201 19215 992381 310205 489 11898 3807 0 0 0
cpu7 582607 24694 997918 313800 468 10974 3111 0 0 0
intr 139577026 0 0 0 29003113 0 5158640 0 11 11 588484 115486 0 0 5830747 522 118148 0 0 0 0 0 0 0 0 0 0 0 0 0 0 0 0 0 0 0 0 0 0 23 33 0 0 0 0 0 0 0 0 0 0 0 0 6 0 0 0 0 0 0 0 0 0 0 0 0 0 0 396335 0 0 0 0 0 0 0 0 257267 0 0 0 0 0 0 0 0 0 0 0 0 0 0 0 0 0 0 0 0 1 0 33 0 0 0 0 5 397 4 1 12 0 0 559 86 0 1439078 1213490 0 0 6 1 21282 2158 0 0 0 0 0 0 0 16388 1 799 0 3 0 0 7332 0 0 0 0 1 11 0 0 0 0 75 91 1 0 2 0 2 0 2 0 2 3 0 0 1 0 0 0 0 0 0 0 0 0 0 0 0 0 0 0 0 0 0 0 0 0 0 0 0 0 0 0 0 0 0 0 0 0 0 0 0 0 0 0 0 0 0 0 0 0 0 0 0 0 0 0 0 0 0 0 0 0 0 0 0 0 0 0 0 0 0 0 0 0 0 0 0 0 0 0 0 0 0 0 0 0 0 0 0 0 0 0 0 0 0 0 0 0 0 0 0 0 0 0 0 0 0 5 0 0 0 0 0 0 0 0 0 641 0 0 0 0 0 0 0 0 0 0 0 0 2438 478 0 1368697 0 0 0 25 11481 0 0 0 0 0 0 0 0 0 1 0 1 0 1 0 1 0 1 0 1 0 0 192 0 304082 0 153 0 95 0 0 0 0 0 0 0 0 0 0 0 3 0 4846 0 0 7 0 0 0 0 0 0 0 0 0 0 4 21 0 1 0 0 0 0 0 0 0 0 1 2 0 2 0 3 79 0 0 0 0 0 0 0 0 0 5 0 0 2 0 0 10520 1314 0 166 0 0 0 0 34 0 0 0 63 1325 131 0 0 175 106731 74 2 8 0 0 0 0 0 0 0 0 0 0 0 10480 0 0 1
ctxt 177475044
btime 1610463534
processes 899073
procs_running 1
procs_blocked 0
softirq 56855903 286 27105654 9072 236 455235 0 40471 8583142 0 20661807
MemTotal:        7561120 kB
MemFree:         4504644 kB
MemAvailable:    5761172 kB
Buffers:            2020 kB
Cached:          1489160 kB
SwapCached:        22620 kB
Active:           397392 kB
Inactive:        1359428 kB
Active(anon):     215152 kB
Inactive(anon):   217364 kB
Active(file):     182240 kB
Inactive(file):  1142064 kB
Unevictable:      165300 kB
Mlocked:          165300 kB
SwapTotal:       4145148 kB
SwapFree:        3509808 kB
Dirty:            176352 kB
Writeback:             0 kB
AnonPages:        428912 kB
Mapped:           309028 kB
Shmem:              2572 kB
Slab:             267880 kB
SReclaimable:      59992 kB
SUnreclaim:       207888 kB
KernelStack:       43312 kB
PageTables:        62948 kB
NFS_Unstable:          0 kB
Bounce:                0 kB
WritebackTmp:          0 kB
CommitLimit:     7925708 kB
Committed_AS:   68418896 kB
VmallocTotal:   263061440 kB
VmallocUsed:      105512 kB
VmallocChunk:          0 kB
Percpu:             2816 kB
CmaTotal:         262144 kB
CmaFree:          107108 kB

END


NEW DATA 1610553625562
usb_current 100885
usb_voltage 5068848
battery_current -1220
battery_voltage 4438112

system status
cpu  4537798 105341 3958142 10840242 3527 198003 67863 0 0 0
cpu0 634915 14542 471571 7401776 1510 53350 12107 0 0 0
cpu1 672359 13956 383207 566506 342 48552 12135 0 0 0
cpu2 527907 2615 305284 563314 205 18490 8892 0 0 0
cpu3 513933 3440 283520 566409 175 18189 9836 0 0 0
cpu4 489650 12759 268107 572751 127 19244 9583 0 0 0
cpu5 495222 14116 256150 545413 207 17302 8389 0 0 0
cpu6 621201 19215 992381 310238 489 11898 3807 0 0 0
cpu7 582608 24694 997918 313832 468 10974 3111 0 0 0
intr 139581436 0 0 0 29003503 0 5158678 0 11 11 588512 115488 0 0 5830933 522 118149 0 0 0 0 0 0 0 0 0 0 0 0 0 0 0 0 0 0 0 0 0 0 23 33 0 0 0 0 0 0 0 0 0 0 0 0 6 0 0 0 0 0 0 0 0 0 0 0 0 0 0 396337 0 0 0 0 0 0 0 0 257267 0 0 0 0 0 0 0 0 0 0 0 0 0 0 0 0 0 0 0 0 1 0 33 0 0 0 0 5 397 4 1 12 0 0 559 86 0 1439110 1213521 0 0 6 1 21282 2158 0 0 0 0 0 0 0 16388 1 799 0 3 0 0 7332 0 0 0 0 1 11 0 0 0 0 75 91 1 0 2 0 2 0 2 0 2 3 0 0 1 0 0 0 0 0 0 0 0 0 0 0 0 0 0 0 0 0 0 0 0 0 0 0 0 0 0 0 0 0 0 0 0 0 0 0 0 0 0 0 0 0 0 0 0 0 0 0 0 0 0 0 0 0 0 0 0 0 0 0 0 0 0 0 0 0 0 0 0 0 0 0 0 0 0 0 0 0 0 0 0 0 0 0 0 0 0 0 0 0 0 0 0 0 0 0 0 0 0 0 0 0 0 5 0 0 0 0 0 0 0 0 0 641 0 0 0 0 0 0 0 0 0 0 0 0 2438 478 0 1368697 0 0 0 25 11481 0 0 0 0 0 0 0 0 0 1 0 1 0 1 0 1 0 1 0 1 0 0 192 0 304895 0 153 0 95 0 0 0 0 0 0 0 0 0 0 0 3 0 4846 0 0 7 0 0 0 0 0 0 0 0 0 0 4 21 0 1 0 0 0 0 0 0 0 0 1 2 0 2 0 3 79 0 0 0 0 0 0 0 0 0 5 0 0 2 0 0 10520 1314 0 166 0 0 0 0 34 0 0 0 63 1325 131 0 0 175 106733 74 2 8 0 0 0 0 0 0 0 0 0 0 0 10480 0 0 1
ctxt 177481334
btime 1610463534
processes 899082
procs_running 4
procs_blocked 0
softirq 56856654 286 27105899 9072 236 455247 0 40471 8583402 0 20662041
MemTotal:        7561120 kB
MemFree:         4602324 kB
MemAvailable:    5771964 kB
Buffers:            2020 kB
Cached:          1394136 kB
SwapCached:        22620 kB
Active:           397632 kB
Inactive:        1264324 kB
Active(anon):     215368 kB
Inactive(anon):   217364 kB
Active(file):     182264 kB
Inactive(file):  1046960 kB
Unevictable:      165300 kB
Mlocked:          165300 kB
SwapTotal:       4145148 kB
SwapFree:        3509808 kB
Dirty:            188048 kB
Writeback:             0 kB
AnonPages:        428696 kB
Mapped:           309148 kB
Shmem:              2572 kB
Slab:             267884 kB
SReclaimable:      59992 kB
SUnreclaim:       207892 kB
KernelStack:       43340 kB
PageTables:        62860 kB
NFS_Unstable:          0 kB
Bounce:                0 kB
WritebackTmp:          0 kB
CommitLimit:     7925708 kB
Committed_AS:   68417464 kB
VmallocTotal:   263061440 kB
VmallocUsed:      105560 kB
VmallocChunk:          0 kB
Percpu:             2816 kB
CmaTotal:         262144 kB
CmaFree:          106936 kB

END


NEW DATA 1610553625894
usb_current 265350
usb_voltage 5023168
battery_current -1220
battery_voltage 4438112

system status
cpu  4537814 105341 3958187 10840432 3529 198007 67864 0 0 0
cpu0 634919 14542 471579 7401794 1511 53353 12107 0 0 0
cpu1 672363 13956 383215 566525 343 48553 12135 0 0 0
cpu2 527909 2615 305293 563335 205 18490 8892 0 0 0
cpu3 513933 3440 283526 566433 175 18189 9836 0 0 0
cpu4 489650 12759 268111 572777 127 19244 9583 0 0 0
cpu5 495229 14116 256160 545428 207 17303 8389 0 0 0
cpu6 621201 19215 992381 310272 489 11898 3807 0 0 0
cpu7 582608 24694 997919 313864 468 10974 3111 0 0 0
intr 139585652 0 0 0 29003916 0 5158707 0 11 11 588560 115490 0 0 5831121 522 118149 0 0 0 0 0 0 0 0 0 0 0 0 0 0 0 0 0 0 0 0 0 0 23 33 0 0 0 0 0 0 0 0 0 0 0 0 6 0 0 0 0 0 0 0 0 0 0 0 0 0 0 396339 0 0 0 0 0 0 0 0 257267 0 0 0 0 0 0 0 0 0 0 0 0 0 0 0 0 0 0 0 0 1 0 33 0 0 0 0 5 397 4 1 12 0 0 559 86 0 1439134 1213550 0 0 6 1 21282 2158 0 0 0 0 0 0 0 16388 1 799 0 3 0 0 7332 0 0 0 0 1 11 0 0 0 0 75 91 1 0 2 0 2 0 2 0 2 3 0 0 1 0 0 0 0 0 0 0 0 0 0 0 0 0 0 0 0 0 0 0 0 0 0 0 0 0 0 0 0 0 0 0 0 0 0 0 0 0 0 0 0 0 0 0 0 0 0 0 0 0 0 0 0 0 0 0 0 0 0 0 0 0 0 0 0 0 0 0 0 0 0 0 0 0 0 0 0 0 0 0 0 0 0 0 0 0 0 0 0 0 0 0 0 0 0 0 0 0 0 0 0 0 0 5 0 0 0 0 0 0 0 0 0 641 0 0 0 0 0 0 0 0 0 0 0 0 2438 478 0 1368697 0 0 0 25 11482 0 0 0 0 0 0 0 0 0 1 0 1 0 1 0 1 0 1 0 1 0 0 192 0 305601 0 153 0 95 0 0 0 0 0 0 0 0 0 0 0 3 0 4847 0 0 7 0 0 0 0 0 0 0 0 0 0 4 21 0 1 0 0 0 0 0 0 0 0 1 2 0 2 0 3 79 0 0 0 0 0 0 0 0 0 5 0 0 2 0 0 10520 1314 0 166 0 0 0 0 34 0 0 0 63 1325 131 0 0 175 106735 74 2 8 0 0 0 0 0 0 0 0 0 0 0 10480 0 0 1
ctxt 177487448
btime 1610463534
processes 899091
procs_running 4
procs_blocked 0
softirq 56857436 286 27106155 9072 236 455273 0 40471 8583662 0 20662281
MemTotal:        7561120 kB
MemFree:         4752156 kB
MemAvailable:    5747328 kB
Buffers:            2020 kB
Cached:          1240296 kB
SwapCached:        22620 kB
Active:           398072 kB
Inactive:        1110344 kB
Active(anon):     215776 kB
Inactive(anon):   217364 kB
Active(file):     182296 kB
Inactive(file):   892980 kB
Unevictable:      165300 kB
Mlocked:          165300 kB
SwapTotal:       4145148 kB
SwapFree:        3509808 kB
Dirty:            198280 kB
Writeback:             8 kB
AnonPages:        429108 kB
Mapped:           309244 kB
Shmem:              2572 kB
Slab:             267784 kB
SReclaimable:      59912 kB
SUnreclaim:       207872 kB
KernelStack:       43372 kB
PageTables:        62964 kB
NFS_Unstable:          0 kB
Bounce:                0 kB
WritebackTmp:          0 kB
CommitLimit:     7925708 kB
Committed_AS:   68416088 kB
VmallocTotal:   263061440 kB
VmallocUsed:      105512 kB
VmallocChunk:          0 kB
Percpu:             2816 kB
CmaTotal:         262144 kB
CmaFree:          106824 kB

END


NEW DATA 1610553626227
usb_current 326340
usb_voltage 5047056
battery_current -1220
battery_voltage 4438112

system status
cpu  4537831 105341 3958248 10840616 3530 198012 67866 0 0 0
cpu0 634924 14542 471588 7401809 1511 53355 12107 0 0 0
cpu1 672365 13956 383223 566547 343 48554 12136 0 0 0
cpu2 527911 2615 305301 563360 205 18490 8892 0 0 0
cpu3 513939 3440 283540 566448 175 18190 9836 0 0 0
cpu4 489652 12759 268118 572800 127 19244 9583 0 0 0
cpu5 495229 14116 256175 545446 208 17303 8390 0 0 0
cpu6 621201 19215 992381 310306 489 11898 3807 0 0 0
cpu7 582609 24694 997920 313897 468 10974 3111 0 0 0
intr 139590675 0 0 0 29004369 0 5158728 0 11 11 588599 115492 0 0 5831338 522 118150 0 0 0 0 0 0 0 0 0 0 0 0 0 0 0 0 0 0 0 0 0 0 23 33 0 0 0 0 0 0 0 0 0 0 0 0 6 0 0 0 0 0 0 0 0 0 0 0 0 0 0 396341 0 0 0 0 0 0 0 0 257267 0 0 0 0 0 0 0 0 0 0 0 0 0 0 0 0 0 0 0 0 1 0 33 0 0 0 0 5 397 4 1 12 0 0 559 86 0 1439161 1213575 0 0 6 1 21282 2158 0 0 0 0 0 0 0 16388 1 799 0 3 0 0 7332 0 0 0 0 1 11 0 0 0 0 75 91 1 0 2 0 2 0 2 0 2 3 0 0 1 0 0 0 0 0 0 0 0 0 0 0 0 0 0 0 0 0 0 0 0 0 0 0 0 0 0 0 0 0 0 0 0 0 0 0 0 0 0 0 0 0 0 0 0 0 0 0 0 0 0 0 0 0 0 0 0 0 0 0 0 0 0 0 0 0 0 0 0 0 0 0 0 0 0 0 0 0 0 0 0 0 0 0 0 0 0 0 0 0 0 0 0 0 0 0 0 0 0 0 0 0 0 5 0 0 0 0 0 0 0 0 0 641 0 0 0 0 0 0 0 0 0 0 0 0 2438 478 0 1368697 0 0 0 25 11482 0 0 0 0 0 0 0 0 0 1 0 1 0 1 0 1 0 1 0 1 0 0 192 0 306464 0 153 0 95 0 0 0 0 0 0 0 0 0 0 0 3 0 4847 0 0 7 0 0 0 0 0 0 0 0 0 0 4 21 0 1 0 0 0 0 0 0 0 0 1 2 0 2 0 3 79 0 0 0 0 0 0 0 0 0 5 0 0 2 0 0 10520 1314 0 166 0 0 0 0 34 0 0 0 63 1325 131 0 0 175 106737 74 2 8 0 0 0 0 0 0 0 0 0 0 0 10480 0 0 1
ctxt 177494780
btime 1610463534
processes 899100
procs_running 3
procs_blocked 0
softirq 56858299 286 27106440 9072 236 455288 0 40471 8583950 0 20662556
MemTotal:        7561120 kB
MemFree:         5042060 kB
MemAvailable:    5768208 kB
Buffers:            2020 kB
Cached:           951252 kB
SwapCached:        22620 kB
Active:           396228 kB
Inactive:         820860 kB
Active(anon):     213936 kB
Inactive(anon):   217364 kB
Active(file):     182292 kB
Inactive(file):   603496 kB
Unevictable:      165300 kB
Mlocked:          165300 kB
SwapTotal:       4145148 kB
SwapFree:        3509808 kB
Dirty:            211728 kB
Writeback:             8 kB
AnonPages:        427984 kB
Mapped:           308280 kB
Shmem:              2572 kB
Slab:             267780 kB
SReclaimable:      59912 kB
SUnreclaim:       207868 kB
KernelStack:       43388 kB
PageTables:        63016 kB
NFS_Unstable:          0 kB
Bounce:                0 kB
WritebackTmp:          0 kB
CommitLimit:     7925708 kB
Committed_AS:   68417148 kB
VmallocTotal:   263061440 kB
VmallocUsed:      105496 kB
VmallocChunk:          0 kB
Percpu:             2816 kB
CmaTotal:         262144 kB
CmaFree:          107924 kB

END


NEW DATA 1610553626586
usb_current 302660
usb_voltage 5055360
battery_current -1220
battery_voltage 4438112

system status
cpu  4537850 105341 3958308 10840815 3530 198017 67867 0 0 0
cpu0 634925 14542 471599 7401832 1511 53358 12107 0 0 0
cpu1 672367 13956 383233 566569 343 48555 12136 0 0 0
cpu2 527914 2615 305312 563381 205 18491 8892 0 0 0
cpu3 513945 3440 283549 566466 175 18190 9836 0 0 0
cpu4 489654 12759 268127 572824 128 19245 9584 0 0 0
cpu5 495231 14116 256183 545468 208 17303 8390 0 0 0
cpu6 621201 19215 992381 310342 489 11898 3807 0 0 0
cpu7 582609 24694 997920 313931 468 10974 3111 0 0 0
